2025-09-11 21:38:45 - [INFO] - Logger berhasil dikonfigurasi. Memulai aplikasi...
2025-09-11 21:38:45 - [INFO] - Running in development mode
2025-09-11 21:38:45 - [INFO] - [DEBUG] Starting TELPLASTINA...
2025-09-11 21:38:46 - [INFO] - [UI] Application icon loaded: assets\icon.ico
2025-09-11 21:38:46 - [INFO] - [UI] Poppins font applied
2025-09-11 21:38:46 - [INFO] - [DEBUG] TELPLASTINA application created and configured
2025-09-11 21:38:46 - [INFO] - [DEBUG] Starting session with 100ms delay...
2025-09-11 21:38:46 - [INFO] - [DEBUG] === Starting new session ===
2025-09-11 21:38:46 - [INFO] - [DEBUG] Development mode - creating dialog immediately
2025-09-11 21:38:46 - [INFO] - [DEBUG] Creating doctor selection dialog (attempt 1/3)...
2025-09-11 21:38:48 - [INFO] - [PATHS] Found YOLO model at: F:\projek dosen\prototype riset\hotspot-analyzer\models\hotspot_detection\models\model_detection_hs_yolov8.pt
2025-09-11 21:38:48 - [INFO] - [DEBUG] Dialog class imported successfully
2025-09-11 21:38:49 - [INFO] - [DEBUG] Dialog instance created successfully
2025-09-11 21:38:49 - [INFO] - [DEBUG] Dialog window properties set
2025-09-11 21:38:49 - [INFO] - [DEBUG] Showing dialog to user...
2025-09-11 21:38:49 - [INFO] - [DEBUG] Dialog shown successfully
2025-09-11 21:38:49 - [INFO] - [DEBUG] Waiting for user input...
2025-09-11 21:39:05 - [INFO] - [SESSION] Created session: HAH_Planar_20250911_213905
2025-09-11 21:39:05 - [INFO] - [SESSION] Created: HAH_Planar_20250911_213905
2025-09-11 21:39:05 - [INFO] - [DEBUG] Dialog execution completed with result: 1
2025-09-11 21:39:05 - [INFO] - [DEBUG] Quick close detected: False
2025-09-11 21:39:05 - [INFO] - [DEBUG] Session selected - Code: HAH, Modality: Planar
2025-09-11 21:39:05 - [INFO] - [DEBUG] Data directory confirmed: data
2025-09-11 21:39:05 - [INFO] - [DEBUG] Starting PLANAR session with code: HAH
2025-09-11 21:39:05 - [INFO] - [DEBUG] Creating main window for session: HAH
2025-09-11 21:39:22 - [INFO] - [ERROR] Failed to create main window: cannot import name 'cleanup_yolo_model' from 'features.spect_viewer.logic.model_cleanup' (F:\projek dosen\prototype riset\hotspot-analyzer\features\spect_viewer\logic\model_cleanup.py)
2025-09-11 21:39:22 - [INFO] - [ERROR] Traceback: Traceback (most recent call last):
  File "F:\projek dosen\prototype riset\hotspot-analyzer\app\__main__.py", line 607, in create_main_window
    from features.spect_viewer.gui.main_window_spect import MainWindowSpect
  File "F:\projek dosen\prototype riset\hotspot-analyzer\features\spect_viewer\gui\main_window_spect.py", line 44, in <module>
    from features.spect_viewer.logic.processing_wrapper import run_yolo_detection_for_patient, run_hotspot_processing_in_process
  File "F:\projek dosen\prototype riset\hotspot-analyzer\features\spect_viewer\logic\processing_wrapper.py", line 42, in <module>
    from .box_detection import run_yolo_detection_for_patient
  File "F:\projek dosen\prototype riset\hotspot-analyzer\features\spect_viewer\logic\box_detection.py", line 36, in <module>
    from .model_cleanup import safe_inference, memory_monitor, cleanup_yolo_model
ImportError: cannot import name 'cleanup_yolo_model' from 'features.spect_viewer.logic.model_cleanup' (F:\projek dosen\prototype riset\hotspot-analyzer\features\spect_viewer\logic\model_cleanup.py)

2025-09-11 21:40:10 - [INFO] - [ERROR] Failed to create main window - retrying session
2025-09-11 21:40:10 - [INFO] - [DEBUG] Application exited with code: 0
2025-09-11 21:40:10 - [INFO] - Aplikasi terminated normally
