2025-09-10 00:25:08 - [INFO] - Logger berhasil dikonfigurasi. Memulai aplikasi...
2025-09-10 00:25:08 - [INFO] - [DEBUG] Running in development mode
2025-09-10 00:25:08 - [INFO] - [DEBUG] Starting TELPLASTINA...
2025-09-10 00:25:08 - [INFO] - [UI] Application icon loaded: assets\icon.ico
2025-09-10 00:25:08 - [INFO] - [UI] Poppins font applied
2025-09-10 00:25:08 - [INFO] - [DEBUG] TELPLASTINA application created and configured
2025-09-10 00:25:08 - [INFO] - [DEBUG] Starting session with 100ms delay...
2025-09-10 00:25:08 - [INFO] - [DEBUG] === Starting new session ===
2025-09-10 00:25:08 - [INFO] - [DEBUG] Development mode - creating dialog immediately
2025-09-10 00:25:08 - [INFO] - [DEBUG] Creating doctor selection dialog (attempt 1/3)...
2025-09-10 00:25:08 - [INFO] - [PATHS] Found YOLO model at: F:\projek dosen\prototype riset\hotspot-analyzer\models\hotspot_detection\models\model_detection_hs_yolov8.pt
2025-09-10 00:25:08 - [INFO] - [DEBUG] Dialog class imported successfully
2025-09-10 00:25:09 - [INFO] - [DEBUG] Dialog instance created successfully
2025-09-10 00:25:10 - [INFO] - [DEBUG] Dialog window properties set
2025-09-10 00:25:10 - [INFO] - [DEBUG] Showing dialog to user...
2025-09-10 00:25:10 - [INFO] - [DEBUG] Dialog shown successfully
2025-09-10 00:25:10 - [INFO] - [DEBUG] Waiting for user input...
2025-09-10 00:25:11 - [INFO] - [SESSION] Created session: NSY_Planar_20250910_002511
2025-09-10 00:25:11 - [INFO] - [SESSION] Created: NSY_Planar_20250910_002511
2025-09-10 00:25:11 - [INFO] - [DEBUG] Dialog execution completed with result: 1
2025-09-10 00:25:11 - [INFO] - [DEBUG] Quick close detected: False
2025-09-10 00:25:11 - [INFO] - [DEBUG] Session selected - Code: NSY, Modality: Planar
2025-09-10 00:25:11 - [INFO] - [DEBUG] Data directory confirmed: data
2025-09-10 00:25:11 - [INFO] - [DEBUG] Starting PLANAR session with code: NSY
2025-09-10 00:25:11 - [INFO] - [DEBUG] Creating main window for session: NSY
2025-09-10 00:25:15 - [INFO] - [YOLO] Module loaded - model will be loaded on-demand
2025-09-10 00:25:15 - [INFO] - [DEBUG] session_code in MainWindow = NSY
2025-09-10 00:25:15 - [INFO] - [DEBUG] Timeline keyboard shortcuts enabled: Ctrl+/- for zoom, Ctrl+0 for reset
2025-09-10 00:25:15 - [INFO] - [DEBUG] Connecting invert checkbox...
2025-09-10 00:25:15 - [INFO] - [DEBUG] Testing checkbox connection...
2025-09-10 00:25:15 - [INFO] - [DEBUG] Timeline widget exists: True
2025-09-10 00:25:15 - [INFO] - [DEBUG] Timeline widget type: <class 'features.spect_viewer.gui.scan_timeline.ScanTimelineWidget'>
2025-09-10 00:25:15 - [INFO] - [DEBUG] Invert checkbox created and connected
2025-09-10 00:25:16 - [INFO] - [MainWindow]   Global keyboard shortcuts setup complete
2025-09-10 00:25:16 - [INFO] - [MainWindow] Syncing view 'Anterior' across all components
2025-09-10 00:25:16 - [INFO] - [DEBUG] set_active_view called with 'Anterior', but is now ignored.
2025-09-10 00:25:16 - [INFO] - [MainWindow]   View sync completed
2025-09-10 00:25:16 - [INFO] - [MainWindow]   Complete integration initialization finished
2025-09-10 00:25:16 - [INFO] - [DEBUG] Starting folder scan for session: NSY
2025-09-10 00:25:16 - [INFO] - Ditemukan 7 file DICOM di 'F:\projek dosen\prototype riset\hotspot-analyzer\data\PLANAR'
2025-09-10 00:25:16 - [INFO] - Ditemukan 4 session, 7 pasien (total 7 file DICOM).
2025-09-10 00:25:16 - [INFO] - ALL: 1 pasien, 1 file
2025-09-10 00:25:16 - [INFO] - ATL: 4 pasien, 4 file
2025-09-10 00:25:16 - [INFO] - NBL: 1 pasien, 1 file
2025-09-10 00:25:16 - [INFO] - NSY: 1 pasien, 1 file
2025-09-10 00:25:16 - [INFO] - [DEBUG] Found 4 total sessions: ['ALL', 'ATL', 'NBL', 'NSY']
2025-09-10 00:25:16 - [INFO] - [DEBUG] Filtered to session NSY: 1 patients
2025-09-10 00:25:16 - [INFO] - [DEBUG] Added 1 patients to combo box for session NSY
2025-09-10 00:25:16 - [INFO] - [DEBUG] display_timeline called with 0 scan(s), focusing on index = -1
2025-09-10 00:25:16 - [INFO] - [DEBUG] Rebuilding timeline for active scan index: -1
2025-09-10 00:25:16 - [INFO] - [BSI SIDE PANEL] Clearing all patient data...
2025-09-10 00:25:16 - [INFO] - [DEBUG] Folder scan completed
2025-09-10 00:25:16 - [INFO] - [DEBUG] Main window created successfully for session: NSY
2025-09-10 00:25:16 - [INFO] - [DEBUG] Main window created successfully
2025-09-10 00:25:16 - [INFO] - [DEBUG] Logout signal connected
2025-09-10 00:25:16 - [INFO] - [DEBUG] Main window displayed
2025-09-10 00:25:16 - [INFO] - [DEBUG] Active windows count: 1
2025-09-10 00:25:17 - [INFO] - [TEST] Testing invert connection...
2025-09-10 00:25:17 - [INFO] - [TEST] Timeline widget exists: True
2025-09-10 00:25:17 - [INFO] - [TEST] Checkbox exists: True
2025-09-10 00:25:17 - [INFO] - [TEST] Current checkbox state: False
2025-09-10 00:25:17 - [INFO] - [DEBUG] === INVERT CHECKBOX CHANGED ===
2025-09-10 00:25:17 - [INFO] - [DEBUG] Checkbox state: 2, isChecked(): True
2025-09-10 00:25:17 - [INFO] - [DEBUG] Invert flag changed: False -> True
2025-09-10 00:25:17 - [INFO] - [DEBUG] Calling timeline_widget.set_invert_original(True)
2025-09-10 00:25:17 - [INFO] - [DEBUG] set_invert_original called: True (current: False)
2025-09-10 00:25:17 - [INFO] - [CACHE CLEAR] Cleared 0 layer cache entries
2025-09-10 00:25:17 - [INFO] - [CACHE CLEAR] Cleared zoom cache (0 labels)
2025-09-10 00:25:17 - [INFO] - [DEBUG] Cleared layer cache due to invert change
2025-09-10 00:25:17 - [INFO] - [DEBUG] No scans loaded, rebuild skipped
2025-09-10 00:25:17 - [INFO] - [DEBUG]   Timeline invert method called successfully
2025-09-10 00:25:17 - [INFO] - [TEST] Toggled checkbox to: True
2025-09-10 00:25:19 - [INFO] - [DEBUG] item activated → ID: 0001158915 (NSY) @ index 0
2025-09-10 00:25:19 - [INFO] - [DEBUG] item activated → ID: 0001158915 (NSY)
2025-09-10 00:25:19 - [INFO] - 
2025-09-10 00:25:19 - [INFO] - [DEBUG SELECT GANTENG] ===================
2025-09-10 00:25:19 - [INFO] - [DEBUG SELECT] Patient selected: ID: 0001158915 (NSY)
2025-09-10 00:25:19 - [INFO] - [DEBUG SELECT] Parsed - Patient: 0001158915, Session: NSY
2025-09-10 00:25:19 - [INFO] - [DEBUG SELECT] Patient path from paths.py: F:\projek dosen\prototype riset\hotspot-analyzer\data\PLANAR\NSY\0001158915
2025-09-10 00:25:19 - [INFO] - [DEBUG SELECT] Patient path exists: True
2025-09-10 00:25:19 - [INFO] - [DEBUG SELECT] Patient path contents:
2025-09-10 00:25:19 - [INFO] - [DEBUG SELECT]   - 20241204 (DIR)
2025-09-10 00:25:19 - [INFO] - 
2025-09-10 00:25:19 - [INFO] - [DEBUG PATHS GANTENG] ===================
2025-09-10 00:25:19 - [INFO] - [DEBUG PATHS] Patient folder: F:\projek dosen\prototype riset\hotspot-analyzer\data\PLANAR\NSY\0001158915
2025-09-10 00:25:19 - [INFO] - [DEBUG PATHS] Patient ID: 0001158915
2025-09-10 00:25:19 - [INFO] - [DEBUG PATHS] Folder exists: True
2025-09-10 00:25:19 - [INFO] - [DEBUG PATHS] Folder structure:
2025-09-10 00:25:19 - [INFO] - [DEBUG PATHS]   DIR:  20241204/
2025-09-10 00:25:19 - [INFO] - [DEBUG PATHS]     Study date folder contents:
2025-09-10 00:25:19 - [INFO] - [DEBUG PATHS]       DIR:  20250824/
2025-09-10 00:25:19 - [INFO] - [DEBUG PATHS]       DIR:  20250826/
2025-09-10 00:25:19 - [INFO] - [DEBUG PATHS]       FILE: ANT001_DS.dcm (1054352 bytes)
2025-09-10 00:25:19 - [INFO] - [DEBUG PATHS]       FILE: ant_hotspot_classification.json (36468 bytes)
2025-09-10 00:25:19 - [INFO] - [DEBUG PATHS]       FILE: ant_hotspot_classification.png (1012 bytes)
2025-09-10 00:25:19 - [INFO] - [DEBUG PATHS]       FILE: ant_hotspot_classification.xml (919 bytes)
2025-09-10 00:25:19 - [INFO] - [DEBUG PATHS]       FILE: ant_hotspot_otsu_colored.png (1138 bytes)
2025-09-10 00:25:19 - [INFO] - [DEBUG PATHS]       FILE: ant_hotspot_otsu_colored_blend.png (99622 bytes)
2025-09-10 00:25:19 - [INFO] - [DEBUG PATHS]       FILE: ant_hotspot_otsu_grayscale.png (566 bytes)
2025-09-10 00:25:19 - [INFO] - [DEBUG PATHS]       FILE: ant_hotspot_yolo.xml (991 bytes)
2025-09-10 00:25:19 - [INFO] - [DEBUG PATHS]       FILE: ant_mask.png (2694 bytes)
2025-09-10 00:25:19 - [INFO] - [DEBUG PATHS]       FILE: ant_original.png (74077 bytes)
2025-09-10 00:25:19 - [INFO] - [DEBUG PATHS]       FILE: ant_segm.png (5053 bytes)
2025-09-10 00:25:19 - [INFO] - [DEBUG PATHS]       FILE: bsi_quantification_ant.json (3803 bytes)
2025-09-10 00:25:19 - [INFO] - [DEBUG PATHS]       FILE: post_hotspot_otsu_colored.png (1011 bytes)
2025-09-10 00:25:19 - [INFO] - [DEBUG PATHS]       FILE: post_hotspot_otsu_colored_blend.png (102487 bytes)
2025-09-10 00:25:19 - [INFO] - [DEBUG PATHS]       FILE: post_hotspot_otsu_grayscale.png (452 bytes)
2025-09-10 00:25:19 - [INFO] - [DEBUG PATHS]       FILE: post_hotspot_yolo.xml (673 bytes)
2025-09-10 00:25:19 - [INFO] - [DEBUG PATHS]       FILE: post_mask.png (2603 bytes)
2025-09-10 00:25:19 - [INFO] - [DEBUG PATHS]       FILE: post_original.png (75692 bytes)
2025-09-10 00:25:19 - [INFO] - [DEBUG PATHS]       FILE: post_segm.png (4682 bytes)
2025-09-10 00:25:19 - [INFO] - [DEBUG QUANT FILES] Getting quantification files for: F:\projek dosen\prototype riset\hotspot-analyzer\data\PLANAR\NSY\0001158915
2025-09-10 00:25:19 - [INFO] - [DEBUG QUANT FILES] Using latest study_date folder: F:\projek dosen\prototype riset\hotspot-analyzer\data\PLANAR\NSY\0001158915\20241204
2025-09-10 00:25:19 - [INFO] - [DEBUG QUANT FILES] Generated paths:
2025-09-10 00:25:19 - [INFO] - [DEBUG QUANT FILES]   bsi_json_ant: F:\projek dosen\prototype riset\hotspot-analyzer\data\PLANAR\NSY\0001158915\20241204\bsi_quantification_ant.json (exists: True)
2025-09-10 00:25:19 - [INFO] - [DEBUG QUANT FILES]   bsi_json_post: F:\projek dosen\prototype riset\hotspot-analyzer\data\PLANAR\NSY\0001158915\20241204\bsi_quantification_post.json (exists: False)
2025-09-10 00:25:19 - [INFO] - [DEBUG PATHS] New quantification paths:
2025-09-10 00:25:19 - [INFO] - [DEBUG PATHS]   bsi_json_ant: F:\projek dosen\prototype riset\hotspot-analyzer\data\PLANAR\NSY\0001158915\20241204\bsi_quantification_ant.json (exists: True, size: 3803 bytes)
2025-09-10 00:25:19 - [INFO] - [DEBUG PATHS]     Content preview: {
2025-09-10 00:25:19 - [INFO] - "patient_info": {
2025-09-10 00:25:19 - [INFO] - "patient_id": "0001158915",
2025-09-10 00:25:19 - [INFO] - "study_date": "20241204",
2025-09-10 00:25:19 - [INFO] - "filename_st...
2025-09-10 00:25:19 - [INFO] - [DEBUG PATHS]   bsi_json_post: F:\projek dosen\prototype riset\hotspot-analyzer\data\PLANAR\NSY\0001158915\20241204\bsi_quantification_post.json (exists: False, size: 0 bytes)
2025-09-10 00:25:19 - [INFO] - [DEBUG PATHS] Old pattern search:
2025-09-10 00:25:19 - [INFO] - [DEBUG PATHS]   Old anterior: []
2025-09-10 00:25:19 - [INFO] - [DEBUG PATHS]   Old posterior: []
2025-09-10 00:25:19 - [INFO] - [DEBUG SELECT] Found DICOM files: 1
2025-09-10 00:25:19 - [INFO] - [DEBUG SELECT]   DICOM: F:\projek dosen\prototype riset\hotspot-analyzer\data\PLANAR\NSY\0001158915\20241204\ANT001_DS.dcm
2025-09-10 00:25:19 - [INFO] - [DEBUG SELECT]   DICOM folder: F:\projek dosen\prototype riset\hotspot-analyzer\data\PLANAR\NSY\0001158915\20241204
2025-09-10 00:25:19 - [INFO] - [DEBUG QUANT FILES] Getting quantification files for: F:\projek dosen\prototype riset\hotspot-analyzer\data\PLANAR\NSY\0001158915\20241204
2025-09-10 00:25:19 - [INFO] - [DEBUG QUANT FILES] Detected study_date folder: F:\projek dosen\prototype riset\hotspot-analyzer\data\PLANAR\NSY\0001158915\20241204
2025-09-10 00:25:19 - [INFO] - [DEBUG QUANT FILES] Generated paths:
2025-09-10 00:25:19 - [INFO] - [DEBUG QUANT FILES]   bsi_json_ant: F:\projek dosen\prototype riset\hotspot-analyzer\data\PLANAR\NSY\0001158915\20241204\bsi_quantification_ant.json (exists: True)
2025-09-10 00:25:19 - [INFO] - [DEBUG QUANT FILES]   bsi_json_post: F:\projek dosen\prototype riset\hotspot-analyzer\data\PLANAR\NSY\0001158915\20241204\bsi_quantification_post.json (exists: False)
2025-09-10 00:25:19 - [INFO] - [DEBUG SELECT]   BSI files near DICOM:
2025-09-10 00:25:19 - [INFO] - [DEBUG SELECT]     Anterior: True
2025-09-10 00:25:19 - [INFO] - [DEBUG SELECT]     Posterior: False
2025-09-10 00:25:19 - [INFO] - [DEBUG] Loading patient: 0001158915 from session: NSY
2025-09-10 00:25:19 - [INFO] - [CACHE DEBUG] Cache key: 0001158915_NSY
2025-09-10 00:25:19 - [INFO] - [CACHE DEBUG] Existing cache keys: []
2025-09-10 00:25:19 - [INFO] - [DEBUG] Loading scans for 0001158915_NSY from disk...
2025-09-10 00:25:19 - [INFO] - [DEBUG] Found 1 DICOM files for patient 0001158915
2025-09-10 00:25:19 - [INFO] - [DEBUG] Enriched scan data for: ANT001_DS.dcm
2025-09-10 00:25:19 - [INFO] - [DEBUG] Scan files for 0001158915_20241204:
2025-09-10 00:25:19 - [INFO] - [DEBUG] Available files: None
2025-09-10 00:25:19 - [INFO] - [DEBUG] Available PNG files for 0001158915_20241204: None
2025-09-10 00:25:19 - [INFO] - [DEBUG] Saving 1 scans to cache for 0001158915_NSY
2025-09-10 00:25:19 - [INFO] - [DEBUG] Layers changed to: []
2025-09-10 00:25:19 - [INFO] - [SMART UPDATE] Change type: none
2025-09-10 00:25:19 - [INFO] - [DEBUG] Timeline active layers set to: []
2025-09-10 00:25:19 - [INFO] - [SMART UPDATE] No changes detected, skipping update
2025-09-10 00:25:19 - [INFO] - [EDIT BUTTONS] Has scan: False, Has seg data: False, Can edit hotspot: False
2025-09-10 00:25:19 - [INFO] - [EDIT BUTTONS] Seg button enabled: False, Hotspot button enabled: False
2025-09-10 00:25:19 - [INFO] - [SMART UPDATE] Change type: none
2025-09-10 00:25:19 - [INFO] - [DEBUG] Timeline active layers set to: []
2025-09-10 00:25:19 - [INFO] - [SMART UPDATE] No changes detected, skipping update
2025-09-10 00:25:19 - [INFO] - [DEBUG] Set Image opacity to 1.00
2025-09-10 00:25:19 - [INFO] - [SMART UPDATE] Change type: none
2025-09-10 00:25:19 - [INFO] - [SMART UPDATE] Using full rebuild for opacity change
2025-09-10 00:25:19 - [INFO] - [DEBUG] Rebuilding timeline for active scan index: -1
2025-09-10 00:25:19 - [INFO] - [SMART UPDATE] State updated - Type: rebuild
2025-09-10 00:25:19 - [INFO] - [DEBUG] Set Segmentation opacity to 0.35
2025-09-10 00:25:19 - [INFO] - [SMART UPDATE] Change type: none
2025-09-10 00:25:19 - [INFO] - [SMART UPDATE] Using full rebuild for opacity change
2025-09-10 00:25:19 - [INFO] - [DEBUG] Rebuilding timeline for active scan index: -1
2025-09-10 00:25:19 - [INFO] - [SMART UPDATE] State updated - Type: rebuild
2025-09-10 00:25:19 - [INFO] - [DEBUG] Set Hotspot opacity to 0.50
2025-09-10 00:25:19 - [INFO] - [SMART UPDATE] Change type: none
2025-09-10 00:25:19 - [INFO] - [SMART UPDATE] Using full rebuild for opacity change
2025-09-10 00:25:19 - [INFO] - [DEBUG] Rebuilding timeline for active scan index: -1
2025-09-10 00:25:19 - [INFO] - [SMART UPDATE] State updated - Type: rebuild
2025-09-10 00:25:19 - [INFO] - [DEBUG] Set HotspotBBox opacity to 1.00
2025-09-10 00:25:19 - [INFO] - [SMART UPDATE] Change type: none
2025-09-10 00:25:19 - [INFO] - [SMART UPDATE] Using full rebuild for opacity change
2025-09-10 00:25:19 - [INFO] - [DEBUG] Rebuilding timeline for active scan index: -1
2025-09-10 00:25:19 - [INFO] - [SMART UPDATE] State updated - Type: rebuild
2025-09-10 00:25:19 - [INFO] - [DEBUG] Setting default layers: 'Image' checkbox should now be ON.
2025-09-10 00:25:19 - [INFO] - [DEBUG] Checkbox Image toggled: True
2025-09-10 00:25:19 - [INFO] - [DEBUG] Active layers: ['Image']
2025-09-10 00:25:19 - [INFO] - [DEBUG] Layers changed to: ['Image']
2025-09-10 00:25:19 - [INFO] - [SMART UPDATE] Change type: layers
2025-09-10 00:25:19 - [INFO] - [SMART UPDATE] Layers added: ['Image']
2025-09-10 00:25:19 - [INFO] - [DEBUG] Timeline active layers set to: ['Image']
2025-09-10 00:25:19 - [INFO] - [SMART UPDATE] Full rebuild required for change type: layers
2025-09-10 00:25:19 - [INFO] - [DEBUG] Rebuilding timeline for active scan index: -1
2025-09-10 00:25:19 - [INFO] - [SMART UPDATE] State updated - Type: layers
2025-09-10 00:25:19 - [INFO] - [EDIT BUTTONS] Has scan: False, Has seg data: False, Can edit hotspot: False
2025-09-10 00:25:19 - [INFO] - [EDIT BUTTONS] Seg button enabled: False, Hotspot button enabled: False
2025-09-10 00:25:19 - [INFO] - [DEBUG] All data loaded. Total scans: 1
2025-09-10 00:25:19 - [INFO] - [DEBUG] Layers changed to: []
2025-09-10 00:25:19 - [INFO] - [SMART UPDATE] Change type: layers
2025-09-10 00:25:19 - [INFO] - [SMART UPDATE] Layers removed: ['Image']
2025-09-10 00:25:19 - [INFO] - [DEBUG] Timeline active layers set to: []
2025-09-10 00:25:19 - [INFO] - [SMART UPDATE] Full rebuild required for change type: layers
2025-09-10 00:25:19 - [INFO] - [DEBUG] Rebuilding timeline for active scan index: -1
2025-09-10 00:25:19 - [INFO] - [SMART UPDATE] State updated - Type: layers
2025-09-10 00:25:19 - [INFO] - [EDIT BUTTONS] Has scan: False, Has seg data: False, Can edit hotspot: False
2025-09-10 00:25:19 - [INFO] - [EDIT BUTTONS] Seg button enabled: False, Hotspot button enabled: False
2025-09-10 00:25:19 - [INFO] - [SMART UPDATE] Change type: none
2025-09-10 00:25:19 - [INFO] - [DEBUG] Timeline active layers set to: []
2025-09-10 00:25:19 - [INFO] - [SMART UPDATE] No changes detected, skipping update
2025-09-10 00:25:19 - [INFO] - [DEBUG] Set Image opacity to 1.00
2025-09-10 00:25:19 - [INFO] - [SMART UPDATE] Change type: none
2025-09-10 00:25:19 - [INFO] - [SMART UPDATE] Using full rebuild for opacity change
2025-09-10 00:25:19 - [INFO] - [DEBUG] Rebuilding timeline for active scan index: -1
2025-09-10 00:25:19 - [INFO] - [SMART UPDATE] State updated - Type: rebuild
2025-09-10 00:25:19 - [INFO] - [DEBUG] Set Segmentation opacity to 0.35
2025-09-10 00:25:19 - [INFO] - [SMART UPDATE] Change type: none
2025-09-10 00:25:19 - [INFO] - [SMART UPDATE] Using full rebuild for opacity change
2025-09-10 00:25:19 - [INFO] - [DEBUG] Rebuilding timeline for active scan index: -1
2025-09-10 00:25:19 - [INFO] - [SMART UPDATE] State updated - Type: rebuild
2025-09-10 00:25:19 - [INFO] - [DEBUG] Set Hotspot opacity to 0.50
2025-09-10 00:25:19 - [INFO] - [SMART UPDATE] Change type: none
2025-09-10 00:25:19 - [INFO] - [SMART UPDATE] Using full rebuild for opacity change
2025-09-10 00:25:19 - [INFO] - [DEBUG] Rebuilding timeline for active scan index: -1
2025-09-10 00:25:19 - [INFO] - [SMART UPDATE] State updated - Type: rebuild
2025-09-10 00:25:19 - [INFO] - [DEBUG] Set HotspotBBox opacity to 1.00
2025-09-10 00:25:19 - [INFO] - [SMART UPDATE] Change type: none
2025-09-10 00:25:19 - [INFO] - [SMART UPDATE] Using full rebuild for opacity change
2025-09-10 00:25:19 - [INFO] - [DEBUG] Rebuilding timeline for active scan index: -1
2025-09-10 00:25:19 - [INFO] - [SMART UPDATE] State updated - Type: rebuild
2025-09-10 00:25:19 - [INFO] - [DEBUG] Setting default layers: 'Image' checkbox should now be ON.
2025-09-10 00:25:19 - [INFO] - [DEBUG] Checkbox Image toggled: True
2025-09-10 00:25:19 - [INFO] - [DEBUG] Active layers: ['Image']
2025-09-10 00:25:19 - [INFO] - [DEBUG] Layers changed to: ['Image']
2025-09-10 00:25:19 - [INFO] - [SMART UPDATE] Change type: layers
2025-09-10 00:25:19 - [INFO] - [SMART UPDATE] Layers added: ['Image']
2025-09-10 00:25:19 - [INFO] - [DEBUG] Timeline active layers set to: ['Image']
2025-09-10 00:25:19 - [INFO] - [SMART UPDATE] Full rebuild required for change type: layers
2025-09-10 00:25:19 - [INFO] - [DEBUG] Rebuilding timeline for active scan index: -1
2025-09-10 00:25:19 - [INFO] - [SMART UPDATE] State updated - Type: layers
2025-09-10 00:25:19 - [INFO] - [EDIT BUTTONS] Has scan: False, Has seg data: False, Can edit hotspot: False
2025-09-10 00:25:19 - [INFO] - [EDIT BUTTONS] Seg button enabled: False, Hotspot button enabled: False
2025-09-10 00:25:19 - [INFO] - [SMART UPDATE] Change type: none
2025-09-10 00:25:19 - [INFO] - [DEBUG] Timeline active layers set to: ['Image']
2025-09-10 00:25:19 - [INFO] - [SMART UPDATE] No changes detected, skipping update
2025-09-10 00:25:19 - [INFO] - [DEBUG] Set Image opacity to 1.00
2025-09-10 00:25:19 - [INFO] - [SMART UPDATE] Change type: none
2025-09-10 00:25:19 - [INFO] - [SMART UPDATE] Using full rebuild for opacity change
2025-09-10 00:25:19 - [INFO] - [DEBUG] Rebuilding timeline for active scan index: -1
2025-09-10 00:25:19 - [INFO] - [SMART UPDATE] State updated - Type: rebuild
2025-09-10 00:25:19 - [INFO] - [DEBUG] Set Segmentation opacity to 0.40
2025-09-10 00:25:19 - [INFO] - [SMART UPDATE] Change type: none
2025-09-10 00:25:19 - [INFO] - [SMART UPDATE] Using full rebuild for opacity change
2025-09-10 00:25:19 - [INFO] - [DEBUG] Rebuilding timeline for active scan index: -1
2025-09-10 00:25:19 - [INFO] - [SMART UPDATE] State updated - Type: rebuild
2025-09-10 00:25:19 - [INFO] - [DEBUG] Set Hotspot opacity to 0.50
2025-09-10 00:25:19 - [INFO] - [SMART UPDATE] Change type: none
2025-09-10 00:25:19 - [INFO] - [SMART UPDATE] Using full rebuild for opacity change
2025-09-10 00:25:19 - [INFO] - [DEBUG] Rebuilding timeline for active scan index: -1
2025-09-10 00:25:19 - [INFO] - [SMART UPDATE] State updated - Type: rebuild
2025-09-10 00:25:19 - [INFO] - [DEBUG] Set HotspotBBox opacity to 1.00
2025-09-10 00:25:19 - [INFO] - [SMART UPDATE] Change type: none
2025-09-10 00:25:19 - [INFO] - [SMART UPDATE] Using full rebuild for opacity change
2025-09-10 00:25:19 - [INFO] - [DEBUG] Rebuilding timeline for active scan index: -1
2025-09-10 00:25:19 - [INFO] - [SMART UPDATE] State updated - Type: rebuild
2025-09-10 00:25:19 - [INFO] - [MainWindow] Updating timeline with 1 scans
2025-09-10 00:25:19 - [INFO] - [BSI META INTEGRATION] Updating scan meta with BSI data
2025-09-10 00:25:19 - [INFO] - [BSI META INTEGRATION] Session code: NSY
2025-09-10 00:25:19 - [INFO] - [BSI META INTEGRATION] Scan path: F:\projek dosen\prototype riset\hotspot-analyzer\data\PLANAR\NSY\0001158915\20241204\ANT001_DS.dcm
2025-09-10 00:25:19 - [INFO] - [BSI EXTRACT INFO] Extracting from path: F:\projek dosen\prototype riset\hotspot-analyzer\data\PLANAR\NSY\0001158915\20241204\ANT001_DS.dcm
2025-09-10 00:25:19 - [INFO] - [BSI EXTRACT INFO] Extracted study_date from DICOM: 20241204
2025-09-10 00:25:19 - [INFO] - [BSI EXTRACT INFO] Extracted patient_id from study_date structure: 0001158915
2025-09-10 00:25:19 - [INFO] - [BSI EXTRACT INFO] Final result - Patient: 0001158915, Study: 20241204
2025-09-10 00:25:19 - [INFO] - [BSI META INTEGRATION] Extracted - Patient: 0001158915, Study: 20241204
2025-09-10 00:25:19 - [INFO] - [DEBUG QUANT FILES] Getting quantification files for: F:\projek dosen\prototype riset\hotspot-analyzer\data\PLANAR\NSY\0001158915\20241204
2025-09-10 00:25:19 - [INFO] - [DEBUG QUANT FILES] Detected study_date folder: F:\projek dosen\prototype riset\hotspot-analyzer\data\PLANAR\NSY\0001158915\20241204
2025-09-10 00:25:19 - [INFO] - [DEBUG QUANT FILES] Generated paths:
2025-09-10 00:25:19 - [INFO] - [DEBUG QUANT FILES]   bsi_json_ant: F:\projek dosen\prototype riset\hotspot-analyzer\data\PLANAR\NSY\0001158915\20241204\bsi_quantification_ant.json (exists: True)
2025-09-10 00:25:19 - [INFO] - [DEBUG QUANT FILES]   bsi_json_post: F:\projek dosen\prototype riset\hotspot-analyzer\data\PLANAR\NSY\0001158915\20241204\bsi_quantification_post.json (exists: False)
2025-09-10 00:25:19 - [INFO] - [BSI META INTEGRATION] Found BSI files in study_date folder: F:\projek dosen\prototype riset\hotspot-analyzer\data\PLANAR\NSY\0001158915\20241204
2025-09-10 00:25:19 - [INFO] - [BSI META INTEGRATION] Using patient folder: F:\projek dosen\prototype riset\hotspot-analyzer\data\PLANAR\NSY\0001158915\20241204
2025-09-10 00:25:19 - [INFO] - [DEBUG BSI] Detected study_date folder, using parent: F:\projek dosen\prototype riset\hotspot-analyzer\data\PLANAR\NSY\0001158915
2025-09-10 00:25:19 - [INFO] - [DEBUG BSI] Found study_date folder: 20241204
2025-09-10 00:25:19 - [INFO] - [DEBUG BSI]     - 20241204 (DIR)
2025-09-10 00:25:19 - [INFO] - [DEBUG BSI]     - 20250824 (DIR)
2025-09-10 00:25:19 - [INFO] - [DEBUG BSI]     - 20250826 (DIR)
2025-09-10 00:25:19 - [INFO] - [DEBUG BSI]     - ANT001_DS.dcm (FILE)
2025-09-10 00:25:19 - [INFO] - [DEBUG BSI]     - ant_hotspot_classification.json (FILE)
2025-09-10 00:25:19 - [INFO] - [DEBUG BSI]     - ant_hotspot_classification.png (FILE)
2025-09-10 00:25:19 - [INFO] - [DEBUG BSI]     - ant_hotspot_classification.xml (FILE)
2025-09-10 00:25:19 - [INFO] - [DEBUG BSI]     - ant_hotspot_otsu_colored.png (FILE)
2025-09-10 00:25:19 - [INFO] - [DEBUG BSI]     - ant_hotspot_otsu_colored_blend.png (FILE)
2025-09-10 00:25:19 - [INFO] - [DEBUG BSI]     - ant_hotspot_otsu_grayscale.png (FILE)
2025-09-10 00:25:19 - [INFO] - [DEBUG BSI]     - ant_hotspot_yolo.xml (FILE)
2025-09-10 00:25:19 - [INFO] - [DEBUG BSI]     - ant_mask.png (FILE)
2025-09-10 00:25:19 - [INFO] - [DEBUG BSI]     - ant_original.png (FILE)
2025-09-10 00:25:19 - [INFO] - [DEBUG BSI]     - ant_segm.png (FILE)
2025-09-10 00:25:19 - [INFO] - [DEBUG BSI]     - bsi_quantification_ant.json (FILE)
2025-09-10 00:25:19 - [INFO] - [DEBUG BSI]     - post_hotspot_otsu_colored.png (FILE)
2025-09-10 00:25:19 - [INFO] - [DEBUG BSI]     - post_hotspot_otsu_colored_blend.png (FILE)
2025-09-10 00:25:19 - [INFO] - [DEBUG BSI]     - post_hotspot_otsu_grayscale.png (FILE)
2025-09-10 00:25:19 - [INFO] - [DEBUG BSI]     - post_hotspot_yolo.xml (FILE)
2025-09-10 00:25:19 - [INFO] - [DEBUG BSI]     - post_mask.png (FILE)
2025-09-10 00:25:19 - [INFO] - [DEBUG BSI]     - post_original.png (FILE)
2025-09-10 00:25:19 - [INFO] - [DEBUG BSI]     - post_segm.png (FILE)
2025-09-10 00:25:19 - [INFO] - [DEBUG BSI]     - 20241204 (DIR)
2025-09-10 00:25:19 - [INFO] - [BSI META INTEGRATION] Found BSI data: {'study_date': '20241204', 'anterior_bsi': 0.3730588265879179, 'posterior_bsi': 0.0, 'combined_bsi': 0.3730588265879179, 'bsi_score': 0.3730588265879179, 'file_source': 'bsi_quantification_ant.json', 'processing_mode': 'single_view_anterior', 'is_v2': True, 'note': 'Only anterior view available', 'source_location': 'Study date folder'}
2025-09-10 00:25:19 - [INFO] - [BSI META INTEGRATION]   Updated meta with BSI data:
2025-09-10 00:25:19 - [INFO] - [BSI META INTEGRATION]   Anterior BSI: 0.3730588265879179
2025-09-10 00:25:19 - [INFO] - [BSI META INTEGRATION]   Posterior BSI: 0.0
2025-09-10 00:25:19 - [INFO] - [BSI META INTEGRATION]   Processing mode: single_view_anterior
2025-09-10 00:25:19 - [INFO] - [MainWindow]   BSI integration completed for 1 scans
2025-09-10 00:25:19 - [INFO] - [MainWindow DEBUG] First scan meta keys: ['patient_id', 'patient_name', 'patient_birth_date', 'patient_sex', 'patient_weight', 'patient_size', 'patient_age', 'study_date', 'series_date', 'study_time', 'modality', 'series_description', 'study_instance_uid', 'series_instance_uid', 'has_bsi', 'bsi_anterior', 'bsi_posterior', 'bsi_combined', 'bsi_processing_mode', 'bsi_file_source']
2025-09-10 00:25:19 - [INFO] - [MainWindow DEBUG] has_bsi: True
2025-09-10 00:25:19 - [INFO] - [MainWindow DEBUG] bsi_anterior: 0.3730588265879179
2025-09-10 00:25:19 - [INFO] - [MainWindow DEBUG] bsi_posterior: 0.0
2025-09-10 00:25:19 - [INFO] - [DEBUG] display_timeline called with 1 scan(s), focusing on index = 0
2025-09-10 00:25:19 - [INFO] - [BSI META INTEGRATION] Updating scan meta with BSI data
2025-09-10 00:25:19 - [INFO] - [BSI META INTEGRATION] Session code: NSY
2025-09-10 00:25:19 - [INFO] - [BSI META INTEGRATION] Scan path: F:\projek dosen\prototype riset\hotspot-analyzer\data\PLANAR\NSY\0001158915\20241204\ANT001_DS.dcm
2025-09-10 00:25:19 - [INFO] - [BSI EXTRACT INFO] Extracting from path: F:\projek dosen\prototype riset\hotspot-analyzer\data\PLANAR\NSY\0001158915\20241204\ANT001_DS.dcm
2025-09-10 00:25:19 - [INFO] - [BSI EXTRACT INFO] Extracted study_date from DICOM: 20241204
2025-09-10 00:25:19 - [INFO] - [BSI EXTRACT INFO] Extracted patient_id from study_date structure: 0001158915
2025-09-10 00:25:19 - [INFO] - [BSI EXTRACT INFO] Final result - Patient: 0001158915, Study: 20241204
2025-09-10 00:25:19 - [INFO] - [BSI META INTEGRATION] Extracted - Patient: 0001158915, Study: 20241204
2025-09-10 00:25:19 - [INFO] - [DEBUG QUANT FILES] Getting quantification files for: F:\projek dosen\prototype riset\hotspot-analyzer\data\PLANAR\NSY\0001158915\20241204
2025-09-10 00:25:19 - [INFO] - [DEBUG QUANT FILES] Detected study_date folder: F:\projek dosen\prototype riset\hotspot-analyzer\data\PLANAR\NSY\0001158915\20241204
2025-09-10 00:25:19 - [INFO] - [DEBUG QUANT FILES] Generated paths:
2025-09-10 00:25:19 - [INFO] - [DEBUG QUANT FILES]   bsi_json_ant: F:\projek dosen\prototype riset\hotspot-analyzer\data\PLANAR\NSY\0001158915\20241204\bsi_quantification_ant.json (exists: True)
2025-09-10 00:25:19 - [INFO] - [DEBUG QUANT FILES]   bsi_json_post: F:\projek dosen\prototype riset\hotspot-analyzer\data\PLANAR\NSY\0001158915\20241204\bsi_quantification_post.json (exists: False)
2025-09-10 00:25:19 - [INFO] - [BSI META INTEGRATION] Found BSI files in study_date folder: F:\projek dosen\prototype riset\hotspot-analyzer\data\PLANAR\NSY\0001158915\20241204
2025-09-10 00:25:19 - [INFO] - [BSI META INTEGRATION] Using patient folder: F:\projek dosen\prototype riset\hotspot-analyzer\data\PLANAR\NSY\0001158915\20241204
2025-09-10 00:25:19 - [INFO] - [DEBUG BSI] Detected study_date folder, using parent: F:\projek dosen\prototype riset\hotspot-analyzer\data\PLANAR\NSY\0001158915
2025-09-10 00:25:19 - [INFO] - [DEBUG BSI] Found study_date folder: 20241204
2025-09-10 00:25:19 - [INFO] - [DEBUG BSI]     - 20241204 (DIR)
2025-09-10 00:25:19 - [INFO] - [DEBUG BSI]     - 20250824 (DIR)
2025-09-10 00:25:19 - [INFO] - [DEBUG BSI]     - 20250826 (DIR)
2025-09-10 00:25:19 - [INFO] - [DEBUG BSI]     - ANT001_DS.dcm (FILE)
2025-09-10 00:25:19 - [INFO] - [DEBUG BSI]     - ant_hotspot_classification.json (FILE)
2025-09-10 00:25:19 - [INFO] - [DEBUG BSI]     - ant_hotspot_classification.png (FILE)
2025-09-10 00:25:19 - [INFO] - [DEBUG BSI]     - ant_hotspot_classification.xml (FILE)
2025-09-10 00:25:19 - [INFO] - [DEBUG BSI]     - ant_hotspot_otsu_colored.png (FILE)
2025-09-10 00:25:19 - [INFO] - [DEBUG BSI]     - ant_hotspot_otsu_colored_blend.png (FILE)
2025-09-10 00:25:19 - [INFO] - [DEBUG BSI]     - ant_hotspot_otsu_grayscale.png (FILE)
2025-09-10 00:25:19 - [INFO] - [DEBUG BSI]     - ant_hotspot_yolo.xml (FILE)
2025-09-10 00:25:19 - [INFO] - [DEBUG BSI]     - ant_mask.png (FILE)
2025-09-10 00:25:19 - [INFO] - [DEBUG BSI]     - ant_original.png (FILE)
2025-09-10 00:25:19 - [INFO] - [DEBUG BSI]     - ant_segm.png (FILE)
2025-09-10 00:25:19 - [INFO] - [DEBUG BSI]     - bsi_quantification_ant.json (FILE)
2025-09-10 00:25:19 - [INFO] - [DEBUG BSI]     - post_hotspot_otsu_colored.png (FILE)
2025-09-10 00:25:19 - [INFO] - [DEBUG BSI]     - post_hotspot_otsu_colored_blend.png (FILE)
2025-09-10 00:25:19 - [INFO] - [DEBUG BSI]     - post_hotspot_otsu_grayscale.png (FILE)
2025-09-10 00:25:19 - [INFO] - [DEBUG BSI]     - post_hotspot_yolo.xml (FILE)
2025-09-10 00:25:19 - [INFO] - [DEBUG BSI]     - post_mask.png (FILE)
2025-09-10 00:25:19 - [INFO] - [DEBUG BSI]     - post_original.png (FILE)
2025-09-10 00:25:19 - [INFO] - [DEBUG BSI]     - post_segm.png (FILE)
2025-09-10 00:25:19 - [INFO] - [DEBUG BSI]     - 20241204 (DIR)
2025-09-10 00:25:19 - [INFO] - [BSI META INTEGRATION] Found BSI data: {'study_date': '20241204', 'anterior_bsi': 0.3730588265879179, 'posterior_bsi': 0.0, 'combined_bsi': 0.3730588265879179, 'bsi_score': 0.3730588265879179, 'file_source': 'bsi_quantification_ant.json', 'processing_mode': 'single_view_anterior', 'is_v2': True, 'note': 'Only anterior view available', 'source_location': 'Study date folder'}
2025-09-10 00:25:19 - [INFO] - [BSI META INTEGRATION]   Updated meta with BSI data:
2025-09-10 00:25:19 - [INFO] - [BSI META INTEGRATION]   Anterior BSI: 0.3730588265879179
2025-09-10 00:25:19 - [INFO] - [BSI META INTEGRATION]   Posterior BSI: 0.0
2025-09-10 00:25:19 - [INFO] - [BSI META INTEGRATION]   Processing mode: single_view_anterior
2025-09-10 00:25:19 - [INFO] - [DEBUG] Rebuilding timeline for active scan index: 0
2025-09-10 00:25:19 - [INFO] - [DEBUG] Creating CLASSIFICATION card 0 for view: Anterior
2025-09-10 00:25:19 - [INFO] - [DEBUG] Active layers selected: ['Image']
2025-09-10 00:25:19 - [INFO] - [DEBUG] DICOM path: F:\projek dosen\prototype riset\hotspot-analyzer\data\PLANAR\NSY\0001158915\20241204\ANT001_DS.dcm
2025-09-10 00:25:19 - [INFO] - [DEBUG] Current view: Anterior
2025-09-10 00:25:19 - [INFO] - [CACHE DEBUG] use_cache=False
2025-09-10 00:25:19 - [INFO] - [CACHE DEBUG] has_adjustments=False (B=0.00, C=1.00)
2025-09-10 00:25:19 - [INFO] - [CACHE DEBUG] has_overrides=False (override_b=None, override_c=None)
2025-09-10 00:25:19 - [INFO] - [CACHE DEBUG] invert_original=True
2025-09-10 00:25:19 - [INFO] - [CACHE SKIP] Skipping cache due to adjustments/overrides/invert
2025-09-10 00:25:19 - [INFO] - [DEBUG] Path extraction: session=NSY, patient=0001158915, study_date=20241204
2025-09-10 00:25:19 - [INFO] - [DEBUG] Extracted patient info - ID: 0001158915, Session: NSY
2025-09-10 00:25:19 - [INFO] - [DEBUG] Original path: F:\projek dosen\prototype riset\hotspot-analyzer\data\PLANAR\NSY\0001158915\20241204\ANT001_DS.dcm
2025-09-10 00:25:19 - [INFO] - [DEBUG] Study date: 20241204
2025-09-10 00:25:19 - [INFO] - [DEBUG] Patient ID: 0001158915
2025-09-10 00:25:19 - [INFO] - [DEBUG] Session code: NSY
2025-09-10 00:25:19 - [INFO] - [DEBUG] Study date folder: F:\projek dosen\prototype riset\hotspot-analyzer\data\PLANAR\NSY\0001158915\20241204
2025-09-10 00:25:19 - [INFO] - [DEBUG] Loading original image for Anterior
2025-09-10 00:25:19 - [INFO] - [DEBUG] Looking for original PNG in study_date dir: F:\projek dosen\prototype riset\hotspot-analyzer\data\PLANAR\NSY\0001158915\20241204\ant_original.png
2025-09-10 00:25:19 - [DEBUG] - STREAM b'IHDR' 16 13
2025-09-10 00:25:19 - [DEBUG] - STREAM b'IDAT' 41 65536
2025-09-10 00:25:19 - [INFO] - [DEBUG] Loaded original PNG from study_date dir: (256, 1024)
2025-09-10 00:25:19 - [INFO] - [DEBUG] Original image loaded: (256, 1024)
2025-09-10 00:25:19 - [INFO] - [DEBUG] Applying invert to original image
2025-09-10 00:25:19 - [INFO] - [DEBUG] simple_invert_pil_image: Processing L image, size = (256, 1024)
2025-09-10 00:25:19 - [INFO] - [DEBUG] simple_invert_image: input shape = (1024, 256), dtype = uint8
2025-09-10 00:25:19 - [INFO] - [DEBUG] Simple inversion completed: [0-255] -> [0-255]
2025-09-10 00:25:19 - [INFO] - [DEBUG] simple_invert_pil_image: completed
2025-09-10 00:25:19 - [INFO] - [DEBUG] Using STORED B/C values: B=0.00, C=1.00
2025-09-10 00:25:19 - [INFO] - [DEBUG]   Image layer loaded and processed
2025-09-10 00:25:19 - [INFO] - [DEBUG] Loading segmentation layer for Anterior
2025-09-10 00:25:19 - [INFO] - [DEBUG] Looking for segmentation (NEWEST): F:\projek dosen\prototype riset\hotspot-analyzer\data\PLANAR\NSY\0001158915\20241204\20250826\ant_segm_011039.png
2025-09-10 00:25:19 - [DEBUG] - STREAM b'IHDR' 16 13
2025-09-10 00:25:19 - [DEBUG] - STREAM b'IDAT' 41 5158
2025-09-10 00:25:19 - [INFO] - [DEBUG]   Loaded segmentation with transparency: F:\projek dosen\prototype riset\hotspot-analyzer\data\PLANAR\NSY\0001158915\20241204\20250826\ant_segm_011039.png
2025-09-10 00:25:19 - [INFO] - [DEBUG] Segmentation type: EDITED
2025-09-10 00:25:19 - [INFO] - [DEBUG] Loading hotspot layer for Anterior
2025-09-10 00:25:19 - [INFO] - [DEBUG] Looking for hotspot classification (NEWEST): F:\projek dosen\prototype riset\hotspot-analyzer\data\PLANAR\NSY\0001158915\20241204\20250826\ant_hotspot_classification_011055.png
2025-09-10 00:25:19 - [DEBUG] - STREAM b'IHDR' 16 13
2025-09-10 00:25:19 - [DEBUG] - STREAM b'IDAT' 41 1000
2025-09-10 00:25:19 - [INFO] - [DEBUG]   Loaded hotspot layer: F:\projek dosen\prototype riset\hotspot-analyzer\data\PLANAR\NSY\0001158915\20241204\20250826\ant_hotspot_classification_011055.png
2025-09-10 00:25:19 - [INFO] - [DEBUG] Hotspot type: EDITED
2025-09-10 00:25:19 - [INFO] - [DEBUG] Loading bbox layer for Anterior
2025-09-10 00:25:19 - [INFO] - [DEBUG] Looking for classification XML (NEWEST): F:\projek dosen\prototype riset\hotspot-analyzer\data\PLANAR\NSY\0001158915\20241204\20250826\ant_hotspot_classification_011055.xml
2025-09-10 00:25:19 - [INFO] - [DEBUG] Loading CLASSIFICATION XML for bbox: F:\projek dosen\prototype riset\hotspot-analyzer\data\PLANAR\NSY\0001158915\20241204\20250826\ant_hotspot_classification_011055.xml
2025-09-10 00:25:19 - [INFO] - [DEBUG] Drew CLASSIFICATION Abnormal bbox: (63,74) -> (72,84)
2025-09-10 00:25:19 - [INFO] - [DEBUG] Drew CLASSIFICATION Abnormal bbox: (180,129) -> (213,158)
2025-09-10 00:25:19 - [INFO] - [DEBUG]   Created CLASSIFICATION bbox visualization with 2 boxes
2025-09-10 00:25:19 - [INFO] - [DEBUG]   Loaded bbox layer: F:\projek dosen\prototype riset\hotspot-analyzer\data\PLANAR\NSY\0001158915\20241204\20250826\ant_hotspot_classification_011055.xml
2025-09-10 00:25:19 - [INFO] - [DEBUG] BBox XML type: EDITED
2025-09-10 00:25:19 - [INFO] - [CACHE STORE] Not caching due to adjustments/overrides/invert
2025-09-10 00:25:19 - [INFO] - [DEBUG]   Loaded 4 layers for Anterior: ['Image', 'Segmentation', 'Hotspot', 'HotspotBBox']
2025-09-10 00:25:19 - [INFO] - [DEBUG] Available CLASSIFICATION layers in files: ['Image', 'Segmentation', 'Hotspot', 'HotspotBBox']
2025-09-10 00:25:19 - [INFO] - [DEBUG]   Added CLASSIFICATION Image to card 0 (opacity: 1.00)
2025-09-10 00:25:19 - [INFO] - [DEBUG]   CLASSIFICATION card 0 composite created with layers: ['Image']
2025-09-10 00:25:19 - [INFO] - [DEBUG] Creating CLASSIFICATION card 0 for view: Posterior
2025-09-10 00:25:19 - [INFO] - [DEBUG] Active layers selected: ['Image']
2025-09-10 00:25:19 - [INFO] - [DEBUG] DICOM path: F:\projek dosen\prototype riset\hotspot-analyzer\data\PLANAR\NSY\0001158915\20241204\ANT001_DS.dcm
2025-09-10 00:25:19 - [INFO] - [DEBUG] Current view: Posterior
2025-09-10 00:25:19 - [INFO] - [CACHE DEBUG] use_cache=False
2025-09-10 00:25:19 - [INFO] - [CACHE DEBUG] has_adjustments=False (B=0.00, C=1.00)
2025-09-10 00:25:19 - [INFO] - [CACHE DEBUG] has_overrides=False (override_b=None, override_c=None)
2025-09-10 00:25:19 - [INFO] - [CACHE DEBUG] invert_original=True
2025-09-10 00:25:19 - [INFO] - [CACHE SKIP] Skipping cache due to adjustments/overrides/invert
2025-09-10 00:25:19 - [INFO] - [DEBUG] Path extraction: session=NSY, patient=0001158915, study_date=20241204
2025-09-10 00:25:19 - [INFO] - [DEBUG] Extracted patient info - ID: 0001158915, Session: NSY
2025-09-10 00:25:19 - [INFO] - [DEBUG] Original path: F:\projek dosen\prototype riset\hotspot-analyzer\data\PLANAR\NSY\0001158915\20241204\ANT001_DS.dcm
2025-09-10 00:25:19 - [INFO] - [DEBUG] Study date: 20241204
2025-09-10 00:25:19 - [INFO] - [DEBUG] Patient ID: 0001158915
2025-09-10 00:25:19 - [INFO] - [DEBUG] Session code: NSY
2025-09-10 00:25:19 - [INFO] - [DEBUG] Study date folder: F:\projek dosen\prototype riset\hotspot-analyzer\data\PLANAR\NSY\0001158915\20241204
2025-09-10 00:25:19 - [INFO] - [DEBUG] Loading original image for Posterior
2025-09-10 00:25:19 - [INFO] - [DEBUG] Looking for original PNG in study_date dir: F:\projek dosen\prototype riset\hotspot-analyzer\data\PLANAR\NSY\0001158915\20241204\post_original.png
2025-09-10 00:25:19 - [DEBUG] - STREAM b'IHDR' 16 13
2025-09-10 00:25:19 - [DEBUG] - STREAM b'IDAT' 41 65536
2025-09-10 00:25:19 - [INFO] - [DEBUG] Loaded original PNG from study_date dir: (256, 1024)
2025-09-10 00:25:19 - [INFO] - [DEBUG] Original image loaded: (256, 1024)
2025-09-10 00:25:19 - [INFO] - [DEBUG] Applying invert to original image
2025-09-10 00:25:19 - [INFO] - [DEBUG] simple_invert_pil_image: Processing L image, size = (256, 1024)
2025-09-10 00:25:19 - [INFO] - [DEBUG] simple_invert_image: input shape = (1024, 256), dtype = uint8
2025-09-10 00:25:19 - [INFO] - [DEBUG] Simple inversion completed: [0-255] -> [0-255]
2025-09-10 00:25:19 - [INFO] - [DEBUG] simple_invert_pil_image: completed
2025-09-10 00:25:19 - [INFO] - [DEBUG] Using STORED B/C values: B=0.00, C=1.00
2025-09-10 00:25:19 - [INFO] - [DEBUG]   Image layer loaded and processed
2025-09-10 00:25:19 - [INFO] - [DEBUG] Loading segmentation layer for Posterior
2025-09-10 00:25:19 - [INFO] - [DEBUG] Looking for segmentation (NEWEST): F:\projek dosen\prototype riset\hotspot-analyzer\data\PLANAR\NSY\0001158915\20241204\post_segm.png
2025-09-10 00:25:19 - [DEBUG] - STREAM b'IHDR' 16 13
2025-09-10 00:25:19 - [DEBUG] - STREAM b'IDAT' 41 4625
2025-09-10 00:25:19 - [INFO] - [DEBUG]   Loaded segmentation with transparency: F:\projek dosen\prototype riset\hotspot-analyzer\data\PLANAR\NSY\0001158915\20241204\post_segm.png
2025-09-10 00:25:19 - [INFO] - [DEBUG] Segmentation type: ORIGINAL
2025-09-10 00:25:19 - [INFO] - [DEBUG] Loading hotspot layer for Posterior
2025-09-10 00:25:19 - [INFO] - [DEBUG] Looking for hotspot classification (NEWEST): F:\projek dosen\prototype riset\hotspot-analyzer\data\PLANAR\NSY\0001158915\20241204\post_hotspot_classification.png
2025-09-10 00:25:19 - [INFO] - [DEBUG] No hotspot classification found: F:\projek dosen\prototype riset\hotspot-analyzer\data\PLANAR\NSY\0001158915\20241204\post_hotspot_classification.png
2025-09-10 00:25:19 - [INFO] - [DEBUG] Loading bbox layer for Posterior
2025-09-10 00:25:19 - [INFO] - [DEBUG] Looking for classification XML (NEWEST): F:\projek dosen\prototype riset\hotspot-analyzer\data\PLANAR\NSY\0001158915\20241204\post_hotspot_classification.xml
2025-09-10 00:25:19 - [INFO] - [DEBUG] No classification XML found: F:\projek dosen\prototype riset\hotspot-analyzer\data\PLANAR\NSY\0001158915\20241204\post_hotspot_classification.xml
2025-09-10 00:25:19 - [INFO] - [CACHE STORE] Not caching due to adjustments/overrides/invert
2025-09-10 00:25:19 - [INFO] - [DEBUG]   Loaded 2 layers for Posterior: ['Image', 'Segmentation']
2025-09-10 00:25:19 - [INFO] - [DEBUG] Available CLASSIFICATION layers in files: ['Image', 'Segmentation']
2025-09-10 00:25:19 - [INFO] - [DEBUG]   Added CLASSIFICATION Image to card 0 (opacity: 1.00)
2025-09-10 00:25:19 - [INFO] - [DEBUG]   CLASSIFICATION card 0 composite created with layers: ['Image']
2025-09-10 00:25:19 - [INFO] - [SMART UPDATE] State updated - Type: full
2025-09-10 00:25:19 - [INFO] - [MainWindow]   Timeline updated with BSI integration
2025-09-10 00:25:19 - [INFO] - 
2025-09-10 00:25:19 - [INFO] - 🏠 [DEBUG MAIN GANTENG] ===================
2025-09-10 00:25:19 - [INFO] - 🏠 [DEBUG MAIN] Loading BSI data for selected scan
2025-09-10 00:25:19 - [INFO] - 🏠 [DEBUG MAIN] Session code: NSY
2025-09-10 00:25:19 - [INFO] - 🏠 [DEBUG MAIN] Scan data keys: ['meta', 'frames', 'path', 'workflow_files']
2025-09-10 00:25:19 - [INFO] - 🏠 [DEBUG MAIN] DICOM path: F:\projek dosen\prototype riset\hotspot-analyzer\data\PLANAR\NSY\0001158915\20241204\ANT001_DS.dcm
2025-09-10 00:25:19 - [INFO] - 🏠 [DEBUG MAIN] DICOM exists: True
2025-09-10 00:25:19 - [INFO] - 🏠 [DEBUG MAIN] Initial patient folder: F:\projek dosen\prototype riset\hotspot-analyzer\data\PLANAR\NSY\0001158915\20241204
2025-09-10 00:25:19 - [INFO] - 🏠 [DEBUG MAIN] Initial patient folder exists: True
2025-09-10 00:25:19 - [INFO] - 🏠 [DEBUG MAIN] Initial patient folder name: 20241204
2025-09-10 00:25:19 - [INFO] - 🏠 [DEBUG MAIN] Study date from DICOM: 20241204
2025-09-10 00:25:19 - [INFO] - 🏠 [DEBUG MAIN] Detected study_date folder structure
2025-09-10 00:25:19 - [INFO] - 🏠 [DEBUG MAIN] Corrected patient folder: F:\projek dosen\prototype riset\hotspot-analyzer\data\PLANAR\NSY\0001158915
2025-09-10 00:25:19 - [INFO] - 🏠 [DEBUG MAIN] Corrected patient ID: 0001158915
2025-09-10 00:25:19 - [INFO] - 🏠 [DEBUG MAIN] Corrected study date: 20241204
2025-09-10 00:25:19 - [INFO] - [DEBUG QUANT FILES] Getting quantification files for: F:\projek dosen\prototype riset\hotspot-analyzer\data\PLANAR\NSY\0001158915\20241204
2025-09-10 00:25:19 - [INFO] - [DEBUG QUANT FILES] Detected study_date folder: F:\projek dosen\prototype riset\hotspot-analyzer\data\PLANAR\NSY\0001158915\20241204
2025-09-10 00:25:19 - [INFO] - [DEBUG QUANT FILES] Generated paths:
2025-09-10 00:25:19 - [INFO] - [DEBUG QUANT FILES]   bsi_json_ant: F:\projek dosen\prototype riset\hotspot-analyzer\data\PLANAR\NSY\0001158915\20241204\bsi_quantification_ant.json (exists: True)
2025-09-10 00:25:19 - [INFO] - [DEBUG QUANT FILES]   bsi_json_post: F:\projek dosen\prototype riset\hotspot-analyzer\data\PLANAR\NSY\0001158915\20241204\bsi_quantification_post.json (exists: False)
2025-09-10 00:25:19 - [INFO] - 🏠 [DEBUG MAIN] BSI files in study_date folder:
2025-09-10 00:25:19 - [INFO] - 🏠 [DEBUG MAIN]   Anterior: True
2025-09-10 00:25:19 - [INFO] - 🏠 [DEBUG MAIN]   Posterior: False
2025-09-10 00:25:19 - [INFO] - 🏠 [DEBUG MAIN] Found BSI files in study_date folder, using it
2025-09-10 00:25:19 - [INFO] - [BSI CANVAS] Using patient folder for trend: F:\projek dosen\prototype riset\hotspot-analyzer\data\PLANAR\NSY\0001158915
2025-09-10 00:25:19 - [INFO] - [DEBUG BSI] Using patient folder directly: F:\projek dosen\prototype riset\hotspot-analyzer\data\PLANAR\NSY\0001158915
2025-09-10 00:25:19 - [INFO] - [DEBUG BSI] Found study_date folder: 20241204
2025-09-10 00:25:19 - [INFO] - [DEBUG BSI]     - 20241204 (DIR)
2025-09-10 00:25:19 - [INFO] - [DEBUG BSI]     - 20250824 (DIR)
2025-09-10 00:25:19 - [INFO] - [DEBUG BSI]     - 20250826 (DIR)
2025-09-10 00:25:19 - [INFO] - [DEBUG BSI]     - ANT001_DS.dcm (FILE)
2025-09-10 00:25:19 - [INFO] - [DEBUG BSI]     - ant_hotspot_classification.json (FILE)
2025-09-10 00:25:19 - [INFO] - [DEBUG BSI]     - ant_hotspot_classification.png (FILE)
2025-09-10 00:25:19 - [INFO] - [DEBUG BSI]     - ant_hotspot_classification.xml (FILE)
2025-09-10 00:25:19 - [INFO] - [DEBUG BSI]     - ant_hotspot_otsu_colored.png (FILE)
2025-09-10 00:25:19 - [INFO] - [DEBUG BSI]     - ant_hotspot_otsu_colored_blend.png (FILE)
2025-09-10 00:25:19 - [INFO] - [DEBUG BSI]     - ant_hotspot_otsu_grayscale.png (FILE)
2025-09-10 00:25:19 - [INFO] - [DEBUG BSI]     - ant_hotspot_yolo.xml (FILE)
2025-09-10 00:25:19 - [INFO] - [DEBUG BSI]     - ant_mask.png (FILE)
2025-09-10 00:25:19 - [INFO] - [DEBUG BSI]     - ant_original.png (FILE)
2025-09-10 00:25:19 - [INFO] - [DEBUG BSI]     - ant_segm.png (FILE)
2025-09-10 00:25:19 - [INFO] - [DEBUG BSI]     - bsi_quantification_ant.json (FILE)
2025-09-10 00:25:19 - [INFO] - [DEBUG BSI]     - post_hotspot_otsu_colored.png (FILE)
2025-09-10 00:25:19 - [INFO] - [DEBUG BSI]     - post_hotspot_otsu_colored_blend.png (FILE)
2025-09-10 00:25:19 - [INFO] - [DEBUG BSI]     - post_hotspot_otsu_grayscale.png (FILE)
2025-09-10 00:25:19 - [INFO] - [DEBUG BSI]     - post_hotspot_yolo.xml (FILE)
2025-09-10 00:25:19 - [INFO] - [DEBUG BSI]     - post_mask.png (FILE)
2025-09-10 00:25:19 - [INFO] - [DEBUG BSI]     - post_original.png (FILE)
2025-09-10 00:25:19 - [INFO] - [DEBUG BSI]     - post_segm.png (FILE)
2025-09-10 00:25:19 - [INFO] - [DEBUG BSI CANVAS] Processing date: 20241204, mode: single_view_anterior
2025-09-10 00:25:19 - [INFO] - [DEBUG BSI CANVAS] Added: Ant=0.3730588265879179 Post=None
2025-09-10 00:25:19 - [INFO] - [DEBUG QUANT FILES] Getting quantification files for: F:\projek dosen\prototype riset\hotspot-analyzer\data\PLANAR\NSY\0001158915\20241204
2025-09-10 00:25:19 - [INFO] - [DEBUG QUANT FILES] Detected study_date folder: F:\projek dosen\prototype riset\hotspot-analyzer\data\PLANAR\NSY\0001158915\20241204
2025-09-10 00:25:19 - [INFO] - [DEBUG QUANT FILES] Generated paths:
2025-09-10 00:25:19 - [INFO] - [DEBUG QUANT FILES]   bsi_json_ant: F:\projek dosen\prototype riset\hotspot-analyzer\data\PLANAR\NSY\0001158915\20241204\bsi_quantification_ant.json (exists: True)
2025-09-10 00:25:19 - [INFO] - [DEBUG QUANT FILES]   bsi_json_post: F:\projek dosen\prototype riset\hotspot-analyzer\data\PLANAR\NSY\0001158915\20241204\bsi_quantification_post.json (exists: False)
2025-09-10 00:25:19 - [INFO] - 📖 [DEBUG RESULTS] Processing anterior-only data
2025-09-10 00:25:19 - [INFO] - 📖 [DEBUG RESULTS]   Successfully loaded V1.2 results
2025-09-10 00:25:19 - [INFO] - 🏠 [DEBUG MAIN] BSI panel load result: True
2025-09-10 00:25:19 - [INFO] - [DEBUG] Path extraction: session=NSY, patient=0001158915, study_date=20241204
2025-09-10 00:25:19 - [INFO] - [DEBUG] Extracted patient info - ID: 0001158915, Session: NSY
2025-09-10 00:25:19 - [INFO] - [DEBUG] Original path: F:\projek dosen\prototype riset\hotspot-analyzer\data\PLANAR\NSY\0001158915\20241204\ANT001_DS.dcm
2025-09-10 00:25:19 - [INFO] - [EDIT BUTTONS] Has scan: True, Has seg data: True, Can edit hotspot: True
2025-09-10 00:25:19 - [INFO] - [EDIT BUTTONS] Seg button enabled: True, Hotspot button enabled: True
2025-09-10 00:25:20 - [INFO] - [DEBUG] Checkbox Segmentation toggled: True
2025-09-10 00:25:20 - [INFO] - [DEBUG] Active layers: ['Image', 'Segmentation']
2025-09-10 00:25:20 - [INFO] - [DEBUG] Layers changed to: ['Image', 'Segmentation']
2025-09-10 00:25:20 - [INFO] - [SMART UPDATE] Change type: layers
2025-09-10 00:25:20 - [INFO] - [SMART UPDATE] Layers added: ['Segmentation']
2025-09-10 00:25:20 - [INFO] - [DEBUG] Timeline active layers set to: ['Image', 'Segmentation']
2025-09-10 00:25:20 - [INFO] - [SMART UPDATE] Full rebuild required for change type: layers
2025-09-10 00:25:20 - [INFO] - [DEBUG] Rebuilding timeline for active scan index: 0
2025-09-10 00:25:20 - [INFO] - [DEBUG] Creating CLASSIFICATION card 0 for view: Anterior
2025-09-10 00:25:20 - [INFO] - [DEBUG] Active layers selected: ['Image', 'Segmentation']
2025-09-10 00:25:20 - [INFO] - [DEBUG] DICOM path: F:\projek dosen\prototype riset\hotspot-analyzer\data\PLANAR\NSY\0001158915\20241204\ANT001_DS.dcm
2025-09-10 00:25:20 - [INFO] - [DEBUG] Current view: Anterior
2025-09-10 00:25:20 - [INFO] - [CACHE DEBUG] use_cache=False
2025-09-10 00:25:20 - [INFO] - [CACHE DEBUG] has_adjustments=False (B=0.00, C=1.00)
2025-09-10 00:25:20 - [INFO] - [CACHE DEBUG] has_overrides=False (override_b=None, override_c=None)
2025-09-10 00:25:20 - [INFO] - [CACHE DEBUG] invert_original=True
2025-09-10 00:25:20 - [INFO] - [CACHE SKIP] Skipping cache due to adjustments/overrides/invert
2025-09-10 00:25:20 - [INFO] - [DEBUG] Path extraction: session=NSY, patient=0001158915, study_date=20241204
2025-09-10 00:25:20 - [INFO] - [DEBUG] Extracted patient info - ID: 0001158915, Session: NSY
2025-09-10 00:25:20 - [INFO] - [DEBUG] Original path: F:\projek dosen\prototype riset\hotspot-analyzer\data\PLANAR\NSY\0001158915\20241204\ANT001_DS.dcm
2025-09-10 00:25:20 - [INFO] - [DEBUG] Study date: 20241204
2025-09-10 00:25:20 - [INFO] - [DEBUG] Patient ID: 0001158915
2025-09-10 00:25:20 - [INFO] - [DEBUG] Session code: NSY
2025-09-10 00:25:20 - [INFO] - [DEBUG] Study date folder: F:\projek dosen\prototype riset\hotspot-analyzer\data\PLANAR\NSY\0001158915\20241204
2025-09-10 00:25:20 - [INFO] - [DEBUG] Loading original image for Anterior
2025-09-10 00:25:20 - [INFO] - [DEBUG] Looking for original PNG in study_date dir: F:\projek dosen\prototype riset\hotspot-analyzer\data\PLANAR\NSY\0001158915\20241204\ant_original.png
2025-09-10 00:25:20 - [DEBUG] - STREAM b'IHDR' 16 13
2025-09-10 00:25:20 - [DEBUG] - STREAM b'IDAT' 41 65536
2025-09-10 00:25:20 - [INFO] - [DEBUG] Loaded original PNG from study_date dir: (256, 1024)
2025-09-10 00:25:20 - [INFO] - [DEBUG] Original image loaded: (256, 1024)
2025-09-10 00:25:20 - [INFO] - [DEBUG] Applying invert to original image
2025-09-10 00:25:20 - [INFO] - [DEBUG] simple_invert_pil_image: Processing L image, size = (256, 1024)
2025-09-10 00:25:20 - [INFO] - [DEBUG] simple_invert_image: input shape = (1024, 256), dtype = uint8
2025-09-10 00:25:20 - [INFO] - [DEBUG] Simple inversion completed: [0-255] -> [0-255]
2025-09-10 00:25:20 - [INFO] - [DEBUG] simple_invert_pil_image: completed
2025-09-10 00:25:20 - [INFO] - [DEBUG] Using STORED B/C values: B=0.00, C=1.00
2025-09-10 00:25:20 - [INFO] - [DEBUG]   Image layer loaded and processed
2025-09-10 00:25:20 - [INFO] - [DEBUG] Loading segmentation layer for Anterior
2025-09-10 00:25:20 - [INFO] - [DEBUG] Looking for segmentation (NEWEST): F:\projek dosen\prototype riset\hotspot-analyzer\data\PLANAR\NSY\0001158915\20241204\20250826\ant_segm_011039.png
2025-09-10 00:25:20 - [DEBUG] - STREAM b'IHDR' 16 13
2025-09-10 00:25:20 - [DEBUG] - STREAM b'IDAT' 41 5158
2025-09-10 00:25:20 - [INFO] - [DEBUG]   Loaded segmentation with transparency: F:\projek dosen\prototype riset\hotspot-analyzer\data\PLANAR\NSY\0001158915\20241204\20250826\ant_segm_011039.png
2025-09-10 00:25:20 - [INFO] - [DEBUG] Segmentation type: EDITED
2025-09-10 00:25:20 - [INFO] - [DEBUG] Loading hotspot layer for Anterior
2025-09-10 00:25:20 - [INFO] - [DEBUG] Looking for hotspot classification (NEWEST): F:\projek dosen\prototype riset\hotspot-analyzer\data\PLANAR\NSY\0001158915\20241204\20250826\ant_hotspot_classification_011055.png
2025-09-10 00:25:20 - [DEBUG] - STREAM b'IHDR' 16 13
2025-09-10 00:25:20 - [DEBUG] - STREAM b'IDAT' 41 1000
2025-09-10 00:25:20 - [INFO] - [DEBUG]   Loaded hotspot layer: F:\projek dosen\prototype riset\hotspot-analyzer\data\PLANAR\NSY\0001158915\20241204\20250826\ant_hotspot_classification_011055.png
2025-09-10 00:25:20 - [INFO] - [DEBUG] Hotspot type: EDITED
2025-09-10 00:25:20 - [INFO] - [DEBUG] Loading bbox layer for Anterior
2025-09-10 00:25:20 - [INFO] - [DEBUG] Looking for classification XML (NEWEST): F:\projek dosen\prototype riset\hotspot-analyzer\data\PLANAR\NSY\0001158915\20241204\20250826\ant_hotspot_classification_011055.xml
2025-09-10 00:25:20 - [INFO] - [DEBUG] Loading CLASSIFICATION XML for bbox: F:\projek dosen\prototype riset\hotspot-analyzer\data\PLANAR\NSY\0001158915\20241204\20250826\ant_hotspot_classification_011055.xml
2025-09-10 00:25:20 - [INFO] - [DEBUG] Drew CLASSIFICATION Abnormal bbox: (63,74) -> (72,84)
2025-09-10 00:25:20 - [INFO] - [DEBUG] Drew CLASSIFICATION Abnormal bbox: (180,129) -> (213,158)
2025-09-10 00:25:20 - [INFO] - [DEBUG]   Created CLASSIFICATION bbox visualization with 2 boxes
2025-09-10 00:25:20 - [INFO] - [DEBUG]   Loaded bbox layer: F:\projek dosen\prototype riset\hotspot-analyzer\data\PLANAR\NSY\0001158915\20241204\20250826\ant_hotspot_classification_011055.xml
2025-09-10 00:25:20 - [INFO] - [DEBUG] BBox XML type: EDITED
2025-09-10 00:25:20 - [INFO] - [CACHE STORE] Not caching due to adjustments/overrides/invert
2025-09-10 00:25:20 - [INFO] - [DEBUG]   Loaded 4 layers for Anterior: ['Image', 'Segmentation', 'Hotspot', 'HotspotBBox']
2025-09-10 00:25:20 - [INFO] - [DEBUG] Available CLASSIFICATION layers in files: ['Image', 'Segmentation', 'Hotspot', 'HotspotBBox']
2025-09-10 00:25:20 - [INFO] - [DEBUG]   Added CLASSIFICATION Image to card 0 (opacity: 1.00)
2025-09-10 00:25:20 - [INFO] - [DEBUG]   Added CLASSIFICATION Segmentation to card 0 (opacity: 0.40)
2025-09-10 00:25:20 - [INFO] - [DEBUG]   CLASSIFICATION card 0 composite created with layers: ['Image', 'Segmentation']
2025-09-10 00:25:20 - [INFO] - [DEBUG] Creating CLASSIFICATION card 0 for view: Posterior
2025-09-10 00:25:20 - [INFO] - [DEBUG] Active layers selected: ['Image', 'Segmentation']
2025-09-10 00:25:20 - [INFO] - [DEBUG] DICOM path: F:\projek dosen\prototype riset\hotspot-analyzer\data\PLANAR\NSY\0001158915\20241204\ANT001_DS.dcm
2025-09-10 00:25:20 - [INFO] - [DEBUG] Current view: Posterior
2025-09-10 00:25:20 - [INFO] - [CACHE DEBUG] use_cache=False
2025-09-10 00:25:20 - [INFO] - [CACHE DEBUG] has_adjustments=False (B=0.00, C=1.00)
2025-09-10 00:25:20 - [INFO] - [CACHE DEBUG] has_overrides=False (override_b=None, override_c=None)
2025-09-10 00:25:20 - [INFO] - [CACHE DEBUG] invert_original=True
2025-09-10 00:25:20 - [INFO] - [CACHE SKIP] Skipping cache due to adjustments/overrides/invert
2025-09-10 00:25:20 - [INFO] - [DEBUG] Path extraction: session=NSY, patient=0001158915, study_date=20241204
2025-09-10 00:25:20 - [INFO] - [DEBUG] Extracted patient info - ID: 0001158915, Session: NSY
2025-09-10 00:25:20 - [INFO] - [DEBUG] Original path: F:\projek dosen\prototype riset\hotspot-analyzer\data\PLANAR\NSY\0001158915\20241204\ANT001_DS.dcm
2025-09-10 00:25:20 - [INFO] - [DEBUG] Study date: 20241204
2025-09-10 00:25:20 - [INFO] - [DEBUG] Patient ID: 0001158915
2025-09-10 00:25:20 - [INFO] - [DEBUG] Session code: NSY
2025-09-10 00:25:20 - [INFO] - [DEBUG] Study date folder: F:\projek dosen\prototype riset\hotspot-analyzer\data\PLANAR\NSY\0001158915\20241204
2025-09-10 00:25:20 - [INFO] - [DEBUG] Loading original image for Posterior
2025-09-10 00:25:20 - [INFO] - [DEBUG] Looking for original PNG in study_date dir: F:\projek dosen\prototype riset\hotspot-analyzer\data\PLANAR\NSY\0001158915\20241204\post_original.png
2025-09-10 00:25:20 - [DEBUG] - STREAM b'IHDR' 16 13
2025-09-10 00:25:20 - [DEBUG] - STREAM b'IDAT' 41 65536
2025-09-10 00:25:20 - [INFO] - [DEBUG] Loaded original PNG from study_date dir: (256, 1024)
2025-09-10 00:25:20 - [INFO] - [DEBUG] Original image loaded: (256, 1024)
2025-09-10 00:25:20 - [INFO] - [DEBUG] Applying invert to original image
2025-09-10 00:25:20 - [INFO] - [DEBUG] simple_invert_pil_image: Processing L image, size = (256, 1024)
2025-09-10 00:25:20 - [INFO] - [DEBUG] simple_invert_image: input shape = (1024, 256), dtype = uint8
2025-09-10 00:25:20 - [INFO] - [DEBUG] Simple inversion completed: [0-255] -> [0-255]
2025-09-10 00:25:20 - [INFO] - [DEBUG] simple_invert_pil_image: completed
2025-09-10 00:25:20 - [INFO] - [DEBUG] Using STORED B/C values: B=0.00, C=1.00
2025-09-10 00:25:20 - [INFO] - [DEBUG]   Image layer loaded and processed
2025-09-10 00:25:20 - [INFO] - [DEBUG] Loading segmentation layer for Posterior
2025-09-10 00:25:20 - [INFO] - [DEBUG] Looking for segmentation (NEWEST): F:\projek dosen\prototype riset\hotspot-analyzer\data\PLANAR\NSY\0001158915\20241204\post_segm.png
2025-09-10 00:25:20 - [DEBUG] - STREAM b'IHDR' 16 13
2025-09-10 00:25:20 - [DEBUG] - STREAM b'IDAT' 41 4625
2025-09-10 00:25:20 - [INFO] - [DEBUG]   Loaded segmentation with transparency: F:\projek dosen\prototype riset\hotspot-analyzer\data\PLANAR\NSY\0001158915\20241204\post_segm.png
2025-09-10 00:25:20 - [INFO] - [DEBUG] Segmentation type: ORIGINAL
2025-09-10 00:25:20 - [INFO] - [DEBUG] Loading hotspot layer for Posterior
2025-09-10 00:25:20 - [INFO] - [DEBUG] Looking for hotspot classification (NEWEST): F:\projek dosen\prototype riset\hotspot-analyzer\data\PLANAR\NSY\0001158915\20241204\post_hotspot_classification.png
2025-09-10 00:25:20 - [INFO] - [DEBUG] No hotspot classification found: F:\projek dosen\prototype riset\hotspot-analyzer\data\PLANAR\NSY\0001158915\20241204\post_hotspot_classification.png
2025-09-10 00:25:20 - [INFO] - [DEBUG] Loading bbox layer for Posterior
2025-09-10 00:25:20 - [INFO] - [DEBUG] Looking for classification XML (NEWEST): F:\projek dosen\prototype riset\hotspot-analyzer\data\PLANAR\NSY\0001158915\20241204\post_hotspot_classification.xml
2025-09-10 00:25:20 - [INFO] - [DEBUG] No classification XML found: F:\projek dosen\prototype riset\hotspot-analyzer\data\PLANAR\NSY\0001158915\20241204\post_hotspot_classification.xml
2025-09-10 00:25:20 - [INFO] - [CACHE STORE] Not caching due to adjustments/overrides/invert
2025-09-10 00:25:20 - [INFO] - [DEBUG]   Loaded 2 layers for Posterior: ['Image', 'Segmentation']
2025-09-10 00:25:20 - [INFO] - [DEBUG] Available CLASSIFICATION layers in files: ['Image', 'Segmentation']
2025-09-10 00:25:20 - [INFO] - [DEBUG]   Added CLASSIFICATION Image to card 0 (opacity: 1.00)
2025-09-10 00:25:20 - [INFO] - [DEBUG]   Added CLASSIFICATION Segmentation to card 0 (opacity: 0.40)
2025-09-10 00:25:20 - [INFO] - [DEBUG]   CLASSIFICATION card 0 composite created with layers: ['Image', 'Segmentation']
2025-09-10 00:25:20 - [INFO] - [SMART UPDATE] State updated - Type: full
2025-09-10 00:25:20 - [INFO] - [SMART UPDATE] State updated - Type: layers
2025-09-10 00:25:20 - [INFO] - [DEBUG] Path extraction: session=NSY, patient=0001158915, study_date=20241204
2025-09-10 00:25:20 - [INFO] - [DEBUG] Extracted patient info - ID: 0001158915, Session: NSY
2025-09-10 00:25:20 - [INFO] - [DEBUG] Original path: F:\projek dosen\prototype riset\hotspot-analyzer\data\PLANAR\NSY\0001158915\20241204\ANT001_DS.dcm
2025-09-10 00:25:20 - [INFO] - [EDIT BUTTONS] Has scan: True, Has seg data: True, Can edit hotspot: True
2025-09-10 00:25:20 - [INFO] - [EDIT BUTTONS] Seg button enabled: True, Hotspot button enabled: True
2025-09-10 00:25:20 - [INFO] - [DEBUG] Checkbox Hotspot toggled: True
2025-09-10 00:25:20 - [INFO] - [DEBUG] Active layers: ['Image', 'Segmentation', 'Hotspot']
2025-09-10 00:25:20 - [INFO] - [DEBUG] Layers changed to: ['Image', 'Segmentation', 'Hotspot']
2025-09-10 00:25:20 - [INFO] - [SMART UPDATE] Change type: layers
2025-09-10 00:25:20 - [INFO] - [SMART UPDATE] Layers added: ['Hotspot']
2025-09-10 00:25:20 - [INFO] - [DEBUG] Timeline active layers set to: ['Image', 'Segmentation', 'Hotspot']
2025-09-10 00:25:20 - [INFO] - [SMART UPDATE] Full rebuild required for change type: layers
2025-09-10 00:25:20 - [INFO] - [DEBUG] Rebuilding timeline for active scan index: 0
2025-09-10 00:25:20 - [INFO] - [DEBUG] Creating CLASSIFICATION card 0 for view: Anterior
2025-09-10 00:25:20 - [INFO] - [DEBUG] Active layers selected: ['Image', 'Segmentation', 'Hotspot']
2025-09-10 00:25:20 - [INFO] - [DEBUG] DICOM path: F:\projek dosen\prototype riset\hotspot-analyzer\data\PLANAR\NSY\0001158915\20241204\ANT001_DS.dcm
2025-09-10 00:25:20 - [INFO] - [DEBUG] Current view: Anterior
2025-09-10 00:25:20 - [INFO] - [CACHE DEBUG] use_cache=False
2025-09-10 00:25:20 - [INFO] - [CACHE DEBUG] has_adjustments=False (B=0.00, C=1.00)
2025-09-10 00:25:20 - [INFO] - [CACHE DEBUG] has_overrides=False (override_b=None, override_c=None)
2025-09-10 00:25:20 - [INFO] - [CACHE DEBUG] invert_original=True
2025-09-10 00:25:20 - [INFO] - [CACHE SKIP] Skipping cache due to adjustments/overrides/invert
2025-09-10 00:25:20 - [INFO] - [DEBUG] Path extraction: session=NSY, patient=0001158915, study_date=20241204
2025-09-10 00:25:20 - [INFO] - [DEBUG] Extracted patient info - ID: 0001158915, Session: NSY
2025-09-10 00:25:20 - [INFO] - [DEBUG] Original path: F:\projek dosen\prototype riset\hotspot-analyzer\data\PLANAR\NSY\0001158915\20241204\ANT001_DS.dcm
2025-09-10 00:25:20 - [INFO] - [DEBUG] Study date: 20241204
2025-09-10 00:25:20 - [INFO] - [DEBUG] Patient ID: 0001158915
2025-09-10 00:25:20 - [INFO] - [DEBUG] Session code: NSY
2025-09-10 00:25:20 - [INFO] - [DEBUG] Study date folder: F:\projek dosen\prototype riset\hotspot-analyzer\data\PLANAR\NSY\0001158915\20241204
2025-09-10 00:25:20 - [INFO] - [DEBUG] Loading original image for Anterior
2025-09-10 00:25:20 - [INFO] - [DEBUG] Looking for original PNG in study_date dir: F:\projek dosen\prototype riset\hotspot-analyzer\data\PLANAR\NSY\0001158915\20241204\ant_original.png
2025-09-10 00:25:20 - [DEBUG] - STREAM b'IHDR' 16 13
2025-09-10 00:25:20 - [DEBUG] - STREAM b'IDAT' 41 65536
2025-09-10 00:25:20 - [INFO] - [DEBUG] Loaded original PNG from study_date dir: (256, 1024)
2025-09-10 00:25:20 - [INFO] - [DEBUG] Original image loaded: (256, 1024)
2025-09-10 00:25:20 - [INFO] - [DEBUG] Applying invert to original image
2025-09-10 00:25:20 - [INFO] - [DEBUG] simple_invert_pil_image: Processing L image, size = (256, 1024)
2025-09-10 00:25:20 - [INFO] - [DEBUG] simple_invert_image: input shape = (1024, 256), dtype = uint8
2025-09-10 00:25:20 - [INFO] - [DEBUG] Simple inversion completed: [0-255] -> [0-255]
2025-09-10 00:25:20 - [INFO] - [DEBUG] simple_invert_pil_image: completed
2025-09-10 00:25:20 - [INFO] - [DEBUG] Using STORED B/C values: B=0.00, C=1.00
2025-09-10 00:25:20 - [INFO] - [DEBUG]   Image layer loaded and processed
2025-09-10 00:25:20 - [INFO] - [DEBUG] Loading segmentation layer for Anterior
2025-09-10 00:25:20 - [INFO] - [DEBUG] Looking for segmentation (NEWEST): F:\projek dosen\prototype riset\hotspot-analyzer\data\PLANAR\NSY\0001158915\20241204\20250826\ant_segm_011039.png
2025-09-10 00:25:20 - [DEBUG] - STREAM b'IHDR' 16 13
2025-09-10 00:25:20 - [DEBUG] - STREAM b'IDAT' 41 5158
2025-09-10 00:25:20 - [INFO] - [DEBUG]   Loaded segmentation with transparency: F:\projek dosen\prototype riset\hotspot-analyzer\data\PLANAR\NSY\0001158915\20241204\20250826\ant_segm_011039.png
2025-09-10 00:25:20 - [INFO] - [DEBUG] Segmentation type: EDITED
2025-09-10 00:25:20 - [INFO] - [DEBUG] Loading hotspot layer for Anterior
2025-09-10 00:25:20 - [INFO] - [DEBUG] Looking for hotspot classification (NEWEST): F:\projek dosen\prototype riset\hotspot-analyzer\data\PLANAR\NSY\0001158915\20241204\20250826\ant_hotspot_classification_011055.png
2025-09-10 00:25:20 - [DEBUG] - STREAM b'IHDR' 16 13
2025-09-10 00:25:20 - [DEBUG] - STREAM b'IDAT' 41 1000
2025-09-10 00:25:20 - [INFO] - [DEBUG]   Loaded hotspot layer: F:\projek dosen\prototype riset\hotspot-analyzer\data\PLANAR\NSY\0001158915\20241204\20250826\ant_hotspot_classification_011055.png
2025-09-10 00:25:20 - [INFO] - [DEBUG] Hotspot type: EDITED
2025-09-10 00:25:20 - [INFO] - [DEBUG] Loading bbox layer for Anterior
2025-09-10 00:25:20 - [INFO] - [DEBUG] Looking for classification XML (NEWEST): F:\projek dosen\prototype riset\hotspot-analyzer\data\PLANAR\NSY\0001158915\20241204\20250826\ant_hotspot_classification_011055.xml
2025-09-10 00:25:20 - [INFO] - [DEBUG] Loading CLASSIFICATION XML for bbox: F:\projek dosen\prototype riset\hotspot-analyzer\data\PLANAR\NSY\0001158915\20241204\20250826\ant_hotspot_classification_011055.xml
2025-09-10 00:25:20 - [INFO] - [DEBUG] Drew CLASSIFICATION Abnormal bbox: (63,74) -> (72,84)
2025-09-10 00:25:20 - [INFO] - [DEBUG] Drew CLASSIFICATION Abnormal bbox: (180,129) -> (213,158)
2025-09-10 00:25:20 - [INFO] - [DEBUG]   Created CLASSIFICATION bbox visualization with 2 boxes
2025-09-10 00:25:20 - [INFO] - [DEBUG]   Loaded bbox layer: F:\projek dosen\prototype riset\hotspot-analyzer\data\PLANAR\NSY\0001158915\20241204\20250826\ant_hotspot_classification_011055.xml
2025-09-10 00:25:20 - [INFO] - [DEBUG] BBox XML type: EDITED
2025-09-10 00:25:20 - [INFO] - [CACHE STORE] Not caching due to adjustments/overrides/invert
2025-09-10 00:25:20 - [INFO] - [DEBUG]   Loaded 4 layers for Anterior: ['Image', 'Segmentation', 'Hotspot', 'HotspotBBox']
2025-09-10 00:25:20 - [INFO] - [DEBUG] Available CLASSIFICATION layers in files: ['Image', 'Segmentation', 'Hotspot', 'HotspotBBox']
2025-09-10 00:25:20 - [INFO] - [DEBUG]   Added CLASSIFICATION Image to card 0 (opacity: 1.00)
2025-09-10 00:25:20 - [INFO] - [DEBUG]   Added CLASSIFICATION Segmentation to card 0 (opacity: 0.40)
2025-09-10 00:25:20 - [INFO] - [DEBUG]   Added CLASSIFICATION Hotspot to card 0 (opacity: 0.50)
2025-09-10 00:25:20 - [INFO] - [DEBUG]   CLASSIFICATION card 0 composite created with layers: ['Image', 'Segmentation', 'Hotspot']
2025-09-10 00:25:20 - [INFO] - [DEBUG] Creating CLASSIFICATION card 0 for view: Posterior
2025-09-10 00:25:20 - [INFO] - [DEBUG] Active layers selected: ['Image', 'Segmentation', 'Hotspot']
2025-09-10 00:25:20 - [INFO] - [DEBUG] DICOM path: F:\projek dosen\prototype riset\hotspot-analyzer\data\PLANAR\NSY\0001158915\20241204\ANT001_DS.dcm
2025-09-10 00:25:20 - [INFO] - [DEBUG] Current view: Posterior
2025-09-10 00:25:20 - [INFO] - [CACHE DEBUG] use_cache=False
2025-09-10 00:25:20 - [INFO] - [CACHE DEBUG] has_adjustments=False (B=0.00, C=1.00)
2025-09-10 00:25:20 - [INFO] - [CACHE DEBUG] has_overrides=False (override_b=None, override_c=None)
2025-09-10 00:25:20 - [INFO] - [CACHE DEBUG] invert_original=True
2025-09-10 00:25:20 - [INFO] - [CACHE SKIP] Skipping cache due to adjustments/overrides/invert
2025-09-10 00:25:20 - [INFO] - [DEBUG] Path extraction: session=NSY, patient=0001158915, study_date=20241204
2025-09-10 00:25:20 - [INFO] - [DEBUG] Extracted patient info - ID: 0001158915, Session: NSY
2025-09-10 00:25:20 - [INFO] - [DEBUG] Original path: F:\projek dosen\prototype riset\hotspot-analyzer\data\PLANAR\NSY\0001158915\20241204\ANT001_DS.dcm
2025-09-10 00:25:20 - [INFO] - [DEBUG] Study date: 20241204
2025-09-10 00:25:20 - [INFO] - [DEBUG] Patient ID: 0001158915
2025-09-10 00:25:20 - [INFO] - [DEBUG] Session code: NSY
2025-09-10 00:25:20 - [INFO] - [DEBUG] Study date folder: F:\projek dosen\prototype riset\hotspot-analyzer\data\PLANAR\NSY\0001158915\20241204
2025-09-10 00:25:20 - [INFO] - [DEBUG] Loading original image for Posterior
2025-09-10 00:25:20 - [INFO] - [DEBUG] Looking for original PNG in study_date dir: F:\projek dosen\prototype riset\hotspot-analyzer\data\PLANAR\NSY\0001158915\20241204\post_original.png
2025-09-10 00:25:20 - [DEBUG] - STREAM b'IHDR' 16 13
2025-09-10 00:25:20 - [DEBUG] - STREAM b'IDAT' 41 65536
2025-09-10 00:25:20 - [INFO] - [DEBUG] Loaded original PNG from study_date dir: (256, 1024)
2025-09-10 00:25:20 - [INFO] - [DEBUG] Original image loaded: (256, 1024)
2025-09-10 00:25:20 - [INFO] - [DEBUG] Applying invert to original image
2025-09-10 00:25:20 - [INFO] - [DEBUG] simple_invert_pil_image: Processing L image, size = (256, 1024)
2025-09-10 00:25:20 - [INFO] - [DEBUG] simple_invert_image: input shape = (1024, 256), dtype = uint8
2025-09-10 00:25:20 - [INFO] - [DEBUG] Simple inversion completed: [0-255] -> [0-255]
2025-09-10 00:25:20 - [INFO] - [DEBUG] simple_invert_pil_image: completed
2025-09-10 00:25:20 - [INFO] - [DEBUG] Using STORED B/C values: B=0.00, C=1.00
2025-09-10 00:25:20 - [INFO] - [DEBUG]   Image layer loaded and processed
2025-09-10 00:25:20 - [INFO] - [DEBUG] Loading segmentation layer for Posterior
2025-09-10 00:25:20 - [INFO] - [DEBUG] Looking for segmentation (NEWEST): F:\projek dosen\prototype riset\hotspot-analyzer\data\PLANAR\NSY\0001158915\20241204\post_segm.png
2025-09-10 00:25:20 - [DEBUG] - STREAM b'IHDR' 16 13
2025-09-10 00:25:20 - [DEBUG] - STREAM b'IDAT' 41 4625
2025-09-10 00:25:20 - [INFO] - [DEBUG]   Loaded segmentation with transparency: F:\projek dosen\prototype riset\hotspot-analyzer\data\PLANAR\NSY\0001158915\20241204\post_segm.png
2025-09-10 00:25:20 - [INFO] - [DEBUG] Segmentation type: ORIGINAL
2025-09-10 00:25:20 - [INFO] - [DEBUG] Loading hotspot layer for Posterior
2025-09-10 00:25:20 - [INFO] - [DEBUG] Looking for hotspot classification (NEWEST): F:\projek dosen\prototype riset\hotspot-analyzer\data\PLANAR\NSY\0001158915\20241204\post_hotspot_classification.png
2025-09-10 00:25:20 - [INFO] - [DEBUG] No hotspot classification found: F:\projek dosen\prototype riset\hotspot-analyzer\data\PLANAR\NSY\0001158915\20241204\post_hotspot_classification.png
2025-09-10 00:25:20 - [INFO] - [DEBUG] Loading bbox layer for Posterior
2025-09-10 00:25:20 - [INFO] - [DEBUG] Looking for classification XML (NEWEST): F:\projek dosen\prototype riset\hotspot-analyzer\data\PLANAR\NSY\0001158915\20241204\post_hotspot_classification.xml
2025-09-10 00:25:20 - [INFO] - [DEBUG] No classification XML found: F:\projek dosen\prototype riset\hotspot-analyzer\data\PLANAR\NSY\0001158915\20241204\post_hotspot_classification.xml
2025-09-10 00:25:20 - [INFO] - [CACHE STORE] Not caching due to adjustments/overrides/invert
2025-09-10 00:25:20 - [INFO] - [DEBUG]   Loaded 2 layers for Posterior: ['Image', 'Segmentation']
2025-09-10 00:25:20 - [INFO] - [DEBUG] Available CLASSIFICATION layers in files: ['Image', 'Segmentation']
2025-09-10 00:25:20 - [INFO] - [DEBUG]   Added CLASSIFICATION Image to card 0 (opacity: 1.00)
2025-09-10 00:25:20 - [INFO] - [DEBUG]   Added CLASSIFICATION Segmentation to card 0 (opacity: 0.40)
2025-09-10 00:25:20 - [INFO] - [DEBUG]  Layer Hotspot not found in CLASSIFICATION files for card 0
2025-09-10 00:25:20 - [INFO] - [DEBUG]   CLASSIFICATION card 0 composite created with layers: ['Image', 'Segmentation']
2025-09-10 00:25:20 - [INFO] - [SMART UPDATE] State updated - Type: full
2025-09-10 00:25:20 - [INFO] - [SMART UPDATE] State updated - Type: layers
2025-09-10 00:25:20 - [INFO] - [DEBUG] Path extraction: session=NSY, patient=0001158915, study_date=20241204
2025-09-10 00:25:20 - [INFO] - [DEBUG] Extracted patient info - ID: 0001158915, Session: NSY
2025-09-10 00:25:20 - [INFO] - [DEBUG] Original path: F:\projek dosen\prototype riset\hotspot-analyzer\data\PLANAR\NSY\0001158915\20241204\ANT001_DS.dcm
2025-09-10 00:25:20 - [INFO] - [EDIT BUTTONS] Has scan: True, Has seg data: True, Can edit hotspot: True
2025-09-10 00:25:20 - [INFO] - [EDIT BUTTONS] Seg button enabled: True, Hotspot button enabled: True
2025-09-10 00:25:22 - [INFO] - [DEBUG] Checkbox All toggled: True
2025-09-10 00:25:22 - [INFO] - [DEBUG] Active layers: ['Image', 'Segmentation', 'Hotspot']
2025-09-10 00:25:22 - [INFO] - [DEBUG] Layers changed to: ['Image', 'Segmentation', 'Hotspot']
2025-09-10 00:25:22 - [INFO] - [SMART UPDATE] Change type: none
2025-09-10 00:25:22 - [INFO] - [DEBUG] Timeline active layers set to: ['Image', 'Segmentation', 'Hotspot']
2025-09-10 00:25:22 - [INFO] - [SMART UPDATE] No changes detected, skipping update
2025-09-10 00:25:22 - [INFO] - [DEBUG] Path extraction: session=NSY, patient=0001158915, study_date=20241204
2025-09-10 00:25:22 - [INFO] - [DEBUG] Extracted patient info - ID: 0001158915, Session: NSY
2025-09-10 00:25:22 - [INFO] - [DEBUG] Original path: F:\projek dosen\prototype riset\hotspot-analyzer\data\PLANAR\NSY\0001158915\20241204\ANT001_DS.dcm
2025-09-10 00:25:22 - [INFO] - [EDIT BUTTONS] Has scan: True, Has seg data: True, Can edit hotspot: True
2025-09-10 00:25:22 - [INFO] - [EDIT BUTTONS] Seg button enabled: True, Hotspot button enabled: True
2025-09-10 00:25:24 - [DEBUG] - STREAM b'IHDR' 16 13
2025-09-10 00:25:24 - [DEBUG] - STREAM b'IDAT' 41 65536
2025-09-10 00:25:24 - [INFO] - [DEBUG] simple_invert_image: input shape = (1024, 256), dtype = uint8
2025-09-10 00:25:24 - [INFO] - [DEBUG] Simple inversion completed: [0-255] -> [0-255]
2025-09-10 00:25:24 - [DEBUG] - STREAM b'IHDR' 16 13
2025-09-10 00:25:24 - [DEBUG] - STREAM b'IDAT' 41 65536
2025-09-10 00:25:24 - [INFO] - [SEGMENTATION LOAD] Loading mask for ant
2025-09-10 00:25:24 - [INFO] - [SEGMENTATION LOAD] Segmentation file: F:\projek dosen\prototype riset\hotspot-analyzer\data\PLANAR\NSY\0001158915\20241204\20250826\ant_segm_011039.png
2025-09-10 00:25:24 - [INFO] - [SEGMENTATION LOAD] File exists: True
2025-09-10 00:25:24 - [INFO] - ✓ Loading NEWEST segmentation mask from: ant_segm_011039.png
2025-09-10 00:25:24 - [DEBUG] - STREAM b'IHDR' 16 13
2025-09-10 00:25:24 - [DEBUG] - STREAM b'IDAT' 41 5158
2025-09-10 00:25:24 - [INFO] - Loading as colored segmentation from: ant_segm_011039.png
2025-09-10 00:25:24 - [DEBUG] - STREAM b'IHDR' 16 13
2025-09-10 00:25:24 - [DEBUG] - STREAM b'IDAT' 41 5158
2025-09-10 00:25:24 - [INFO] - Found 229264 pixels for label 0 (color [0, 0, 0])
2025-09-10 00:25:24 - [INFO] - Found 6008 pixels for label 1 (color [176, 230, 13])
2025-09-10 00:25:24 - [INFO] - Found 367 pixels for label 2 (color [0, 151, 219])
2025-09-10 00:25:24 - [INFO] - Found 526 pixels for label 3 (color [126, 230, 225])
2025-09-10 00:25:24 - [INFO] - Found 8025 pixels for label 4 (color [166, 55, 167])
2025-09-10 00:25:24 - [INFO] - Found 1118 pixels for label 5 (color [230, 157, 180])
2025-09-10 00:25:24 - [INFO] - Found 1049 pixels for label 6 (color [167, 110, 77])
2025-09-10 00:25:24 - [INFO] - Found 1627 pixels for label 7 (color [121, 0, 24])
2025-09-10 00:25:24 - [INFO] - Found 2637 pixels for label 8 (color [56, 65, 184])
2025-09-10 00:25:24 - [INFO] - Found 1473 pixels for label 9 (color [230, 218, 0])
2025-09-10 00:25:24 - [INFO] - Found 895 pixels for label 10 (color [230, 114, 35])
2025-09-10 00:25:24 - [INFO] - Found 4719 pixels for label 11 (color [12, 187, 62])
2025-09-10 00:25:24 - [INFO] - Found 4436 pixels for label 12 (color [230, 182, 22])
2025-09-10 00:25:24 - [INFO] - ✓ Loaded colored segmentation mask with 13 unique labels: [ 0  1  2  3  4  5  6  7  8  9 10 11 12]
2025-09-10 00:25:24 - [INFO] - 🔄 Saving initial states for all layers...
2025-09-10 00:25:24 - [INFO] - 🔄 Saved state for label 0, undo history length: 1
2025-09-10 00:25:24 - [INFO] - 🔄 Saved state for label 1, undo history length: 1
2025-09-10 00:25:24 - [INFO] - 🔄 Saved state for label 2, undo history length: 1
2025-09-10 00:25:24 - [INFO] - 🔄 Saved state for label 3, undo history length: 1
2025-09-10 00:25:24 - [INFO] - 🔄 Saved state for label 4, undo history length: 1
2025-09-10 00:25:24 - [INFO] - 🔄 Saved state for label 5, undo history length: 1
2025-09-10 00:25:24 - [INFO] - 🔄 Saved state for label 6, undo history length: 1
2025-09-10 00:25:24 - [INFO] - 🔄 Saved state for label 7, undo history length: 1
2025-09-10 00:25:24 - [INFO] - 🔄 Saved state for label 8, undo history length: 1
2025-09-10 00:25:24 - [INFO] - 🔄 Saved state for label 9, undo history length: 1
2025-09-10 00:25:24 - [INFO] - 🔄 Saved state for label 10, undo history length: 1
2025-09-10 00:25:24 - [INFO] - 🔄 Saved state for label 11, undo history length: 1
2025-09-10 00:25:24 - [INFO] - 🔄 Saved state for label 12, undo history length: 1
2025-09-10 00:25:24 - [INFO] - Initial states saved for 13 layers
2025-09-10 00:25:24 - [INFO] - All signals connected in SegmentationEditorDialog
2025-09-10 00:25:24 - [INFO] - Keyboard shortcuts setup: Ctrl+Z (Undo), Ctrl+Y (Redo)
2025-09-10 00:25:24 - [INFO] - 🔗 [DEBUG CONNECTION] Connecting segmentation editor signal...
2025-09-10 00:25:24 - [INFO] - 🔗 [DEBUG CONNECTION]   Segmentation editor signal connected!
2025-09-10 00:25:29 - [INFO] - 🎨 Applied brush changes to mask
2025-09-10 00:25:29 - [INFO] - 🎨 Applied brush changes to mask
2025-09-10 00:25:29 - [INFO] - 🎨 Applied brush changes to mask
2025-09-10 00:25:29 - [INFO] - 🎨 Applied brush changes to mask
2025-09-10 00:25:29 - [INFO] - 🎨 Applied brush changes to mask
2025-09-10 00:25:29 - [INFO] - 🎨 Applied brush changes to mask
2025-09-10 00:25:29 - [INFO] - 🎨 Applied brush changes to mask
2025-09-10 00:25:29 - [INFO] - 🎨 Applied brush changes to mask
2025-09-10 00:25:29 - [INFO] - 🎨 Applied brush changes to mask
2025-09-10 00:25:29 - [INFO] - 🎨 Applied brush changes to mask
2025-09-10 00:25:29 - [INFO] - 🎨 Applied brush changes to mask
2025-09-10 00:25:29 - [INFO] - 🎨 Applied brush changes to mask
2025-09-10 00:25:29 - [INFO] - 🎨 Applied brush changes to mask
2025-09-10 00:25:29 - [INFO] - 🎨 Applied brush changes to mask
2025-09-10 00:25:30 - [INFO] - 🎨 Applied brush changes to mask
2025-09-10 00:25:30 - [INFO] - 🔄 Saved state for label 1, undo history length: 2
2025-09-10 00:25:30 - [INFO] - 🔄 Saved current state for active label 1
2025-09-10 00:25:31 - [INFO] - 🎨 Applied brush changes to mask
2025-09-10 00:25:31 - [INFO] - 🎨 Applied brush changes to mask
2025-09-10 00:25:31 - [INFO] - 🎨 Applied brush changes to mask
2025-09-10 00:25:31 - [INFO] - 🎨 Applied brush changes to mask
2025-09-10 00:25:31 - [INFO] - 🎨 Applied brush changes to mask
2025-09-10 00:25:31 - [INFO] - 🎨 Applied brush changes to mask
2025-09-10 00:25:31 - [INFO] - 🎨 Applied brush changes to mask
2025-09-10 00:25:31 - [INFO] - 🎨 Applied brush changes to mask
2025-09-10 00:25:31 - [INFO] - 🎨 Applied brush changes to mask
2025-09-10 00:25:32 - [INFO] - 🎨 Applied brush changes to mask
2025-09-10 00:25:32 - [INFO] - 🎨 Applied brush changes to mask
2025-09-10 00:25:32 - [INFO] - 🎨 Applied brush changes to mask
2025-09-10 00:25:32 - [INFO] - 🎨 Applied brush changes to mask
2025-09-10 00:25:32 - [INFO] - 🎨 Applied brush changes to mask
2025-09-10 00:25:32 - [INFO] - 🎨 Applied brush changes to mask
2025-09-10 00:25:32 - [INFO] - 🎨 Applied brush changes to mask
2025-09-10 00:25:32 - [INFO] - 🎨 Applied brush changes to mask
2025-09-10 00:25:32 - [INFO] - 🎨 Applied brush changes to mask
2025-09-10 00:25:32 - [INFO] - 🎨 Applied brush changes to mask
2025-09-10 00:25:32 - [INFO] - 🎨 Applied brush changes to mask
2025-09-10 00:25:32 - [INFO] - 🎨 Applied brush changes to mask
2025-09-10 00:25:32 - [INFO] - 🎨 Applied brush changes to mask
2025-09-10 00:25:32 - [INFO] - 🎨 Applied brush changes to mask
2025-09-10 00:25:32 - [INFO] - 🎨 Applied brush changes to mask
2025-09-10 00:25:32 - [INFO] - 🎨 Applied brush changes to mask
2025-09-10 00:25:32 - [INFO] - 🎨 Applied brush changes to mask
2025-09-10 00:25:32 - [INFO] - 🎨 Applied brush changes to mask
2025-09-10 00:25:32 - [INFO] - 🎨 Applied brush changes to mask
2025-09-10 00:25:33 - [INFO] - 🔄 Saved state for label 1, undo history length: 3
2025-09-10 00:25:33 - [INFO] - 🔄 Saved current state for active label 1
2025-09-10 00:25:33 - [INFO] - 🎨 Applied brush changes to mask
2025-09-10 00:25:33 - [INFO] - 🎨 Applied brush changes to mask
2025-09-10 00:25:33 - [INFO] - 🎨 Applied brush changes to mask
2025-09-10 00:25:33 - [INFO] - 🎨 Applied brush changes to mask
2025-09-10 00:25:33 - [INFO] - 🎨 Applied brush changes to mask
2025-09-10 00:25:33 - [INFO] - 🎨 Applied brush changes to mask
2025-09-10 00:25:33 - [INFO] - 🎨 Applied brush changes to mask
2025-09-10 00:25:34 - [INFO] - 🎨 Applied brush changes to mask
2025-09-10 00:25:34 - [INFO] - 🎨 Applied brush changes to mask
2025-09-10 00:25:34 - [INFO] - 🎨 Applied brush changes to mask
2025-09-10 00:25:34 - [INFO] - 🎨 Applied brush changes to mask
2025-09-10 00:25:34 - [INFO] - 🎨 Applied brush changes to mask
2025-09-10 00:25:34 - [INFO] - 🎨 Applied brush changes to mask
2025-09-10 00:25:34 - [INFO] - 🎨 Applied brush changes to mask
2025-09-10 00:25:34 - [INFO] - 🔄 Saved state for label 1, undo history length: 4
2025-09-10 00:25:34 - [INFO] - 🔄 Saved current state for active label 1
2025-09-10 00:25:35 - [INFO] - _perform_undo called in SegmentationEditorDialog
2025-09-10 00:25:35 - [INFO] - 🔄 Performing undo for label 1
2025-09-10 00:25:35 - [INFO] - 🔄 Undo called for label 1
2025-09-10 00:25:35 - [INFO] - 🔄 Restoring previous state for label 1
2025-09-10 00:25:35 - [INFO] - 🔄 Restoring layer 1 with state shape: (1024, 256)
2025-09-10 00:25:35 - [INFO] - Successfully restored layer 1
2025-09-10 00:25:35 - [INFO] - Undo operation completed
2025-09-10 00:25:35 - [INFO] - _perform_undo called in SegmentationEditorDialog
2025-09-10 00:25:35 - [INFO] - 🔄 Performing undo for label 1
2025-09-10 00:25:35 - [INFO] - 🔄 Undo called for label 1
2025-09-10 00:25:35 - [INFO] - 🔄 Restoring previous state for label 1
2025-09-10 00:25:35 - [INFO] - 🔄 Restoring layer 1 with state shape: (1024, 256)
2025-09-10 00:25:35 - [INFO] - Successfully restored layer 1
2025-09-10 00:25:35 - [INFO] - Undo operation completed
2025-09-10 00:25:36 - [INFO] - 🎨 Applied brush changes to mask
2025-09-10 00:25:36 - [INFO] - 🎨 Applied brush changes to mask
2025-09-10 00:25:36 - [INFO] - 🎨 Applied brush changes to mask
2025-09-10 00:25:36 - [INFO] - 🎨 Applied brush changes to mask
2025-09-10 00:25:36 - [INFO] - 🎨 Applied brush changes to mask
2025-09-10 00:25:36 - [INFO] - 🎨 Applied brush changes to mask
2025-09-10 00:25:36 - [INFO] - 🎨 Applied brush changes to mask
2025-09-10 00:25:36 - [INFO] - 🎨 Applied brush changes to mask
2025-09-10 00:25:36 - [INFO] - 🎨 Applied brush changes to mask
2025-09-10 00:25:36 - [INFO] - 🎨 Applied brush changes to mask
2025-09-10 00:25:36 - [INFO] - 🎨 Applied brush changes to mask
2025-09-10 00:25:36 - [INFO] - 🎨 Applied brush changes to mask
2025-09-10 00:25:36 - [INFO] - 🎨 Applied brush changes to mask
2025-09-10 00:25:36 - [INFO] - 🎨 Applied brush changes to mask
2025-09-10 00:25:36 - [INFO] - 🎨 Applied brush changes to mask
2025-09-10 00:25:36 - [INFO] - 🎨 Applied brush changes to mask
2025-09-10 00:25:36 - [INFO] - 🎨 Applied brush changes to mask
2025-09-10 00:25:36 - [INFO] - 🎨 Applied brush changes to mask
2025-09-10 00:25:37 - [INFO] - 🎨 Applied brush changes to mask
2025-09-10 00:25:37 - [INFO] - 🎨 Applied brush changes to mask
2025-09-10 00:25:37 - [INFO] - 🎨 Applied brush changes to mask
2025-09-10 00:25:37 - [INFO] - 🎨 Applied brush changes to mask
2025-09-10 00:25:37 - [INFO] - 🎨 Applied brush changes to mask
2025-09-10 00:25:37 - [INFO] - 🎨 Applied brush changes to mask
2025-09-10 00:25:37 - [INFO] - 🎨 Applied brush changes to mask
2025-09-10 00:25:37 - [INFO] - 🎨 Applied brush changes to mask
2025-09-10 00:25:37 - [INFO] - 🎨 Applied brush changes to mask
2025-09-10 00:25:37 - [INFO] - 🎨 Applied brush changes to mask
2025-09-10 00:25:37 - [INFO] - 🎨 Applied brush changes to mask
2025-09-10 00:25:37 - [INFO] - 🎨 Applied brush changes to mask
2025-09-10 00:25:37 - [INFO] - 🎨 Applied brush changes to mask
2025-09-10 00:25:37 - [INFO] - 🎨 Applied brush changes to mask
2025-09-10 00:25:37 - [INFO] - 🎨 Applied brush changes to mask
2025-09-10 00:25:37 - [INFO] - 🎨 Applied brush changes to mask
2025-09-10 00:25:37 - [INFO] - 🎨 Applied brush changes to mask
2025-09-10 00:25:37 - [INFO] - 🎨 Applied brush changes to mask
2025-09-10 00:25:37 - [INFO] - 🎨 Applied brush changes to mask
2025-09-10 00:25:37 - [INFO] - 🎨 Applied brush changes to mask
2025-09-10 00:25:37 - [INFO] - 🎨 Applied brush changes to mask
2025-09-10 00:25:38 - [INFO] - 🎨 Applied brush changes to mask
2025-09-10 00:25:38 - [INFO] - 🎨 Applied brush changes to mask
2025-09-10 00:25:38 - [INFO] - 🎨 Applied brush changes to mask
2025-09-10 00:25:38 - [INFO] - 🔄 Saved state for label 1, undo history length: 3
2025-09-10 00:25:38 - [INFO] - 🔄 Saved current state for active label 1
2025-09-10 00:25:40 - [INFO] - 🔗 [DEBUG CONNECTION] Segmentation dialog cancelled
2025-09-10 01:14:01 - [INFO] - [DEBUG] Membersihkan sumber daya di MainWindow (SPECT)...
2025-09-10 01:14:01 - [INFO] - [DEBUG] Menutup process pool...
2025-09-10 01:14:01 - [ERROR] - Traceback (most recent call last):
2025-09-10 01:14:01 - [ERROR] - File "F:\projek dosen\prototype riset\hotspot-analyzer\features\spect_viewer\gui\main_window_spect.py", line 1235, in closeEvent
2025-09-10 01:14:01 - [ERROR] - if self._pool is not None:
2025-09-10 01:14:01 - [ERROR] - ^
2025-09-10 01:14:01 - [ERROR] - ^
2025-09-10 01:14:01 - [ERROR] - ^
2025-09-10 01:14:01 - [ERROR] - ^
2025-09-10 01:14:01 - [ERROR] - ^
2025-09-10 01:14:01 - [ERROR] - ^
2025-09-10 01:14:01 - [ERROR] - ^
2025-09-10 01:14:01 - [ERROR] - ^
2025-09-10 01:14:01 - [ERROR] - ^
2025-09-10 01:14:01 - [ERROR] - ^
2025-09-10 01:14:01 - [ERROR] - AttributeError
2025-09-10 01:14:01 - [ERROR] - :
2025-09-10 01:14:01 - [ERROR] - 'MainWindowSpect' object has no attribute '_pool'
2025-09-10 01:14:01 - [ERROR] - . Did you mean: '
2025-09-10 01:14:01 - [ERROR] - pool
2025-09-10 01:14:01 - [ERROR] - '?
2025-09-10 01:14:01 - [INFO] - [DEBUG] Application exited with code: 0
2025-09-10 01:14:01 - [INFO] - [DEBUG] Application terminated normally
