2025-09-14 18:28:38 - [INFO] - Logger berhasil dikonfigurasi. Memulai aplikasi...
2025-09-14 18:28:38 - [INFO] - Running in development mode
2025-09-14 18:28:38 - [INFO] - [DEBUG] Starting TELPLASTINA...
2025-09-14 18:28:38 - [INFO] - [UI] Application icon loaded: assets\icon.ico
2025-09-14 18:28:38 - [INFO] - [UI] Poppins font applied
2025-09-14 18:28:38 - [INFO] - [DEBUG] TELPLASTINA application created and configured
2025-09-14 18:28:38 - [INFO] - [DEBUG] Starting session with 100ms delay...
2025-09-14 18:28:38 - [INFO] - [DEBUG] === Starting new session ===
2025-09-14 18:28:38 - [INFO] - [DEBUG] Development mode - creating dialog immediately
2025-09-14 18:28:38 - [INFO] - [DEBUG] Creating doctor selection dialog (attempt 1/3)...
2025-09-14 18:28:39 - [INFO] - [PATHS] Found YOLO model at: F:\projek dosen\prototype riset\hotspot-analyzer\models\hotspot_detection\models\model_detection_hs_yolov8.pt
2025-09-14 18:28:39 - [INFO] - [DEBUG] Dialog class imported successfully
2025-09-14 18:28:40 - [INFO] - [DEBUG] Dialog instance created successfully
2025-09-14 18:28:40 - [INFO] - [DEBUG] Dialog window properties set
2025-09-14 18:28:40 - [INFO] - [DEBUG] Showing dialog to user...
2025-09-14 18:28:40 - [INFO] - [DEBUG] Dialog shown successfully
2025-09-14 18:28:40 - [INFO] - [DEBUG] Waiting for user input...
2025-09-14 18:28:41 - [INFO] - [SESSION] Created session: HAHH_Planar_20250914_182841
2025-09-14 18:28:41 - [INFO] - [SESSION] Created: HAHH_Planar_20250914_182841
2025-09-14 18:28:41 - [INFO] - [DEBUG] Dialog execution completed with result: 1
2025-09-14 18:28:41 - [INFO] - [DEBUG] Quick close detected: False
2025-09-14 18:28:41 - [INFO] - [DEBUG] Session selected - Code: HAHH, Modality: Planar
2025-09-14 18:28:41 - [INFO] - [DEBUG] Data directory confirmed: data
2025-09-14 18:28:41 - [INFO] - [DEBUG] Starting PLANAR session with code: HAHH
2025-09-14 18:28:41 - [INFO] - [DEBUG] Creating main window for session: HAHH
2025-09-14 18:28:46 - [INFO] - [YOLO] Module loaded - model will be loaded on-demand
2025-09-14 18:28:46 - [INFO] - [DEBUG] Timeline keyboard shortcuts enabled: Ctrl+/- for zoom, Ctrl+0 for reset
2025-09-14 18:28:47 - [INFO] - [DEBUG] set_active_view called with 'Anterior', but is now ignored.
2025-09-14 18:28:47 - [INFO] - Ditemukan 47 file DICOM di 'F:\projek dosen\prototype riset\hotspot-analyzer\data\PLANAR'
2025-09-14 18:28:47 - [INFO] - Ditemukan 9 session, 35 pasien (total 47 file DICOM).
2025-09-14 18:28:47 - [INFO] -     ALL: 1 pasien, 1 file
2025-09-14 18:28:47 - [INFO] -     ATL: 4 pasien, 4 file
2025-09-14 18:28:47 - [INFO] -     HAH: 14 pasien, 14 file
2025-09-14 18:28:47 - [INFO] -     HAHH: 3 pasien, 3 file
2025-09-14 18:28:47 - [INFO] -     HEHE: 2 pasien, 2 file
2025-09-14 18:28:47 - [INFO] -     NBL: 1 pasien, 5 file
2025-09-14 18:28:47 - [INFO] -     NSY: 4 pasien, 8 file
2025-09-14 18:28:47 - [INFO] -     PVSA: 2 pasien, 2 file
2025-09-14 18:28:47 - [INFO] -     WKW: 4 pasien, 8 file
2025-09-14 18:28:47 - [INFO] - [DEBUG] display_timeline called with 0 scan(s), focusing on index = -1
2025-09-14 18:28:47 - [INFO] - [DEBUG] Rebuilding timeline for active scan index: -1
2025-09-14 18:28:47 - [INFO] - [BSI SIDE PANEL] Clearing data...
2025-09-14 18:28:47 - [INFO] - [DEBUG] Main window created successfully for session: HAHH
2025-09-14 18:28:47 - [INFO] - [DEBUG] Main window created successfully
2025-09-14 18:28:47 - [INFO] - [DEBUG] Logout signal connected
2025-09-14 18:28:47 - [INFO] - [DEBUG] Main window displayed
2025-09-14 18:28:47 - [INFO] - [DEBUG] Active windows count: 1
2025-09-14 18:28:48 - [INFO] - [DEBUG] set_invert_original called: True (current: False)
2025-09-14 18:28:48 - [INFO] - [CACHE CLEAR] Cleared 0 layer cache entries
2025-09-14 18:28:48 - [INFO] - [CACHE CLEAR] Cleared zoom cache (0 labels)
2025-09-14 18:28:48 - [INFO] - [DEBUG] Cleared layer cache due to invert change
2025-09-14 18:28:48 - [INFO] - [DEBUG] No scans loaded, rebuild skipped
2025-09-14 18:30:02 - [INFO] - [DEBUG] Application exited with code: 0
2025-09-14 18:30:02 - [INFO] - Aplikasi terminated normally
