2025-09-10 21:32:22 - [INFO] - Logger berhasil dikonfigurasi. Memulai aplikasi...
2025-09-10 21:32:22 - [INFO] - [DEBUG] Running in development mode
2025-09-10 21:32:22 - [INFO] - [DEBUG] Starting TELPLASTINA...
2025-09-10 21:32:22 - [INFO] - [UI] Application icon loaded: assets\icon.ico
2025-09-10 21:32:22 - [INFO] - [UI] Poppins font applied
2025-09-10 21:32:22 - [INFO] - [DEBUG] TELPLASTINA application created and configured
2025-09-10 21:32:22 - [INFO] - [DEBUG] Starting session with 100ms delay...
2025-09-10 21:32:22 - [INFO] - [DEBUG] === Starting new session ===
2025-09-10 21:32:22 - [INFO] - [DEBUG] Development mode - creating dialog immediately
2025-09-10 21:32:22 - [INFO] - [DEBUG] Creating doctor selection dialog (attempt 1/3)...
2025-09-10 21:32:23 - [INFO] - [PATHS] Found YOLO model at: F:\projek dosen\prototype riset\hotspot-analyzer\models\hotspot_detection\models\model_detection_hs_yolov8.pt
2025-09-10 21:32:23 - [INFO] - [DEBUG] Dialog class imported successfully
2025-09-10 21:32:25 - [INFO] - [DEBUG] Dialog instance created successfully
2025-09-10 21:32:25 - [INFO] - [DEBUG] Dialog window properties set
2025-09-10 21:32:25 - [INFO] - [DEBUG] Showing dialog to user...
2025-09-10 21:32:25 - [INFO] - [DEBUG] Dialog shown successfully
2025-09-10 21:32:25 - [INFO] - [DEBUG] Waiting for user input...
2025-09-10 21:32:31 - [INFO] - [SESSION] Created session: PVSA_Planar_20250910_213231
2025-09-10 21:32:31 - [INFO] - [SESSION] Created: PVSA_Planar_20250910_213231
2025-09-10 21:32:31 - [INFO] - [DEBUG] Dialog execution completed with result: 1
2025-09-10 21:32:31 - [INFO] - [DEBUG] Quick close detected: False
2025-09-10 21:32:31 - [INFO] - [DEBUG] Session selected - Code: PVSA, Modality: Planar
2025-09-10 21:32:31 - [INFO] - [DEBUG] Data directory confirmed: data
2025-09-10 21:32:31 - [INFO] - [DEBUG] Starting PLANAR session with code: PVSA
2025-09-10 21:32:31 - [INFO] - [DEBUG] Creating main window for session: PVSA
2025-09-10 21:32:35 - [INFO] - [YOLO] Module loaded - model will be loaded on-demand
2025-09-10 21:32:35 - [INFO] - [DEBUG] session_code in MainWindow = PVSA
2025-09-10 21:32:35 - [INFO] - [DEBUG] Timeline keyboard shortcuts enabled: Ctrl+/- for zoom, Ctrl+0 for reset
2025-09-10 21:32:35 - [INFO] - [DEBUG] Connecting invert checkbox...
2025-09-10 21:32:35 - [INFO] - [DEBUG] Testing checkbox connection...
2025-09-10 21:32:35 - [INFO] - [DEBUG] Timeline widget exists: True
2025-09-10 21:32:35 - [INFO] - [DEBUG] Timeline widget type: <class 'features.spect_viewer.gui.scan_timeline.ScanTimelineWidget'>
2025-09-10 21:32:35 - [INFO] - [DEBUG] Invert checkbox created and connected
2025-09-10 21:32:35 - [INFO] - [MainWindow]   Global keyboard shortcuts setup complete
2025-09-10 21:32:35 - [INFO] - [MainWindow] Syncing view 'Anterior' across all components
2025-09-10 21:32:35 - [INFO] - [DEBUG] set_active_view called with 'Anterior', but is now ignored.
2025-09-10 21:32:35 - [INFO] - [MainWindow]   View sync completed
2025-09-10 21:32:35 - [INFO] - [MainWindow]   Complete integration initialization finished
2025-09-10 21:32:35 - [INFO] - [DEBUG] Starting folder scan for session: PVSA
2025-09-10 21:32:35 - [INFO] - Ditemukan 27 file DICOM di 'F:\projek dosen\prototype riset\hotspot-analyzer\data\PLANAR'
2025-09-10 21:32:35 - [INFO] - Ditemukan 6 session, 15 pasien (total 27 file DICOM).
2025-09-10 21:32:35 - [INFO] - ALL: 1 pasien, 1 file
2025-09-10 21:32:35 - [INFO] - ATL: 4 pasien, 4 file
2025-09-10 21:32:35 - [INFO] - NBL: 1 pasien, 5 file
2025-09-10 21:32:35 - [INFO] - NSY: 4 pasien, 8 file
2025-09-10 21:32:35 - [INFO] - PVSA: 1 pasien, 1 file
2025-09-10 21:32:35 - [INFO] - WKW: 4 pasien, 8 file
2025-09-10 21:32:35 - [INFO] - [DEBUG] Found 6 total sessions: ['ALL', 'ATL', 'NBL', 'NSY', 'PVSA', 'WKW']
2025-09-10 21:32:35 - [INFO] - [DEBUG] Filtered to session PVSA: 1 patients
2025-09-10 21:32:35 - [INFO] - [DEBUG] Added 1 patients to combo box for session PVSA
2025-09-10 21:32:35 - [INFO] - [DEBUG] display_timeline called with 0 scan(s), focusing on index = -1
2025-09-10 21:32:35 - [INFO] - [DEBUG] Rebuilding timeline for active scan index: -1
2025-09-10 21:32:35 - [INFO] - [BSI SIDE PANEL] Clearing data...
2025-09-10 21:32:35 - [INFO] - [DEBUG] Folder scan completed
2025-09-10 21:32:35 - [INFO] - [DEBUG] Main window created successfully for session: PVSA
2025-09-10 21:32:35 - [INFO] - [DEBUG] Main window created successfully
2025-09-10 21:32:35 - [INFO] - [DEBUG] Logout signal connected
2025-09-10 21:32:35 - [INFO] - [DEBUG] Main window displayed
2025-09-10 21:32:35 - [INFO] - [DEBUG] Active windows count: 1
2025-09-10 21:32:36 - [INFO] - [TEST] Testing invert connection...
2025-09-10 21:32:36 - [INFO] - [TEST] Timeline widget exists: True
2025-09-10 21:32:36 - [INFO] - [TEST] Checkbox exists: True
2025-09-10 21:32:36 - [INFO] - [TEST] Current checkbox state: False
2025-09-10 21:32:36 - [INFO] - [DEBUG] === INVERT CHECKBOX CHANGED ===
2025-09-10 21:32:36 - [INFO] - [DEBUG] Checkbox state: 2, isChecked(): True
2025-09-10 21:32:36 - [INFO] - [DEBUG] Invert flag changed: False -> True
2025-09-10 21:32:36 - [INFO] - [DEBUG] Calling timeline_widget.set_invert_original(True)
2025-09-10 21:32:36 - [INFO] - [DEBUG] set_invert_original called: True (current: False)
2025-09-10 21:32:36 - [INFO] - [CACHE CLEAR] Cleared 0 layer cache entries
2025-09-10 21:32:36 - [INFO] - [CACHE CLEAR] Cleared zoom cache (0 labels)
2025-09-10 21:32:36 - [INFO] - [DEBUG] Cleared layer cache due to invert change
2025-09-10 21:32:36 - [INFO] - [DEBUG] No scans loaded, rebuild skipped
2025-09-10 21:32:36 - [INFO] - [DEBUG]   Timeline invert method called successfully
2025-09-10 21:32:36 - [INFO] - [TEST] Toggled checkbox to: True
2025-09-10 21:32:48 - [INFO] - [DEBUG] Membersihkan sumber daya di MainWindow (SPECT)...
2025-09-10 21:32:48 - [INFO] - [DEBUG] Menutup process pool...
2025-09-10 21:32:48 - [ERROR] - Traceback (most recent call last):
2025-09-10 21:32:48 - [ERROR] - File "F:\projek dosen\prototype riset\hotspot-analyzer\features\spect_viewer\gui\main_window_spect.py", line 1308, in closeEvent
2025-09-10 21:32:48 - [ERROR] - if self._pool is not None:
2025-09-10 21:32:48 - [ERROR] - ^
2025-09-10 21:32:48 - [ERROR] - ^
2025-09-10 21:32:48 - [ERROR] - ^
2025-09-10 21:32:48 - [ERROR] - ^
2025-09-10 21:32:48 - [ERROR] - ^
2025-09-10 21:32:48 - [ERROR] - ^
2025-09-10 21:32:48 - [ERROR] - ^
2025-09-10 21:32:48 - [ERROR] - ^
2025-09-10 21:32:48 - [ERROR] - ^
2025-09-10 21:32:48 - [ERROR] - ^
2025-09-10 21:32:48 - [ERROR] - AttributeError
2025-09-10 21:32:48 - [ERROR] - :
2025-09-10 21:32:48 - [ERROR] - 'MainWindowSpect' object has no attribute '_pool'
2025-09-10 21:32:48 - [ERROR] - . Did you mean: '
2025-09-10 21:32:48 - [ERROR] - pool
2025-09-10 21:32:48 - [ERROR] - '?
2025-09-10 21:32:48 - [INFO] - [DEBUG] Application exited with code: 0
2025-09-10 21:32:48 - [INFO] - [DEBUG] Application terminated normally
