2025-09-14 19:52:24 - [INFO] - Logger berhasil dikonfigurasi. Memulai aplikasi...
2025-09-14 19:52:24 - [INFO] - Running in development mode
2025-09-14 19:52:24 - [INFO] - [DEBUG] Starting TELPLASTINA...
2025-09-14 19:52:24 - [INFO] - [UI] Application icon loaded: assets\icon.ico
2025-09-14 19:52:24 - [INFO] - [UI] Poppins font applied
2025-09-14 19:52:24 - [INFO] - [DEBUG] TELPLASTINA application created and configured
2025-09-14 19:52:24 - [INFO] - [DEBUG] Starting session with 100ms delay...
2025-09-14 19:52:24 - [INFO] - [DEBUG] === Starting new session ===
2025-09-14 19:52:24 - [INFO] - [DEBUG] Development mode - creating dialog immediately
2025-09-14 19:52:24 - [INFO] - [DEBUG] Creating doctor selection dialog (attempt 1/3)...
2025-09-14 19:52:25 - [INFO] - [PATHS] Found YOLO model at: C:\hotspot\hotspot-analyzer\models\hotspot_detection\models\model_detection_hs_yolov8.pt
2025-09-14 19:52:25 - [INFO] - [DEBUG] Dialog class imported successfully
2025-09-14 19:52:26 - [INFO] - [ERROR] Failed to create dialog instance: 'DoctorSelectionDialog' object has no attribute 'joint_tags_layout'
2025-09-14 19:52:26 - [INFO] - [ERROR] Dialog creation traceback: Traceback (most recent call last):
  File "C:\hotspot\hotspot-analyzer\app\__main__.py", line 429, in _create_dialog_delayed
    dlg = DoctorSelectionDialog()
          ^^^^^^^^^^^^^^^^^^^^^^^
  File "C:\hotspot\hotspot-analyzer\features\dicom_import\gui\doctor_selection_dialog.py", line 466, in __init__
    self._setup_ui()
  File "C:\hotspot\hotspot-analyzer\features\dicom_import\gui\doctor_selection_dialog.py", line 520, in _setup_ui
    self._populate_doctor_tags()
  File "C:\hotspot\hotspot-analyzer\features\dicom_import\gui\doctor_selection_dialog.py", line 576, in _populate_doctor_tags
    clear_layout(self.joint_tags_layout)
                 ^^^^^^^^^^^^^^^^^^^^^^
AttributeError: 'DoctorSelectionDialog' object has no attribute 'joint_tags_layout'

2025-09-14 19:52:29 - [INFO] - [DEBUG] Application exited with code: 0
2025-09-14 19:52:29 - [INFO] - Aplikasi terminated normally
