2026-02-09 21:22:31 - [INFO] - Logger berhasil dikonfigurasi. Memulai aplikasi...
2026-02-09 21:22:31 - [INFO] - Running in development mode
2026-02-09 21:22:31 - [INFO] - [DEBUG] Starting TELPLASTINA...
2026-02-09 21:22:31 - [INFO] - [UI] Application icon loaded: assets\icon.ico
2026-02-09 21:22:31 - [INFO] - [UI] Poppins font applied
2026-02-09 21:22:31 - [INFO] - [DEBUG] TELPLASTINA application created and configured
2026-02-09 21:22:31 - [INFO] - [DEBUG] Starting session with 100ms delay...
2026-02-09 21:22:31 - [INFO] - [DEBUG] === Starting new session ===
2026-02-09 21:22:31 - [INFO] - [DEBUG] Development mode - creating dialog immediately
2026-02-09 21:22:31 - [INFO] - [DEBUG] Creating doctor selection dialog (attempt 1/3)...
2026-02-09 21:22:31 - [INFO] - [PATHS] Found YOLO model at: F:\projek dosen\prototype riset\hotspot-analyzer\models\hotspot_detection\models\model_detection_hs_yolov8.pt
2026-02-09 21:22:31 - [INFO] - [DEBUG] Dialog class imported successfully
2026-02-09 21:22:31 - [INFO] - [DEBUG] Dialog instance created successfully
2026-02-09 21:22:31 - [INFO] - [DEBUG] Dialog window properties set
2026-02-09 21:22:31 - [INFO] - [DEBUG] Showing dialog to user...
2026-02-09 21:22:32 - [INFO] - [DEBUG] Dialog shown successfully
2026-02-09 21:22:32 - [INFO] - [DEBUG] Waiting for user input...
2026-02-09 21:22:46 - [INFO] - [SESSION] Created session: EMA_Planar_20260209_212246
2026-02-09 21:22:46 - [INFO] - [SESSION] Created: EMA_Planar_20260209_212246
2026-02-09 21:22:46 - [INFO] - [DEBUG] Dialog execution completed with result: 1
2026-02-09 21:22:46 - [INFO] - [DEBUG] Quick close detected: False
2026-02-09 21:22:46 - [INFO] - [DEBUG] Session selected - Code: EMA, Modality: Planar
2026-02-09 21:22:46 - [INFO] - [DEBUG] Data directory confirmed: data
2026-02-09 21:22:46 - [INFO] - [DEBUG] Starting PLANAR session with code: EMA
2026-02-09 21:22:46 - [INFO] - [DEBUG] Creating main window for session: EMA
2026-02-09 21:22:48 - [INFO] - [YOLO] Module loaded - model will be loaded on-demand
2026-02-09 21:22:48 - [INFO] - [DEBUG] Timeline keyboard shortcuts enabled: Ctrl+/- for zoom, Ctrl+0 for reset
2026-02-09 21:22:48 - [INFO] - [DEBUG] set_active_view called with 'Anterior', but is now ignored.
2026-02-09 21:22:48 - [INFO] - Ditemukan 85 file DICOM di 'F:\projek dosen\prototype riset\hotspot-analyzer\data\PLANAR'
2026-02-09 21:22:48 - [INFO] - Ditemukan 10 session, 73 pasien (total 85 file DICOM).
2026-02-09 21:22:48 - [INFO] -     ALL: 1 pasien, 1 file
2026-02-09 21:22:48 - [INFO] -     ATL: 4 pasien, 4 file
2026-02-09 21:22:48 - [INFO] -     EMA: 3 pasien, 3 file
2026-02-09 21:22:48 - [INFO] -     HAH: 14 pasien, 14 file
2026-02-09 21:22:48 - [INFO] -     HAHH: 38 pasien, 38 file
2026-02-09 21:22:48 - [INFO] -     HEHE: 2 pasien, 2 file
2026-02-09 21:22:48 - [INFO] -     NBL: 1 pasien, 5 file
2026-02-09 21:22:48 - [INFO] -     NSY: 4 pasien, 8 file
2026-02-09 21:22:48 - [INFO] -     PVSA: 2 pasien, 2 file
2026-02-09 21:22:48 - [INFO] -     WKW: 4 pasien, 8 file
2026-02-09 21:22:48 - [INFO] - [DEBUG] display_timeline called with 0 scan(s), focusing on index = -1
2026-02-09 21:22:48 - [INFO] - [DEBUG] Rebuilding timeline for active scan index: -1
2026-02-09 21:22:48 - [INFO] - [BSI SIDE PANEL] Clearing data...
2026-02-09 21:22:48 - [INFO] - [DEBUG] Main window created successfully for session: EMA
2026-02-09 21:22:48 - [INFO] - [DEBUG] Main window created successfully
2026-02-09 21:22:48 - [INFO] - [DEBUG] Logout signal connected
2026-02-09 21:22:48 - [INFO] - [DEBUG] Main window displayed
2026-02-09 21:22:48 - [INFO] - [DEBUG] Active windows count: 1
2026-02-09 21:22:49 - [INFO] - [DEBUG] set_invert_original called: True (current: False)
2026-02-09 21:22:49 - [INFO] - [CACHE CLEAR] Cleared 0 layer cache entries
2026-02-09 21:22:49 - [INFO] - [CACHE CLEAR] Cleared zoom cache (0 labels)
2026-02-09 21:22:49 - [INFO] - [DEBUG] Cleared layer cache due to invert change
2026-02-09 21:22:49 - [INFO] - [DEBUG] No scans loaded, rebuild skipped
2026-02-09 21:26:23 - [INFO] - [DEBUG] item activated → ID: 1 (EMA) @ index 0
2026-02-09 21:26:23 - [INFO] - [DEBUG] item activated → ID: 1 (EMA)
2026-02-09 21:26:23 - [INFO] - 
  [DEBUG PATHS GANTENG] ===================
2026-02-09 21:26:23 - [INFO] -   [DEBUG PATHS] Patient folder: F:\projek dosen\prototype riset\hotspot-analyzer\data\PLANAR\EMA\1
2026-02-09 21:26:23 - [INFO] -   [DEBUG PATHS] Patient ID: 1
2026-02-09 21:26:23 - [INFO] -   [DEBUG PATHS] Folder exists: True
2026-02-09 21:26:23 - [INFO] -   [DEBUG PATHS] Folder structure:
2026-02-09 21:26:23 - [INFO] -   [DEBUG PATHS]   DIR:  20250628/
2026-02-09 21:26:23 - [INFO] -   [DEBUG PATHS]     Study date folder contents:
2026-02-09 21:26:23 - [INFO] -   [DEBUG PATHS]       FILE: 1.dcm (1049754 bytes)
2026-02-09 21:26:23 - [INFO] -   [DEBUG PATHS]       FILE: ant_hotspot_otsu_colored.png (1020 bytes)
2026-02-09 21:26:23 - [INFO] -   [DEBUG PATHS]       FILE: ant_hotspot_otsu_colored_blend.png (109695 bytes)
2026-02-09 21:26:23 - [INFO] -   [DEBUG PATHS]       FILE: ant_hotspot_otsu_grayscale.png (472 bytes)
2026-02-09 21:26:23 - [INFO] -   [DEBUG PATHS]       FILE: ant_hotspot_yolo.xml (978 bytes)
2026-02-09 21:26:23 - [INFO] -   [DEBUG PATHS]       FILE: ant_mask.png (3341 bytes)
2026-02-09 21:26:23 - [INFO] -   [DEBUG PATHS]       FILE: ant_original.png (73305 bytes)
2026-02-09 21:26:23 - [INFO] -   [DEBUG PATHS]       FILE: ant_segm.png (6393 bytes)
2026-02-09 21:26:23 - [INFO] -   [DEBUG PATHS]       FILE: post_hotspot_yolo.xml (347 bytes)
2026-02-09 21:26:23 - [INFO] -   [DEBUG PATHS]       FILE: post_mask.png (3284 bytes)
2026-02-09 21:26:23 - [INFO] -   [DEBUG PATHS]       FILE: post_original.png (76162 bytes)
2026-02-09 21:26:23 - [INFO] -   [DEBUG PATHS]       FILE: post_segm.png (5809 bytes)
2026-02-09 21:26:23 - [INFO] -   [DEBUG QUANT FILES] Getting quantification files for: F:\projek dosen\prototype riset\hotspot-analyzer\data\PLANAR\EMA\1
2026-02-09 21:26:23 - [INFO] -   [DEBUG QUANT FILES] Using latest study_date folder: F:\projek dosen\prototype riset\hotspot-analyzer\data\PLANAR\EMA\1\20250628
2026-02-09 21:26:23 - [INFO] -   [DEBUG QUANT FILES] Generated paths:
2026-02-09 21:26:23 - [INFO] -   [DEBUG QUANT FILES]   bsi_json_ant: F:\projek dosen\prototype riset\hotspot-analyzer\data\PLANAR\EMA\1\20250628\bsi_quantification_ant.json (exists: False)
2026-02-09 21:26:23 - [INFO] -   [DEBUG QUANT FILES]   bsi_json_post: F:\projek dosen\prototype riset\hotspot-analyzer\data\PLANAR\EMA\1\20250628\bsi_quantification_post.json (exists: False)
2026-02-09 21:26:23 - [INFO] -   [DEBUG PATHS] New quantification paths:
2026-02-09 21:26:23 - [INFO] -   [DEBUG PATHS]   bsi_json_ant: F:\projek dosen\prototype riset\hotspot-analyzer\data\PLANAR\EMA\1\20250628\bsi_quantification_ant.json (exists: False, size: 0 bytes)
2026-02-09 21:26:23 - [INFO] -   [DEBUG PATHS]   bsi_json_post: F:\projek dosen\prototype riset\hotspot-analyzer\data\PLANAR\EMA\1\20250628\bsi_quantification_post.json (exists: False, size: 0 bytes)
2026-02-09 21:26:23 - [INFO] -   [DEBUG PATHS] Old pattern search:
2026-02-09 21:26:23 - [INFO] -   [DEBUG PATHS]   Old anterior: []
2026-02-09 21:26:23 - [INFO] -   [DEBUG PATHS]   Old posterior: []
2026-02-09 21:26:23 - [INFO] -   [DEBUG QUANT FILES] Getting quantification files for: F:\projek dosen\prototype riset\hotspot-analyzer\data\PLANAR\EMA\1\20250628
2026-02-09 21:26:23 - [INFO] -   [DEBUG QUANT FILES] Detected study_date folder: F:\projek dosen\prototype riset\hotspot-analyzer\data\PLANAR\EMA\1\20250628
2026-02-09 21:26:23 - [INFO] -   [DEBUG QUANT FILES] Generated paths:
2026-02-09 21:26:23 - [INFO] -   [DEBUG QUANT FILES]   bsi_json_ant: F:\projek dosen\prototype riset\hotspot-analyzer\data\PLANAR\EMA\1\20250628\bsi_quantification_ant.json (exists: False)
2026-02-09 21:26:23 - [INFO] -   [DEBUG QUANT FILES]   bsi_json_post: F:\projek dosen\prototype riset\hotspot-analyzer\data\PLANAR\EMA\1\20250628\bsi_quantification_post.json (exists: False)
2026-02-09 21:26:23 - [INFO] - [SMART UPDATE] Change type: none
2026-02-09 21:26:23 - [INFO] - [DEBUG] Timeline active layers set to: []
2026-02-09 21:26:23 - [INFO] - [SMART UPDATE] No changes detected, skipping update
2026-02-09 21:26:23 - [INFO] - [SMART UPDATE] Change type: none
2026-02-09 21:26:23 - [INFO] - [DEBUG] Timeline active layers set to: []
2026-02-09 21:26:23 - [INFO] - [SMART UPDATE] No changes detected, skipping update
2026-02-09 21:26:23 - [INFO] - [DEBUG] Set Image opacity to 1.00
2026-02-09 21:26:23 - [INFO] - [SMART UPDATE] Change type: none
2026-02-09 21:26:23 - [INFO] - [SMART UPDATE] Using full rebuild for opacity change
2026-02-09 21:26:23 - [INFO] - [DEBUG] Rebuilding timeline for active scan index: -1
2026-02-09 21:26:23 - [INFO] - [SMART UPDATE] State updated - Type: rebuild
2026-02-09 21:26:23 - [INFO] - [DEBUG] Set Segmentation opacity to 0.35
2026-02-09 21:26:23 - [INFO] - [SMART UPDATE] Change type: none
2026-02-09 21:26:23 - [INFO] - [SMART UPDATE] Using full rebuild for opacity change
2026-02-09 21:26:23 - [INFO] - [DEBUG] Rebuilding timeline for active scan index: -1
2026-02-09 21:26:23 - [INFO] - [SMART UPDATE] State updated - Type: rebuild
2026-02-09 21:26:23 - [INFO] - [DEBUG] Set Hotspot opacity to 0.50
2026-02-09 21:26:23 - [INFO] - [SMART UPDATE] Change type: none
2026-02-09 21:26:23 - [INFO] - [SMART UPDATE] Using full rebuild for opacity change
2026-02-09 21:26:23 - [INFO] - [DEBUG] Rebuilding timeline for active scan index: -1
2026-02-09 21:26:23 - [INFO] - [SMART UPDATE] State updated - Type: rebuild
2026-02-09 21:26:23 - [INFO] - [DEBUG] Set HotspotBBox opacity to 1.00
2026-02-09 21:26:23 - [INFO] - [SMART UPDATE] Change type: none
2026-02-09 21:26:23 - [INFO] - [SMART UPDATE] Using full rebuild for opacity change
2026-02-09 21:26:23 - [INFO] - [DEBUG] Rebuilding timeline for active scan index: -1
2026-02-09 21:26:23 - [INFO] - [SMART UPDATE] State updated - Type: rebuild
2026-02-09 21:26:23 - [INFO] - [DEBUG] Active layers: ['Image']
2026-02-09 21:26:23 - [INFO] - [SMART UPDATE] Change type: layers
2026-02-09 21:26:23 - [INFO] - [SMART UPDATE] Layers added: ['Image']
2026-02-09 21:26:23 - [INFO] - [DEBUG] Timeline active layers set to: ['Image']
2026-02-09 21:26:23 - [INFO] - [SMART UPDATE] Full rebuild required for change type: layers
2026-02-09 21:26:23 - [INFO] - [DEBUG] Rebuilding timeline for active scan index: -1
2026-02-09 21:26:23 - [INFO] - [SMART UPDATE] State updated - Type: layers
2026-02-09 21:26:23 - [INFO] - [SMART UPDATE] Change type: layers
2026-02-09 21:26:23 - [INFO] - [SMART UPDATE] Layers removed: ['Image']
2026-02-09 21:26:23 - [INFO] - [DEBUG] Timeline active layers set to: []
2026-02-09 21:26:23 - [INFO] - [SMART UPDATE] Full rebuild required for change type: layers
2026-02-09 21:26:23 - [INFO] - [DEBUG] Rebuilding timeline for active scan index: -1
2026-02-09 21:26:23 - [INFO] - [SMART UPDATE] State updated - Type: layers
2026-02-09 21:26:23 - [INFO] - [SMART UPDATE] Change type: none
2026-02-09 21:26:23 - [INFO] - [DEBUG] Timeline active layers set to: []
2026-02-09 21:26:23 - [INFO] - [SMART UPDATE] No changes detected, skipping update
2026-02-09 21:26:23 - [INFO] - [DEBUG] Set Image opacity to 1.00
2026-02-09 21:26:23 - [INFO] - [SMART UPDATE] Change type: none
2026-02-09 21:26:23 - [INFO] - [SMART UPDATE] Using full rebuild for opacity change
2026-02-09 21:26:23 - [INFO] - [DEBUG] Rebuilding timeline for active scan index: -1
2026-02-09 21:26:23 - [INFO] - [SMART UPDATE] State updated - Type: rebuild
2026-02-09 21:26:23 - [INFO] - [DEBUG] Set Segmentation opacity to 0.35
2026-02-09 21:26:23 - [INFO] - [SMART UPDATE] Change type: none
2026-02-09 21:26:23 - [INFO] - [SMART UPDATE] Using full rebuild for opacity change
2026-02-09 21:26:23 - [INFO] - [DEBUG] Rebuilding timeline for active scan index: -1
2026-02-09 21:26:23 - [INFO] - [SMART UPDATE] State updated - Type: rebuild
2026-02-09 21:26:23 - [INFO] - [DEBUG] Set Hotspot opacity to 0.50
2026-02-09 21:26:23 - [INFO] - [SMART UPDATE] Change type: none
2026-02-09 21:26:23 - [INFO] - [SMART UPDATE] Using full rebuild for opacity change
2026-02-09 21:26:23 - [INFO] - [DEBUG] Rebuilding timeline for active scan index: -1
2026-02-09 21:26:23 - [INFO] - [SMART UPDATE] State updated - Type: rebuild
2026-02-09 21:26:23 - [INFO] - [DEBUG] Set HotspotBBox opacity to 1.00
2026-02-09 21:26:23 - [INFO] - [SMART UPDATE] Change type: none
2026-02-09 21:26:23 - [INFO] - [SMART UPDATE] Using full rebuild for opacity change
2026-02-09 21:26:23 - [INFO] - [DEBUG] Rebuilding timeline for active scan index: -1
2026-02-09 21:26:23 - [INFO] - [SMART UPDATE] State updated - Type: rebuild
2026-02-09 21:26:23 - [INFO] - [DEBUG] Active layers: ['Image']
2026-02-09 21:26:23 - [INFO] - [SMART UPDATE] Change type: layers
2026-02-09 21:26:23 - [INFO] - [SMART UPDATE] Layers added: ['Image']
2026-02-09 21:26:23 - [INFO] - [DEBUG] Timeline active layers set to: ['Image']
2026-02-09 21:26:23 - [INFO] - [SMART UPDATE] Full rebuild required for change type: layers
2026-02-09 21:26:23 - [INFO] - [DEBUG] Rebuilding timeline for active scan index: -1
2026-02-09 21:26:23 - [INFO] - [SMART UPDATE] State updated - Type: layers
2026-02-09 21:26:23 - [INFO] - [SMART UPDATE] Change type: none
2026-02-09 21:26:23 - [INFO] - [DEBUG] Timeline active layers set to: ['Image']
2026-02-09 21:26:23 - [INFO] - [SMART UPDATE] No changes detected, skipping update
2026-02-09 21:26:23 - [INFO] - [DEBUG] Set Image opacity to 1.00
2026-02-09 21:26:23 - [INFO] - [SMART UPDATE] Change type: none
2026-02-09 21:26:23 - [INFO] - [SMART UPDATE] Using full rebuild for opacity change
2026-02-09 21:26:23 - [INFO] - [DEBUG] Rebuilding timeline for active scan index: -1
2026-02-09 21:26:23 - [INFO] - [SMART UPDATE] State updated - Type: rebuild
2026-02-09 21:26:23 - [INFO] - [DEBUG] Set Segmentation opacity to 0.40
2026-02-09 21:26:23 - [INFO] - [SMART UPDATE] Change type: none
2026-02-09 21:26:23 - [INFO] - [SMART UPDATE] Using full rebuild for opacity change
2026-02-09 21:26:23 - [INFO] - [DEBUG] Rebuilding timeline for active scan index: -1
2026-02-09 21:26:23 - [INFO] - [SMART UPDATE] State updated - Type: rebuild
2026-02-09 21:26:23 - [INFO] - [DEBUG] Set Hotspot opacity to 0.50
2026-02-09 21:26:23 - [INFO] - [SMART UPDATE] Change type: none
2026-02-09 21:26:23 - [INFO] - [SMART UPDATE] Using full rebuild for opacity change
2026-02-09 21:26:23 - [INFO] - [DEBUG] Rebuilding timeline for active scan index: -1
2026-02-09 21:26:23 - [INFO] - [SMART UPDATE] State updated - Type: rebuild
2026-02-09 21:26:23 - [INFO] - [DEBUG] Set HotspotBBox opacity to 1.00
2026-02-09 21:26:23 - [INFO] - [SMART UPDATE] Change type: none
2026-02-09 21:26:23 - [INFO] - [SMART UPDATE] Using full rebuild for opacity change
2026-02-09 21:26:23 - [INFO] - [DEBUG] Rebuilding timeline for active scan index: -1
2026-02-09 21:26:23 - [INFO] - [SMART UPDATE] State updated - Type: rebuild
2026-02-09 21:26:23 - [INFO] - [BSI META INTEGRATION] Updating scan meta with BSI data
2026-02-09 21:26:23 - [INFO] - [BSI META INTEGRATION] Session code: EMA
2026-02-09 21:26:23 - [INFO] - [BSI META INTEGRATION] Scan path: F:\projek dosen\prototype riset\hotspot-analyzer\data\PLANAR\EMA\1\20250628\1.dcm
2026-02-09 21:26:23 - [INFO] - [BSI EXTRACT INFO] Extracting from path: F:\projek dosen\prototype riset\hotspot-analyzer\data\PLANAR\EMA\1\20250628\1.dcm
2026-02-09 21:26:23 - [INFO] - [BSI EXTRACT INFO] Extracted study_date from DICOM: 20250628
2026-02-09 21:26:23 - [INFO] - [BSI EXTRACT INFO] Extracted patient_id from study_date structure: 1
2026-02-09 21:26:23 - [INFO] - [BSI EXTRACT INFO] Final result - Patient: 1, Study: 20250628
2026-02-09 21:26:23 - [INFO] - [BSI META INTEGRATION] Extracted - Patient: 1, Study: 20250628
2026-02-09 21:26:23 - [INFO] -   [DEBUG QUANT FILES] Getting quantification files for: F:\projek dosen\prototype riset\hotspot-analyzer\data\PLANAR\EMA\1\20250628
2026-02-09 21:26:23 - [INFO] -   [DEBUG QUANT FILES] Detected study_date folder: F:\projek dosen\prototype riset\hotspot-analyzer\data\PLANAR\EMA\1\20250628
2026-02-09 21:26:23 - [INFO] -   [DEBUG QUANT FILES] Generated paths:
2026-02-09 21:26:23 - [INFO] -   [DEBUG QUANT FILES]   bsi_json_ant: F:\projek dosen\prototype riset\hotspot-analyzer\data\PLANAR\EMA\1\20250628\bsi_quantification_ant.json (exists: False)
2026-02-09 21:26:23 - [INFO] -   [DEBUG QUANT FILES]   bsi_json_post: F:\projek dosen\prototype riset\hotspot-analyzer\data\PLANAR\EMA\1\20250628\bsi_quantification_post.json (exists: False)
2026-02-09 21:26:23 - [INFO] - [BSI META INTEGRATION] No BSI files in study_date folder, trying patient folder: F:\projek dosen\prototype riset\hotspot-analyzer\data\PLANAR\EMA\1
2026-02-09 21:26:23 - [INFO] -   [DEBUG QUANT FILES] Getting quantification files for: F:\projek dosen\prototype riset\hotspot-analyzer\data\PLANAR\EMA\1
2026-02-09 21:26:23 - [INFO] -   [DEBUG QUANT FILES] Using latest study_date folder: F:\projek dosen\prototype riset\hotspot-analyzer\data\PLANAR\EMA\1\20250628
2026-02-09 21:26:23 - [INFO] -   [DEBUG QUANT FILES] Generated paths:
2026-02-09 21:26:23 - [INFO] -   [DEBUG QUANT FILES]   bsi_json_ant: F:\projek dosen\prototype riset\hotspot-analyzer\data\PLANAR\EMA\1\20250628\bsi_quantification_ant.json (exists: False)
2026-02-09 21:26:23 - [INFO] -   [DEBUG QUANT FILES]   bsi_json_post: F:\projek dosen\prototype riset\hotspot-analyzer\data\PLANAR\EMA\1\20250628\bsi_quantification_post.json (exists: False)
2026-02-09 21:26:23 - [INFO] - [BSI META INTEGRATION] Could not determine patient folder with BSI files
2026-02-09 21:26:23 - [INFO] - [DEBUG] display_timeline called with 1 scan(s), focusing on index = 0
2026-02-09 21:26:23 - [INFO] - [BSI META INTEGRATION] Updating scan meta with BSI data
2026-02-09 21:26:23 - [INFO] - [BSI META INTEGRATION] Session code: EMA
2026-02-09 21:26:23 - [INFO] - [BSI META INTEGRATION] Scan path: F:\projek dosen\prototype riset\hotspot-analyzer\data\PLANAR\EMA\1\20250628\1.dcm
2026-02-09 21:26:23 - [INFO] - [BSI EXTRACT INFO] Extracting from path: F:\projek dosen\prototype riset\hotspot-analyzer\data\PLANAR\EMA\1\20250628\1.dcm
2026-02-09 21:26:23 - [INFO] - [BSI EXTRACT INFO] Extracted study_date from DICOM: 20250628
2026-02-09 21:26:23 - [INFO] - [BSI EXTRACT INFO] Extracted patient_id from study_date structure: 1
2026-02-09 21:26:23 - [INFO] - [BSI EXTRACT INFO] Final result - Patient: 1, Study: 20250628
2026-02-09 21:26:23 - [INFO] - [BSI META INTEGRATION] Extracted - Patient: 1, Study: 20250628
2026-02-09 21:26:23 - [INFO] -   [DEBUG QUANT FILES] Getting quantification files for: F:\projek dosen\prototype riset\hotspot-analyzer\data\PLANAR\EMA\1\20250628
2026-02-09 21:26:23 - [INFO] -   [DEBUG QUANT FILES] Detected study_date folder: F:\projek dosen\prototype riset\hotspot-analyzer\data\PLANAR\EMA\1\20250628
2026-02-09 21:26:23 - [INFO] -   [DEBUG QUANT FILES] Generated paths:
2026-02-09 21:26:23 - [INFO] -   [DEBUG QUANT FILES]   bsi_json_ant: F:\projek dosen\prototype riset\hotspot-analyzer\data\PLANAR\EMA\1\20250628\bsi_quantification_ant.json (exists: False)
2026-02-09 21:26:23 - [INFO] -   [DEBUG QUANT FILES]   bsi_json_post: F:\projek dosen\prototype riset\hotspot-analyzer\data\PLANAR\EMA\1\20250628\bsi_quantification_post.json (exists: False)
2026-02-09 21:26:23 - [INFO] - [BSI META INTEGRATION] No BSI files in study_date folder, trying patient folder: F:\projek dosen\prototype riset\hotspot-analyzer\data\PLANAR\EMA\1
2026-02-09 21:26:23 - [INFO] -   [DEBUG QUANT FILES] Getting quantification files for: F:\projek dosen\prototype riset\hotspot-analyzer\data\PLANAR\EMA\1
2026-02-09 21:26:23 - [INFO] -   [DEBUG QUANT FILES] Using latest study_date folder: F:\projek dosen\prototype riset\hotspot-analyzer\data\PLANAR\EMA\1\20250628
2026-02-09 21:26:23 - [INFO] -   [DEBUG QUANT FILES] Generated paths:
2026-02-09 21:26:23 - [INFO] -   [DEBUG QUANT FILES]   bsi_json_ant: F:\projek dosen\prototype riset\hotspot-analyzer\data\PLANAR\EMA\1\20250628\bsi_quantification_ant.json (exists: False)
2026-02-09 21:26:23 - [INFO] -   [DEBUG QUANT FILES]   bsi_json_post: F:\projek dosen\prototype riset\hotspot-analyzer\data\PLANAR\EMA\1\20250628\bsi_quantification_post.json (exists: False)
2026-02-09 21:26:23 - [INFO] - [BSI META INTEGRATION] Could not determine patient folder with BSI files
2026-02-09 21:26:23 - [INFO] - [DEBUG] Rebuilding timeline for active scan index: 0
2026-02-09 21:26:23 - [INFO] - [DEBUG] Creating CLASSIFICATION card 0 for view: Anterior
2026-02-09 21:26:23 - [INFO] - [DEBUG] Active layers selected: ['Image']
2026-02-09 21:26:23 - [INFO] - [DEBUG] DICOM path: F:\projek dosen\prototype riset\hotspot-analyzer\data\PLANAR\EMA\1\20250628\1.dcm
2026-02-09 21:26:23 - [INFO] - [DEBUG] Current view: Anterior
2026-02-09 21:26:23 - [INFO] - [CACHE DEBUG] use_cache=False
2026-02-09 21:26:23 - [INFO] - [CACHE DEBUG] has_adjustments=False (Gamma=1.00, Mid=0.00)
2026-02-09 21:26:23 - [INFO] - [CACHE DEBUG] has_overrides=False (override_gamma=None, override_mid=None)
2026-02-09 21:26:23 - [INFO] - [CACHE DEBUG] invert_original=True
2026-02-09 21:26:23 - [INFO] - [CACHE SKIP] Skipping cache due to adjustments/overrides/invert
2026-02-09 21:26:23 - [INFO] - [DEBUG] Path extraction: session=EMA, patient=1, study_date=20250628
2026-02-09 21:26:23 - [INFO] - [DEBUG] Extracted patient info - ID: 1, Session: EMA
2026-02-09 21:26:23 - [INFO] - [DEBUG] Original path: F:\projek dosen\prototype riset\hotspot-analyzer\data\PLANAR\EMA\1\20250628\1.dcm
2026-02-09 21:26:23 - [INFO] - [DEBUG] Study date: 20250628
2026-02-09 21:26:23 - [INFO] - [DEBUG] Patient ID: 1
2026-02-09 21:26:23 - [INFO] - [DEBUG] Session code: EMA
2026-02-09 21:26:23 - [INFO] - [DEBUG] Study date folder: F:\projek dosen\prototype riset\hotspot-analyzer\data\PLANAR\EMA\1\20250628
2026-02-09 21:26:23 - [INFO] - [DEBUG] Loading original image for Anterior
2026-02-09 21:26:23 - [INFO] - [DEBUG] Looking for original PNG in study_date dir: F:\projek dosen\prototype riset\hotspot-analyzer\data\PLANAR\EMA\1\20250628\ant_original.png
2026-02-09 21:26:23 - [DEBUG] - STREAM b'IHDR' 16 13
2026-02-09 21:26:23 - [DEBUG] - STREAM b'IDAT' 41 65536
2026-02-09 21:26:23 - [INFO] - [DEBUG] Loaded original PNG from study_date dir: (256, 1024)
2026-02-09 21:26:23 - [INFO] - [DEBUG] Original image loaded: (256, 1024)
2026-02-09 21:26:23 - [INFO] - [DEBUG] Applying invert to original image
2026-02-09 21:26:23 - [INFO] - [DEBUG] simple_invert_pil_image: Processing L image, size = (256, 1024)
2026-02-09 21:26:23 - [INFO] - [DEBUG] simple_invert_image: input shape = (1024, 256), dtype = uint8
2026-02-09 21:26:23 - [INFO] - [DEBUG] Simple inversion completed: [0-255] -> [0-255]
2026-02-09 21:26:23 - [INFO] - [DEBUG] simple_invert_pil_image: completed
2026-02-09 21:26:23 - [INFO] - [DEBUG] Using STORED Gamma/Mid values: G=1.00, M=0.00
2026-02-09 21:26:23 - [INFO] - [DEBUG]   Image layer loaded and processed
2026-02-09 21:26:23 - [INFO] - [DEBUG] Loading segmentation layer for Anterior
2026-02-09 21:26:23 - [INFO] - [DEBUG] Looking for segmentation (NEWEST): F:\projek dosen\prototype riset\hotspot-analyzer\data\PLANAR\EMA\1\20250628\ant_segm.png
2026-02-09 21:26:23 - [DEBUG] - STREAM b'IHDR' 16 13
2026-02-09 21:26:23 - [DEBUG] - STREAM b'IDAT' 41 6336
2026-02-09 21:26:23 - [INFO] - [DEBUG]   Loaded segmentation with transparency: F:\projek dosen\prototype riset\hotspot-analyzer\data\PLANAR\EMA\1\20250628\ant_segm.png
2026-02-09 21:26:23 - [INFO] - [DEBUG] Segmentation type: ORIGINAL
2026-02-09 21:26:23 - [INFO] - [DEBUG] Loading hotspot layer for Anterior
2026-02-09 21:26:23 - [INFO] - [DEBUG] Looking for hotspot classification (NEWEST): F:\projek dosen\prototype riset\hotspot-analyzer\data\PLANAR\EMA\1\20250628\ant_hotspot_classification.png
2026-02-09 21:26:23 - [INFO] - [DEBUG] No hotspot classification found: F:\projek dosen\prototype riset\hotspot-analyzer\data\PLANAR\EMA\1\20250628\ant_hotspot_classification.png
2026-02-09 21:26:23 - [INFO] - [DEBUG] Loading bbox layer for Anterior
2026-02-09 21:26:23 - [INFO] - [DEBUG] Looking for classification XML (NEWEST): F:\projek dosen\prototype riset\hotspot-analyzer\data\PLANAR\EMA\1\20250628\ant_hotspot_classification.xml
2026-02-09 21:26:23 - [INFO] - [DEBUG] No classification XML found: F:\projek dosen\prototype riset\hotspot-analyzer\data\PLANAR\EMA\1\20250628\ant_hotspot_classification.xml
2026-02-09 21:26:23 - [INFO] - [CACHE STORE] Not caching due to adjustments/overrides/invert
2026-02-09 21:26:23 - [INFO] - [DEBUG]   Loaded 2 layers for Anterior: ['Image', 'Segmentation']
2026-02-09 21:26:23 - [INFO] - [DEBUG] Available CLASSIFICATION layers in files: ['Image', 'Segmentation']
2026-02-09 21:26:23 - [INFO] - [DEBUG]   Added CLASSIFICATION Image to card 0 (opacity: 1.00)
2026-02-09 21:26:23 - [INFO] - [DEBUG]   CLASSIFICATION card 0 composite created with layers: ['Image']
2026-02-09 21:26:23 - [INFO] - [DEBUG] Creating CLASSIFICATION card 0 for view: Posterior
2026-02-09 21:26:23 - [INFO] - [DEBUG] Active layers selected: ['Image']
2026-02-09 21:26:23 - [INFO] - [DEBUG] DICOM path: F:\projek dosen\prototype riset\hotspot-analyzer\data\PLANAR\EMA\1\20250628\1.dcm
2026-02-09 21:26:23 - [INFO] - [DEBUG] Current view: Posterior
2026-02-09 21:26:23 - [INFO] - [CACHE DEBUG] use_cache=False
2026-02-09 21:26:23 - [INFO] - [CACHE DEBUG] has_adjustments=False (Gamma=1.00, Mid=0.00)
2026-02-09 21:26:23 - [INFO] - [CACHE DEBUG] has_overrides=False (override_gamma=None, override_mid=None)
2026-02-09 21:26:23 - [INFO] - [CACHE DEBUG] invert_original=True
2026-02-09 21:26:23 - [INFO] - [CACHE SKIP] Skipping cache due to adjustments/overrides/invert
2026-02-09 21:26:23 - [INFO] - [DEBUG] Path extraction: session=EMA, patient=1, study_date=20250628
2026-02-09 21:26:23 - [INFO] - [DEBUG] Extracted patient info - ID: 1, Session: EMA
2026-02-09 21:26:23 - [INFO] - [DEBUG] Original path: F:\projek dosen\prototype riset\hotspot-analyzer\data\PLANAR\EMA\1\20250628\1.dcm
2026-02-09 21:26:23 - [INFO] - [DEBUG] Study date: 20250628
2026-02-09 21:26:23 - [INFO] - [DEBUG] Patient ID: 1
2026-02-09 21:26:23 - [INFO] - [DEBUG] Session code: EMA
2026-02-09 21:26:23 - [INFO] - [DEBUG] Study date folder: F:\projek dosen\prototype riset\hotspot-analyzer\data\PLANAR\EMA\1\20250628
2026-02-09 21:26:23 - [INFO] - [DEBUG] Loading original image for Posterior
2026-02-09 21:26:23 - [INFO] - [DEBUG] Looking for original PNG in study_date dir: F:\projek dosen\prototype riset\hotspot-analyzer\data\PLANAR\EMA\1\20250628\post_original.png
2026-02-09 21:26:23 - [DEBUG] - STREAM b'IHDR' 16 13
2026-02-09 21:26:23 - [DEBUG] - STREAM b'IDAT' 41 65536
2026-02-09 21:26:23 - [INFO] - [DEBUG] Loaded original PNG from study_date dir: (256, 1024)
2026-02-09 21:26:23 - [INFO] - [DEBUG] Original image loaded: (256, 1024)
2026-02-09 21:26:23 - [INFO] - [DEBUG] Applying invert to original image
2026-02-09 21:26:23 - [INFO] - [DEBUG] simple_invert_pil_image: Processing L image, size = (256, 1024)
2026-02-09 21:26:23 - [INFO] - [DEBUG] simple_invert_image: input shape = (1024, 256), dtype = uint8
2026-02-09 21:26:23 - [INFO] - [DEBUG] Simple inversion completed: [0-255] -> [0-255]
2026-02-09 21:26:23 - [INFO] - [DEBUG] simple_invert_pil_image: completed
2026-02-09 21:26:23 - [INFO] - [DEBUG] Using STORED Gamma/Mid values: G=1.00, M=0.00
2026-02-09 21:26:23 - [INFO] - [DEBUG]   Image layer loaded and processed
2026-02-09 21:26:23 - [INFO] - [DEBUG] Loading segmentation layer for Posterior
2026-02-09 21:26:23 - [INFO] - [DEBUG] Looking for segmentation (NEWEST): F:\projek dosen\prototype riset\hotspot-analyzer\data\PLANAR\EMA\1\20250628\post_segm.png
2026-02-09 21:26:23 - [DEBUG] - STREAM b'IHDR' 16 13
2026-02-09 21:26:23 - [DEBUG] - STREAM b'IDAT' 41 5752
2026-02-09 21:26:23 - [INFO] - [DEBUG]   Loaded segmentation with transparency: F:\projek dosen\prototype riset\hotspot-analyzer\data\PLANAR\EMA\1\20250628\post_segm.png
2026-02-09 21:26:23 - [INFO] - [DEBUG] Segmentation type: ORIGINAL
2026-02-09 21:26:23 - [INFO] - [DEBUG] Loading hotspot layer for Posterior
2026-02-09 21:26:23 - [INFO] - [DEBUG] Looking for hotspot classification (NEWEST): F:\projek dosen\prototype riset\hotspot-analyzer\data\PLANAR\EMA\1\20250628\post_hotspot_classification.png
2026-02-09 21:26:23 - [INFO] - [DEBUG] No hotspot classification found: F:\projek dosen\prototype riset\hotspot-analyzer\data\PLANAR\EMA\1\20250628\post_hotspot_classification.png
2026-02-09 21:26:23 - [INFO] - [DEBUG] Loading bbox layer for Posterior
2026-02-09 21:26:23 - [INFO] - [DEBUG] Looking for classification XML (NEWEST): F:\projek dosen\prototype riset\hotspot-analyzer\data\PLANAR\EMA\1\20250628\post_hotspot_classification.xml
2026-02-09 21:26:23 - [INFO] - [DEBUG] No classification XML found: F:\projek dosen\prototype riset\hotspot-analyzer\data\PLANAR\EMA\1\20250628\post_hotspot_classification.xml
2026-02-09 21:26:23 - [INFO] - [CACHE STORE] Not caching due to adjustments/overrides/invert
2026-02-09 21:26:23 - [INFO] - [DEBUG]   Loaded 2 layers for Posterior: ['Image', 'Segmentation']
2026-02-09 21:26:23 - [INFO] - [DEBUG] Available CLASSIFICATION layers in files: ['Image', 'Segmentation']
2026-02-09 21:26:23 - [INFO] - [DEBUG]   Added CLASSIFICATION Image to card 0 (opacity: 1.00)
2026-02-09 21:26:23 - [INFO] - [DEBUG]   CLASSIFICATION card 0 composite created with layers: ['Image']
2026-02-09 21:26:23 - [INFO] - [SMART UPDATE] State updated - Type: full
2026-02-09 21:26:23 - [INFO] -   [DEBUG QUANT FILES] Getting quantification files for: F:\projek dosen\prototype riset\hotspot-analyzer\data\PLANAR\EMA\1\20250628
2026-02-09 21:26:23 - [INFO] -   [DEBUG QUANT FILES] Detected study_date folder: F:\projek dosen\prototype riset\hotspot-analyzer\data\PLANAR\EMA\1\20250628
2026-02-09 21:26:23 - [INFO] -   [DEBUG QUANT FILES] Generated paths:
2026-02-09 21:26:23 - [INFO] -   [DEBUG QUANT FILES]   bsi_json_ant: F:\projek dosen\prototype riset\hotspot-analyzer\data\PLANAR\EMA\1\20250628\bsi_quantification_ant.json (exists: False)
2026-02-09 21:26:23 - [INFO] -   [DEBUG QUANT FILES]   bsi_json_post: F:\projek dosen\prototype riset\hotspot-analyzer\data\PLANAR\EMA\1\20250628\bsi_quantification_post.json (exists: False)
2026-02-09 21:26:23 - [INFO] -   [DEBUG QUANT FILES] Getting quantification files for: F:\projek dosen\prototype riset\hotspot-analyzer\data\PLANAR\EMA\1
2026-02-09 21:26:23 - [INFO] -   [DEBUG QUANT FILES] Using latest study_date folder: F:\projek dosen\prototype riset\hotspot-analyzer\data\PLANAR\EMA\1\20250628
2026-02-09 21:26:23 - [INFO] -   [DEBUG QUANT FILES] Generated paths:
2026-02-09 21:26:23 - [INFO] -   [DEBUG QUANT FILES]   bsi_json_ant: F:\projek dosen\prototype riset\hotspot-analyzer\data\PLANAR\EMA\1\20250628\bsi_quantification_ant.json (exists: False)
2026-02-09 21:26:23 - [INFO] -   [DEBUG QUANT FILES]   bsi_json_post: F:\projek dosen\prototype riset\hotspot-analyzer\data\PLANAR\EMA\1\20250628\bsi_quantification_post.json (exists: False)
2026-02-09 21:26:23 - [INFO] - [BSI SIDE PANEL] Clearing data...
2026-02-09 21:26:23 - [INFO] - [DEBUG] Path extraction: session=EMA, patient=1, study_date=20250628
2026-02-09 21:26:23 - [INFO] - [DEBUG] Extracted patient info - ID: 1, Session: EMA
2026-02-09 21:26:23 - [INFO] - [DEBUG] Original path: F:\projek dosen\prototype riset\hotspot-analyzer\data\PLANAR\EMA\1\20250628\1.dcm
2026-02-09 21:26:26 - [DEBUG] - STREAM b'IHDR' 16 13
2026-02-09 21:26:26 - [DEBUG] - STREAM b'IDAT' 41 65536
2026-02-09 21:26:26 - [INFO] - [DEBUG] simple_invert_image: input shape = (1024, 256), dtype = uint8
2026-02-09 21:26:26 - [INFO] - [DEBUG] Simple inversion completed: [0-255] -> [0-255]
2026-02-09 21:26:26 - [INFO] -   [HOTSPOT LOAD] Loading mask for ant
2026-02-09 21:26:26 - [INFO] -   [HOTSPOT LOAD] Classification PNG: F:\projek dosen\prototype riset\hotspot-analyzer\data\PLANAR\EMA\1\20250628\ant_hotspot_classification.png
2026-02-09 21:26:26 - [INFO] -   [HOTSPOT LOAD] XML file: F:\projek dosen\prototype riset\hotspot-analyzer\data\PLANAR\EMA\1\20250628\ant_hotspot_classification.xml
2026-02-09 21:26:26 - [INFO] -   [HOTSPOT LOAD] PNG exists: False
2026-02-09 21:26:26 - [INFO] -   [HOTSPOT LOAD] XML exists: False
2026-02-09 21:26:26 - [INFO] - ✗ No classification data found. Creating empty mask.
2026-02-09 21:26:26 - [DEBUG] - STREAM b'IHDR' 16 13
2026-02-09 21:26:26 - [DEBUG] - STREAM b'IDAT' 41 6336
2026-02-09 21:26:26 - [DEBUG] - STREAM b'IHDR' 16 13
2026-02-09 21:26:26 - [DEBUG] - STREAM b'IDAT' 41 6336
2026-02-09 21:26:34 - [INFO] - [DEBUG] Timeline zoom in: 1.15
2026-02-09 21:26:34 - [INFO] - [DEBUG] Smooth zoom update for 2 labels
2026-02-09 21:26:34 - [INFO] - [DEBUG] Scaled label 0: 350 -> 402
2026-02-09 21:26:34 - [INFO] - [DEBUG] Scaled label 1: 350 -> 402
2026-02-09 21:26:34 - [INFO] - [DEBUG] Timeline zoom in: 1.32
2026-02-09 21:26:34 - [INFO] - [DEBUG] Smooth zoom update for 2 labels
2026-02-09 21:26:34 - [INFO] - [DEBUG] Scaled label 0: 350 -> 462
2026-02-09 21:26:34 - [INFO] - [DEBUG] Scaled label 1: 350 -> 462
2026-02-09 21:26:34 - [INFO] - [DEBUG] Timeline zoom in: 1.52
2026-02-09 21:26:34 - [INFO] - [DEBUG] Smooth zoom update for 2 labels
2026-02-09 21:26:34 - [INFO] - [DEBUG] Scaled label 0: 350 -> 532
2026-02-09 21:26:34 - [INFO] - [DEBUG] Scaled label 1: 350 -> 532
2026-02-09 21:26:34 - [INFO] - [DEBUG] Timeline zoom in: 1.75
2026-02-09 21:26:34 - [INFO] - [DEBUG] Smooth zoom update for 2 labels
2026-02-09 21:26:34 - [INFO] - [DEBUG] Scaled label 0: 350 -> 612
2026-02-09 21:26:34 - [INFO] - [DEBUG] Scaled label 1: 350 -> 612
2026-02-09 21:26:35 - [INFO] - [DEBUG] Timeline zoom out: 1.52
2026-02-09 21:26:35 - [INFO] - [DEBUG] Smooth zoom update for 2 labels
2026-02-09 21:26:35 - [INFO] - [DEBUG] Scaled label 0: 350 -> 532
2026-02-09 21:26:35 - [INFO] - [DEBUG] Scaled label 1: 350 -> 532
2026-02-09 21:26:36 - [INFO] - [DEBUG] Timeline zoom out: 1.32
2026-02-09 21:26:36 - [INFO] - [DEBUG] Smooth zoom update for 2 labels
2026-02-09 21:26:36 - [INFO] - [DEBUG] Scaled label 0: 350 -> 463
2026-02-09 21:26:36 - [INFO] - [DEBUG] Scaled label 1: 350 -> 463
2026-02-09 21:26:36 - [INFO] - [DEBUG] Timeline zoom out: 1.15
2026-02-09 21:26:36 - [INFO] - [DEBUG] Smooth zoom update for 2 labels
2026-02-09 21:26:36 - [INFO] - [DEBUG] Scaled label 0: 350 -> 403
2026-02-09 21:26:36 - [INFO] - [DEBUG] Scaled label 1: 350 -> 403
2026-02-09 21:26:36 - [INFO] - [DEBUG] Timeline zoom out: 1.00
2026-02-09 21:26:36 - [INFO] - [DEBUG] Smooth zoom update for 2 labels
2026-02-09 21:26:36 - [INFO] - [DEBUG] Scaled label 0: 350 -> 350
2026-02-09 21:26:36 - [INFO] - [DEBUG] Scaled label 1: 350 -> 350
2026-02-09 21:26:36 - [INFO] - [DEBUG] Timeline zoom out: 0.87
2026-02-09 21:26:36 - [INFO] - [DEBUG] Smooth zoom update for 2 labels
2026-02-09 21:26:36 - [INFO] - [DEBUG] Scaled label 0: 350 -> 305
2026-02-09 21:26:36 - [INFO] - [DEBUG] Scaled label 1: 350 -> 305
2026-02-09 22:19:41 - [INFO] - [DEBUG] Application exited with code: 0
2026-02-09 22:19:41 - [INFO] - Aplikasi terminated normally
