2025-09-10 10:04:39 - [INFO] - Logger berhasil dikonfigurasi. Memulai aplikasi...
2025-09-10 10:04:39 - [INFO] - [DEBUG] Running in development mode
2025-09-10 10:04:39 - [INFO] - [DEBUG] Starting TELPLASTINA...
2025-09-10 10:04:39 - [INFO] - [UI] Application icon loaded: assets\icon.ico
2025-09-10 10:04:39 - [INFO] - [UI] Poppins font applied
2025-09-10 10:04:39 - [INFO] - [DEBUG] TELPLASTINA application created and configured
2025-09-10 10:04:39 - [INFO] - [DEBUG] Starting session with 100ms delay...
2025-09-10 10:04:40 - [INFO] - [DEBUG] === Starting new session ===
2025-09-10 10:04:40 - [INFO] - [DEBUG] Development mode - creating dialog immediately
2025-09-10 10:04:40 - [INFO] - [DEBUG] Creating doctor selection dialog (attempt 1/3)...
2025-09-10 10:04:40 - [INFO] - [PATHS] Found YOLO model at: F:\projek dosen\prototype riset\hotspot-analyzer\models\hotspot_detection\models\model_detection_hs_yolov8.pt
2025-09-10 10:04:40 - [INFO] - [DEBUG] Dialog class imported successfully
2025-09-10 10:04:42 - [INFO] - [DEBUG] Dialog instance created successfully
2025-09-10 10:04:42 - [INFO] - [DEBUG] Dialog window properties set
2025-09-10 10:04:42 - [INFO] - [DEBUG] Showing dialog to user...
2025-09-10 10:04:42 - [INFO] - [DEBUG] Dialog shown successfully
2025-09-10 10:04:42 - [INFO] - [DEBUG] Waiting for user input...
2025-09-10 10:04:45 - [INFO] - [SESSION] Created session: NSY_Planar_20250910_100445
2025-09-10 10:04:45 - [INFO] - [SESSION] Created: NSY_Planar_20250910_100445
2025-09-10 10:04:45 - [INFO] - [DEBUG] Dialog execution completed with result: 1
2025-09-10 10:04:45 - [INFO] - [DEBUG] Quick close detected: False
2025-09-10 10:04:45 - [INFO] - [DEBUG] Session selected - Code: NSY, Modality: Planar
2025-09-10 10:04:45 - [INFO] - [DEBUG] Data directory confirmed: data
2025-09-10 10:04:45 - [INFO] - [DEBUG] Starting PLANAR session with code: NSY
2025-09-10 10:04:45 - [INFO] - [DEBUG] Creating main window for session: NSY
2025-09-10 10:04:50 - [INFO] - [YOLO] Module loaded - model will be loaded on-demand
2025-09-10 10:04:50 - [INFO] - [DEBUG] session_code in MainWindow = NSY
2025-09-10 10:04:50 - [INFO] - [DEBUG] Timeline keyboard shortcuts enabled: Ctrl+/- for zoom, Ctrl+0 for reset
2025-09-10 10:04:50 - [INFO] - [DEBUG] Connecting invert checkbox...
2025-09-10 10:04:50 - [INFO] - [DEBUG] Testing checkbox connection...
2025-09-10 10:04:50 - [INFO] - [DEBUG] Timeline widget exists: True
2025-09-10 10:04:50 - [INFO] - [DEBUG] Timeline widget type: <class 'features.spect_viewer.gui.scan_timeline.ScanTimelineWidget'>
2025-09-10 10:04:50 - [INFO] - [DEBUG] Invert checkbox created and connected
2025-09-10 10:04:50 - [INFO] - [MainWindow]   Global keyboard shortcuts setup complete
2025-09-10 10:04:50 - [INFO] - [MainWindow] Syncing view 'Anterior' across all components
2025-09-10 10:04:50 - [INFO] - [DEBUG] set_active_view called with 'Anterior', but is now ignored.
2025-09-10 10:04:50 - [INFO] - [MainWindow]   View sync completed
2025-09-10 10:04:50 - [INFO] - [MainWindow]   Complete integration initialization finished
2025-09-10 10:04:50 - [INFO] - [DEBUG] Starting folder scan for session: NSY
2025-09-10 10:04:50 - [INFO] - Ditemukan 13 file DICOM di 'F:\projek dosen\prototype riset\hotspot-analyzer\data\PLANAR'
2025-09-10 10:04:50 - [INFO] - Ditemukan 4 session, 9 pasien (total 13 file DICOM).
2025-09-10 10:04:50 - [INFO] - ALL: 1 pasien, 1 file
2025-09-10 10:04:50 - [INFO] - ATL: 4 pasien, 4 file
2025-09-10 10:04:50 - [INFO] - NBL: 1 pasien, 1 file
2025-09-10 10:04:50 - [INFO] - NSY: 3 pasien, 7 file
2025-09-10 10:04:50 - [INFO] - [DEBUG] Found 4 total sessions: ['ALL', 'ATL', 'NBL', 'NSY']
2025-09-10 10:04:50 - [INFO] - [DEBUG] Filtered to session NSY: 3 patients
2025-09-10 10:04:50 - [INFO] - [DEBUG] Added 3 patients to combo box for session NSY
2025-09-10 10:04:50 - [INFO] - [DEBUG] display_timeline called with 0 scan(s), focusing on index = -1
2025-09-10 10:04:50 - [INFO] - [DEBUG] Rebuilding timeline for active scan index: -1
2025-09-10 10:04:50 - [INFO] - [BSI SIDE PANEL] Clearing all patient data...
2025-09-10 10:04:50 - [INFO] - [DEBUG] Folder scan completed
2025-09-10 10:04:50 - [INFO] - [DEBUG] Main window created successfully for session: NSY
2025-09-10 10:04:50 - [INFO] - [DEBUG] Main window created successfully
2025-09-10 10:04:50 - [INFO] - [DEBUG] Logout signal connected
2025-09-10 10:04:50 - [INFO] - [DEBUG] Main window displayed
2025-09-10 10:04:50 - [INFO] - [DEBUG] Active windows count: 1
2025-09-10 10:04:51 - [INFO] - [TEST] Testing invert connection...
2025-09-10 10:04:51 - [INFO] - [TEST] Timeline widget exists: True
2025-09-10 10:04:51 - [INFO] - [TEST] Checkbox exists: True
2025-09-10 10:04:51 - [INFO] - [TEST] Current checkbox state: False
2025-09-10 10:04:51 - [INFO] - [DEBUG] === INVERT CHECKBOX CHANGED ===
2025-09-10 10:04:51 - [INFO] - [DEBUG] Checkbox state: 2, isChecked(): True
2025-09-10 10:04:51 - [INFO] - [DEBUG] Invert flag changed: False -> True
2025-09-10 10:04:51 - [INFO] - [DEBUG] Calling timeline_widget.set_invert_original(True)
2025-09-10 10:04:51 - [INFO] - [DEBUG] set_invert_original called: True (current: False)
2025-09-10 10:04:51 - [INFO] - [CACHE CLEAR] Cleared 0 layer cache entries
2025-09-10 10:04:51 - [INFO] - [CACHE CLEAR] Cleared zoom cache (0 labels)
2025-09-10 10:04:51 - [INFO] - [DEBUG] Cleared layer cache due to invert change
2025-09-10 10:04:51 - [INFO] - [DEBUG] No scans loaded, rebuild skipped
2025-09-10 10:04:51 - [INFO] - [DEBUG]   Timeline invert method called successfully
2025-09-10 10:04:51 - [INFO] - [TEST] Toggled checkbox to: True
2025-09-10 10:05:05 - [INFO] - [DEBUG] Membersihkan sumber daya di MainWindow (SPECT)...
2025-09-10 10:05:05 - [INFO] - [DEBUG] Menutup process pool...
2025-09-10 10:05:05 - [ERROR] - Traceback (most recent call last):
2025-09-10 10:05:05 - [ERROR] - File "F:\projek dosen\prototype riset\hotspot-analyzer\features\spect_viewer\gui\main_window_spect.py", line 1308, in closeEvent
2025-09-10 10:05:05 - [ERROR] - if self._pool is not None:
2025-09-10 10:05:05 - [ERROR] - ^
2025-09-10 10:05:05 - [ERROR] - ^
2025-09-10 10:05:05 - [ERROR] - ^
2025-09-10 10:05:05 - [ERROR] - ^
2025-09-10 10:05:05 - [ERROR] - ^
2025-09-10 10:05:05 - [ERROR] - ^
2025-09-10 10:05:05 - [ERROR] - ^
2025-09-10 10:05:05 - [ERROR] - ^
2025-09-10 10:05:05 - [ERROR] - ^
2025-09-10 10:05:05 - [ERROR] - ^
2025-09-10 10:05:05 - [ERROR] - AttributeError
2025-09-10 10:05:05 - [ERROR] - :
2025-09-10 10:05:05 - [ERROR] - 'MainWindowSpect' object has no attribute '_pool'
2025-09-10 10:05:05 - [ERROR] - . Did you mean: '
2025-09-10 10:05:05 - [ERROR] - pool
2025-09-10 10:05:05 - [ERROR] - '?
2025-09-10 10:05:05 - [INFO] - [DEBUG] Application exited with code: 0
2025-09-10 10:05:05 - [INFO] - [DEBUG] Application terminated normally
