2025-09-14 15:01:46 - [INFO] - Logger berhasil dikonfigurasi. Memulai aplikasi...
2025-09-14 15:01:46 - [INFO] - Running in development mode
2025-09-14 15:01:46 - [INFO] - [DEBUG] Starting TELPLASTINA...
2025-09-14 15:01:46 - [INFO] - [UI] Application icon loaded: assets\icon.ico
2025-09-14 15:01:46 - [INFO] - [UI] Poppins font applied
2025-09-14 15:01:46 - [INFO] - [DEBUG] TELPLASTINA application created and configured
2025-09-14 15:01:46 - [INFO] - [DEBUG] Starting session with 100ms delay...
2025-09-14 15:01:46 - [INFO] - [DEBUG] === Starting new session ===
2025-09-14 15:01:46 - [INFO] - [DEBUG] Development mode - creating dialog immediately
2025-09-14 15:01:46 - [INFO] - [DEBUG] Creating doctor selection dialog (attempt 1/3)...
2025-09-14 15:01:47 - [INFO] - [PATHS] Found YOLO model at: F:\projek dosen\prototype riset\hotspot-analyzer\models\hotspot_detection\models\model_detection_hs_yolov8.pt
2025-09-14 15:01:47 - [INFO] - [DEBUG] Dialog class imported successfully
2025-09-14 15:01:48 - [INFO] - [DEBUG] Dialog instance created successfully
2025-09-14 15:01:48 - [INFO] - [DEBUG] Dialog window properties set
2025-09-14 15:01:48 - [INFO] - [DEBUG] Showing dialog to user...
2025-09-14 15:01:48 - [INFO] - [DEBUG] Dialog shown successfully
2025-09-14 15:01:48 - [INFO] - [DEBUG] Waiting for user input...
2025-09-14 15:01:52 - [INFO] - [SESSION] Created session: HAHH_Planar_20250914_150152
2025-09-14 15:01:52 - [INFO] - [SESSION] Created: HAHH_Planar_20250914_150152
2025-09-14 15:01:52 - [INFO] - [DEBUG] Dialog execution completed with result: 1
2025-09-14 15:01:52 - [INFO] - [DEBUG] Quick close detected: False
2025-09-14 15:01:52 - [INFO] - [DEBUG] Session selected - Code: HAHH, Modality: Planar
2025-09-14 15:01:52 - [INFO] - [DEBUG] Data directory confirmed: data
2025-09-14 15:01:52 - [INFO] - [DEBUG] Starting PLANAR session with code: HAHH
2025-09-14 15:01:52 - [INFO] - [DEBUG] Creating main window for session: HAHH
2025-09-14 15:01:55 - [INFO] - [YOLO] Module loaded - model will be loaded on-demand
2025-09-14 15:01:55 - [INFO] - [DEBUG] Timeline keyboard shortcuts enabled: Ctrl+/- for zoom, Ctrl+0 for reset
2025-09-14 15:01:55 - [INFO] - [DEBUG] set_active_view called with 'Anterior', but is now ignored.
2025-09-14 15:01:55 - [INFO] - Ditemukan 45 file DICOM di 'F:\projek dosen\prototype riset\hotspot-analyzer\data\PLANAR'
2025-09-14 15:01:55 - [INFO] - Ditemukan 9 session, 33 pasien (total 45 file DICOM).
2025-09-14 15:01:55 - [INFO] -     ALL: 1 pasien, 1 file
2025-09-14 15:01:55 - [INFO] -     ATL: 4 pasien, 4 file
2025-09-14 15:01:55 - [INFO] -     HAH: 14 pasien, 14 file
2025-09-14 15:01:55 - [INFO] -     HAHH: 1 pasien, 1 file
2025-09-14 15:01:55 - [INFO] -     HEHE: 2 pasien, 2 file
2025-09-14 15:01:55 - [INFO] -     NBL: 1 pasien, 5 file
2025-09-14 15:01:55 - [INFO] -     NSY: 4 pasien, 8 file
2025-09-14 15:01:55 - [INFO] -     PVSA: 2 pasien, 2 file
2025-09-14 15:01:55 - [INFO] -     WKW: 4 pasien, 8 file
2025-09-14 15:01:55 - [INFO] - [DEBUG] display_timeline called with 0 scan(s), focusing on index = -1
2025-09-14 15:01:55 - [INFO] - [DEBUG] Rebuilding timeline for active scan index: -1
2025-09-14 15:01:55 - [INFO] - [BSI SIDE PANEL] Clearing data...
2025-09-14 15:01:55 - [INFO] - [DEBUG] Main window created successfully for session: HAHH
2025-09-14 15:01:55 - [INFO] - [DEBUG] Main window created successfully
2025-09-14 15:01:55 - [INFO] - [DEBUG] Logout signal connected
2025-09-14 15:01:55 - [INFO] - [DEBUG] Main window displayed
2025-09-14 15:01:55 - [INFO] - [DEBUG] Active windows count: 1
2025-09-14 15:01:56 - [INFO] - [DEBUG] set_invert_original called: True (current: False)
2025-09-14 15:01:56 - [INFO] - [CACHE CLEAR] Cleared 0 layer cache entries
2025-09-14 15:01:56 - [INFO] - [CACHE CLEAR] Cleared zoom cache (0 labels)
2025-09-14 15:01:56 - [INFO] - [DEBUG] Cleared layer cache due to invert change
2025-09-14 15:01:56 - [INFO] - [DEBUG] No scans loaded, rebuild skipped
2025-09-14 15:01:58 - [INFO] - [DEBUG] item activated → ID: 0001158915 (HAHH) @ index 0
2025-09-14 15:01:58 - [INFO] - [DEBUG] item activated → ID: 0001158915 (HAHH)
2025-09-14 15:01:58 - [INFO] - 
  [DEBUG PATHS GANTENG] ===================
2025-09-14 15:01:58 - [INFO] -   [DEBUG PATHS] Patient folder: F:\projek dosen\prototype riset\hotspot-analyzer\data\PLANAR\HAHH\0001158915
2025-09-14 15:01:58 - [INFO] -   [DEBUG PATHS] Patient ID: 0001158915
2025-09-14 15:01:58 - [INFO] -   [DEBUG PATHS] Folder exists: True
2025-09-14 15:01:58 - [INFO] -   [DEBUG PATHS] Folder structure:
2025-09-14 15:01:58 - [INFO] -   [DEBUG PATHS]   DIR:  20241204/
2025-09-14 15:01:58 - [INFO] -   [DEBUG PATHS]     Study date folder contents:
2025-09-14 15:01:58 - [INFO] -   [DEBUG PATHS]       FILE: ANT001_DS.dcm (1054352 bytes)
2025-09-14 15:01:58 - [INFO] -   [DEBUG PATHS]       FILE: ant_hotspot_classification.json (36469 bytes)
2025-09-14 15:01:58 - [INFO] -   [DEBUG PATHS]       FILE: ant_hotspot_classification.png (1012 bytes)
2025-09-14 15:01:58 - [INFO] -   [DEBUG PATHS]       FILE: ant_hotspot_classification.xml (919 bytes)
2025-09-14 15:01:58 - [INFO] -   [DEBUG PATHS]       FILE: ant_hotspot_otsu_colored.png (1138 bytes)
2025-09-14 15:01:58 - [INFO] -   [DEBUG PATHS]       FILE: ant_hotspot_otsu_colored_blend.png (99622 bytes)
2025-09-14 15:01:58 - [INFO] -   [DEBUG PATHS]       FILE: ant_hotspot_otsu_grayscale.png (566 bytes)
2025-09-14 15:01:58 - [INFO] -   [DEBUG PATHS]       FILE: ant_hotspot_yolo.xml (991 bytes)
2025-09-14 15:01:58 - [INFO] -   [DEBUG PATHS]       FILE: ant_mask.png (2660 bytes)
2025-09-14 15:01:58 - [INFO] -   [DEBUG PATHS]       FILE: ant_original.png (74077 bytes)
2025-09-14 15:01:58 - [INFO] -   [DEBUG PATHS]       FILE: ant_segm.png (5067 bytes)
2025-09-14 15:01:58 - [INFO] -   [DEBUG PATHS]       FILE: bsi_quantification_ant.json (3770 bytes)
2025-09-14 15:01:58 - [INFO] -   [DEBUG PATHS]       FILE: post_hotspot_otsu_colored.png (1011 bytes)
2025-09-14 15:01:58 - [INFO] -   [DEBUG PATHS]       FILE: post_hotspot_otsu_colored_blend.png (102487 bytes)
2025-09-14 15:01:58 - [INFO] -   [DEBUG PATHS]       FILE: post_hotspot_otsu_grayscale.png (452 bytes)
2025-09-14 15:01:58 - [INFO] -   [DEBUG PATHS]       FILE: post_hotspot_yolo.xml (673 bytes)
2025-09-14 15:01:58 - [INFO] -   [DEBUG PATHS]       FILE: post_mask.png (2663 bytes)
2025-09-14 15:01:58 - [INFO] -   [DEBUG PATHS]       FILE: post_original.png (75692 bytes)
2025-09-14 15:01:58 - [INFO] -   [DEBUG PATHS]       FILE: post_segm.png (4821 bytes)
2025-09-14 15:01:58 - [INFO] -   [DEBUG QUANT FILES] Getting quantification files for: F:\projek dosen\prototype riset\hotspot-analyzer\data\PLANAR\HAHH\0001158915
2025-09-14 15:01:58 - [INFO] -   [DEBUG QUANT FILES] Using latest study_date folder: F:\projek dosen\prototype riset\hotspot-analyzer\data\PLANAR\HAHH\0001158915\20241204
2025-09-14 15:01:58 - [INFO] -   [DEBUG QUANT FILES] Generated paths:
2025-09-14 15:01:58 - [INFO] -   [DEBUG QUANT FILES]   bsi_json_ant: F:\projek dosen\prototype riset\hotspot-analyzer\data\PLANAR\HAHH\0001158915\20241204\bsi_quantification_ant.json (exists: True)
2025-09-14 15:01:58 - [INFO] -   [DEBUG QUANT FILES]   bsi_json_post: F:\projek dosen\prototype riset\hotspot-analyzer\data\PLANAR\HAHH\0001158915\20241204\bsi_quantification_post.json (exists: False)
2025-09-14 15:01:58 - [INFO] -   [DEBUG PATHS] New quantification paths:
2025-09-14 15:01:58 - [INFO] -   [DEBUG PATHS]   bsi_json_ant: F:\projek dosen\prototype riset\hotspot-analyzer\data\PLANAR\HAHH\0001158915\20241204\bsi_quantification_ant.json (exists: True, size: 3770 bytes)
2025-09-14 15:01:58 - [INFO] -   [DEBUG PATHS]     Content preview: {
  "patient_info": {
    "patient_id": "0001158915",
    "study_date": "20241204",
    "filename_st...
2025-09-14 15:01:58 - [INFO] -   [DEBUG PATHS]   bsi_json_post: F:\projek dosen\prototype riset\hotspot-analyzer\data\PLANAR\HAHH\0001158915\20241204\bsi_quantification_post.json (exists: False, size: 0 bytes)
2025-09-14 15:01:58 - [INFO] -   [DEBUG PATHS] Old pattern search:
2025-09-14 15:01:58 - [INFO] -   [DEBUG PATHS]   Old anterior: []
2025-09-14 15:01:58 - [INFO] -   [DEBUG PATHS]   Old posterior: []
2025-09-14 15:01:58 - [INFO] -   [DEBUG QUANT FILES] Getting quantification files for: F:\projek dosen\prototype riset\hotspot-analyzer\data\PLANAR\HAHH\0001158915\20241204
2025-09-14 15:01:58 - [INFO] -   [DEBUG QUANT FILES] Detected study_date folder: F:\projek dosen\prototype riset\hotspot-analyzer\data\PLANAR\HAHH\0001158915\20241204
2025-09-14 15:01:58 - [INFO] -   [DEBUG QUANT FILES] Generated paths:
2025-09-14 15:01:58 - [INFO] -   [DEBUG QUANT FILES]   bsi_json_ant: F:\projek dosen\prototype riset\hotspot-analyzer\data\PLANAR\HAHH\0001158915\20241204\bsi_quantification_ant.json (exists: True)
2025-09-14 15:01:58 - [INFO] -   [DEBUG QUANT FILES]   bsi_json_post: F:\projek dosen\prototype riset\hotspot-analyzer\data\PLANAR\HAHH\0001158915\20241204\bsi_quantification_post.json (exists: False)
2025-09-14 15:01:58 - [INFO] - [SMART UPDATE] Change type: none
2025-09-14 15:01:58 - [INFO] - [DEBUG] Timeline active layers set to: []
2025-09-14 15:01:58 - [INFO] - [SMART UPDATE] No changes detected, skipping update
2025-09-14 15:01:58 - [INFO] - [SMART UPDATE] Change type: none
2025-09-14 15:01:58 - [INFO] - [DEBUG] Timeline active layers set to: []
2025-09-14 15:01:58 - [INFO] - [SMART UPDATE] No changes detected, skipping update
2025-09-14 15:01:58 - [INFO] - [DEBUG] Set Image opacity to 1.00
2025-09-14 15:01:58 - [INFO] - [SMART UPDATE] Change type: none
2025-09-14 15:01:58 - [INFO] - [SMART UPDATE] Using full rebuild for opacity change
2025-09-14 15:01:58 - [INFO] - [DEBUG] Rebuilding timeline for active scan index: -1
2025-09-14 15:01:58 - [INFO] - [SMART UPDATE] State updated - Type: rebuild
2025-09-14 15:01:58 - [INFO] - [DEBUG] Set Segmentation opacity to 0.35
2025-09-14 15:01:58 - [INFO] - [SMART UPDATE] Change type: none
2025-09-14 15:01:58 - [INFO] - [SMART UPDATE] Using full rebuild for opacity change
2025-09-14 15:01:58 - [INFO] - [DEBUG] Rebuilding timeline for active scan index: -1
2025-09-14 15:01:58 - [INFO] - [SMART UPDATE] State updated - Type: rebuild
2025-09-14 15:01:58 - [INFO] - [DEBUG] Set Hotspot opacity to 0.50
2025-09-14 15:01:58 - [INFO] - [SMART UPDATE] Change type: none
2025-09-14 15:01:58 - [INFO] - [SMART UPDATE] Using full rebuild for opacity change
2025-09-14 15:01:58 - [INFO] - [DEBUG] Rebuilding timeline for active scan index: -1
2025-09-14 15:01:58 - [INFO] - [SMART UPDATE] State updated - Type: rebuild
2025-09-14 15:01:58 - [INFO] - [DEBUG] Set HotspotBBox opacity to 1.00
2025-09-14 15:01:58 - [INFO] - [SMART UPDATE] Change type: none
2025-09-14 15:01:58 - [INFO] - [SMART UPDATE] Using full rebuild for opacity change
2025-09-14 15:01:58 - [INFO] - [DEBUG] Rebuilding timeline for active scan index: -1
2025-09-14 15:01:58 - [INFO] - [SMART UPDATE] State updated - Type: rebuild
2025-09-14 15:01:58 - [INFO] - [DEBUG] Active layers: ['Image']
2025-09-14 15:01:58 - [INFO] - [SMART UPDATE] Change type: layers
2025-09-14 15:01:58 - [INFO] - [SMART UPDATE] Layers added: ['Image']
2025-09-14 15:01:58 - [INFO] - [DEBUG] Timeline active layers set to: ['Image']
2025-09-14 15:01:58 - [INFO] - [SMART UPDATE] Full rebuild required for change type: layers
2025-09-14 15:01:58 - [INFO] - [DEBUG] Rebuilding timeline for active scan index: -1
2025-09-14 15:01:58 - [INFO] - [SMART UPDATE] State updated - Type: layers
2025-09-14 15:01:58 - [INFO] - [SMART UPDATE] Change type: layers
2025-09-14 15:01:58 - [INFO] - [SMART UPDATE] Layers removed: ['Image']
2025-09-14 15:01:58 - [INFO] - [DEBUG] Timeline active layers set to: []
2025-09-14 15:01:58 - [INFO] - [SMART UPDATE] Full rebuild required for change type: layers
2025-09-14 15:01:58 - [INFO] - [DEBUG] Rebuilding timeline for active scan index: -1
2025-09-14 15:01:58 - [INFO] - [SMART UPDATE] State updated - Type: layers
2025-09-14 15:01:58 - [INFO] - [SMART UPDATE] Change type: none
2025-09-14 15:01:58 - [INFO] - [DEBUG] Timeline active layers set to: []
2025-09-14 15:01:58 - [INFO] - [SMART UPDATE] No changes detected, skipping update
2025-09-14 15:01:58 - [INFO] - [DEBUG] Set Image opacity to 1.00
2025-09-14 15:01:58 - [INFO] - [SMART UPDATE] Change type: none
2025-09-14 15:01:58 - [INFO] - [SMART UPDATE] Using full rebuild for opacity change
2025-09-14 15:01:58 - [INFO] - [DEBUG] Rebuilding timeline for active scan index: -1
2025-09-14 15:01:58 - [INFO] - [SMART UPDATE] State updated - Type: rebuild
2025-09-14 15:01:58 - [INFO] - [DEBUG] Set Segmentation opacity to 0.35
2025-09-14 15:01:58 - [INFO] - [SMART UPDATE] Change type: none
2025-09-14 15:01:58 - [INFO] - [SMART UPDATE] Using full rebuild for opacity change
2025-09-14 15:01:58 - [INFO] - [DEBUG] Rebuilding timeline for active scan index: -1
2025-09-14 15:01:58 - [INFO] - [SMART UPDATE] State updated - Type: rebuild
2025-09-14 15:01:58 - [INFO] - [DEBUG] Set Hotspot opacity to 0.50
2025-09-14 15:01:58 - [INFO] - [SMART UPDATE] Change type: none
2025-09-14 15:01:58 - [INFO] - [SMART UPDATE] Using full rebuild for opacity change
2025-09-14 15:01:58 - [INFO] - [DEBUG] Rebuilding timeline for active scan index: -1
2025-09-14 15:01:58 - [INFO] - [SMART UPDATE] State updated - Type: rebuild
2025-09-14 15:01:58 - [INFO] - [DEBUG] Set HotspotBBox opacity to 1.00
2025-09-14 15:01:58 - [INFO] - [SMART UPDATE] Change type: none
2025-09-14 15:01:58 - [INFO] - [SMART UPDATE] Using full rebuild for opacity change
2025-09-14 15:01:58 - [INFO] - [DEBUG] Rebuilding timeline for active scan index: -1
2025-09-14 15:01:58 - [INFO] - [SMART UPDATE] State updated - Type: rebuild
2025-09-14 15:01:58 - [INFO] - [DEBUG] Active layers: ['Image']
2025-09-14 15:01:58 - [INFO] - [SMART UPDATE] Change type: layers
2025-09-14 15:01:58 - [INFO] - [SMART UPDATE] Layers added: ['Image']
2025-09-14 15:01:58 - [INFO] - [DEBUG] Timeline active layers set to: ['Image']
2025-09-14 15:01:58 - [INFO] - [SMART UPDATE] Full rebuild required for change type: layers
2025-09-14 15:01:58 - [INFO] - [DEBUG] Rebuilding timeline for active scan index: -1
2025-09-14 15:01:58 - [INFO] - [SMART UPDATE] State updated - Type: layers
2025-09-14 15:01:58 - [INFO] - [SMART UPDATE] Change type: none
2025-09-14 15:01:58 - [INFO] - [DEBUG] Timeline active layers set to: ['Image']
2025-09-14 15:01:58 - [INFO] - [SMART UPDATE] No changes detected, skipping update
2025-09-14 15:01:58 - [INFO] - [DEBUG] Set Image opacity to 1.00
2025-09-14 15:01:58 - [INFO] - [SMART UPDATE] Change type: none
2025-09-14 15:01:58 - [INFO] - [SMART UPDATE] Using full rebuild for opacity change
2025-09-14 15:01:58 - [INFO] - [DEBUG] Rebuilding timeline for active scan index: -1
2025-09-14 15:01:58 - [INFO] - [SMART UPDATE] State updated - Type: rebuild
2025-09-14 15:01:58 - [INFO] - [DEBUG] Set Segmentation opacity to 0.40
2025-09-14 15:01:58 - [INFO] - [SMART UPDATE] Change type: none
2025-09-14 15:01:58 - [INFO] - [SMART UPDATE] Using full rebuild for opacity change
2025-09-14 15:01:58 - [INFO] - [DEBUG] Rebuilding timeline for active scan index: -1
2025-09-14 15:01:58 - [INFO] - [SMART UPDATE] State updated - Type: rebuild
2025-09-14 15:01:58 - [INFO] - [DEBUG] Set Hotspot opacity to 0.50
2025-09-14 15:01:58 - [INFO] - [SMART UPDATE] Change type: none
2025-09-14 15:01:58 - [INFO] - [SMART UPDATE] Using full rebuild for opacity change
2025-09-14 15:01:58 - [INFO] - [DEBUG] Rebuilding timeline for active scan index: -1
2025-09-14 15:01:58 - [INFO] - [SMART UPDATE] State updated - Type: rebuild
2025-09-14 15:01:58 - [INFO] - [DEBUG] Set HotspotBBox opacity to 1.00
2025-09-14 15:01:58 - [INFO] - [SMART UPDATE] Change type: none
2025-09-14 15:01:58 - [INFO] - [SMART UPDATE] Using full rebuild for opacity change
2025-09-14 15:01:58 - [INFO] - [DEBUG] Rebuilding timeline for active scan index: -1
2025-09-14 15:01:58 - [INFO] - [SMART UPDATE] State updated - Type: rebuild
2025-09-14 15:01:58 - [INFO] - [BSI META INTEGRATION] Updating scan meta with BSI data
2025-09-14 15:01:58 - [INFO] - [BSI META INTEGRATION] Session code: HAHH
2025-09-14 15:01:58 - [INFO] - [BSI META INTEGRATION] Scan path: F:\projek dosen\prototype riset\hotspot-analyzer\data\PLANAR\HAHH\0001158915\20241204\ANT001_DS.dcm
2025-09-14 15:01:58 - [INFO] - [BSI EXTRACT INFO] Extracting from path: F:\projek dosen\prototype riset\hotspot-analyzer\data\PLANAR\HAHH\0001158915\20241204\ANT001_DS.dcm
2025-09-14 15:01:58 - [INFO] - [BSI EXTRACT INFO] Extracted study_date from DICOM: 20241204
2025-09-14 15:01:58 - [INFO] - [BSI EXTRACT INFO] Extracted patient_id from study_date structure: 0001158915
2025-09-14 15:01:58 - [INFO] - [BSI EXTRACT INFO] Final result - Patient: 0001158915, Study: 20241204
2025-09-14 15:01:58 - [INFO] - [BSI META INTEGRATION] Extracted - Patient: 0001158915, Study: 20241204
2025-09-14 15:01:58 - [INFO] -   [DEBUG QUANT FILES] Getting quantification files for: F:\projek dosen\prototype riset\hotspot-analyzer\data\PLANAR\HAHH\0001158915\20241204
2025-09-14 15:01:58 - [INFO] -   [DEBUG QUANT FILES] Detected study_date folder: F:\projek dosen\prototype riset\hotspot-analyzer\data\PLANAR\HAHH\0001158915\20241204
2025-09-14 15:01:58 - [INFO] -   [DEBUG QUANT FILES] Generated paths:
2025-09-14 15:01:58 - [INFO] -   [DEBUG QUANT FILES]   bsi_json_ant: F:\projek dosen\prototype riset\hotspot-analyzer\data\PLANAR\HAHH\0001158915\20241204\bsi_quantification_ant.json (exists: True)
2025-09-14 15:01:58 - [INFO] -   [DEBUG QUANT FILES]   bsi_json_post: F:\projek dosen\prototype riset\hotspot-analyzer\data\PLANAR\HAHH\0001158915\20241204\bsi_quantification_post.json (exists: False)
2025-09-14 15:01:58 - [INFO] - [BSI META INTEGRATION] Found BSI files in study_date folder: F:\projek dosen\prototype riset\hotspot-analyzer\data\PLANAR\HAHH\0001158915\20241204
2025-09-14 15:01:58 - [INFO] - [BSI META INTEGRATION] Using patient folder: F:\projek dosen\prototype riset\hotspot-analyzer\data\PLANAR\HAHH\0001158915\20241204
2025-09-14 15:01:58 - [INFO] -   [DEBUG BSI] Detected study_date folder, using parent: F:\projek dosen\prototype riset\hotspot-analyzer\data\PLANAR\HAHH\0001158915
2025-09-14 15:01:58 - [INFO] -   [DEBUG BSI] Found study_date folder: 20241204
2025-09-14 15:01:58 - [INFO] -   [DEBUG BSI]     - 20241204 (DIR)
2025-09-14 15:01:58 - [INFO] -   [DEBUG BSI]     - ANT001_DS.dcm (FILE)
2025-09-14 15:01:58 - [INFO] -   [DEBUG BSI]     - ant_hotspot_classification.json (FILE)
2025-09-14 15:01:58 - [INFO] -   [DEBUG BSI]     - ant_hotspot_classification.png (FILE)
2025-09-14 15:01:58 - [INFO] -   [DEBUG BSI]     - ant_hotspot_classification.xml (FILE)
2025-09-14 15:01:58 - [INFO] -   [DEBUG BSI]     - ant_hotspot_otsu_colored.png (FILE)
2025-09-14 15:01:58 - [INFO] -   [DEBUG BSI]     - ant_hotspot_otsu_colored_blend.png (FILE)
2025-09-14 15:01:58 - [INFO] -   [DEBUG BSI]     - ant_hotspot_otsu_grayscale.png (FILE)
2025-09-14 15:01:58 - [INFO] -   [DEBUG BSI]     - ant_hotspot_yolo.xml (FILE)
2025-09-14 15:01:58 - [INFO] -   [DEBUG BSI]     - ant_mask.png (FILE)
2025-09-14 15:01:58 - [INFO] -   [DEBUG BSI]     - ant_original.png (FILE)
2025-09-14 15:01:58 - [INFO] -   [DEBUG BSI]     - ant_segm.png (FILE)
2025-09-14 15:01:58 - [INFO] -   [DEBUG BSI]     - bsi_quantification_ant.json (FILE)
2025-09-14 15:01:58 - [INFO] -   [DEBUG BSI]     - post_hotspot_otsu_colored.png (FILE)
2025-09-14 15:01:58 - [INFO] -   [DEBUG BSI]     - post_hotspot_otsu_colored_blend.png (FILE)
2025-09-14 15:01:58 - [INFO] -   [DEBUG BSI]     - post_hotspot_otsu_grayscale.png (FILE)
2025-09-14 15:01:58 - [INFO] -   [DEBUG BSI]     - post_hotspot_yolo.xml (FILE)
2025-09-14 15:01:58 - [INFO] -   [DEBUG BSI]     - post_mask.png (FILE)
2025-09-14 15:01:58 - [INFO] -   [DEBUG BSI]     - post_original.png (FILE)
2025-09-14 15:01:58 - [INFO] -   [DEBUG BSI]     - post_segm.png (FILE)
2025-09-14 15:01:58 - [INFO] -   [DEBUG BSI]     - 20241204 (DIR)
2025-09-14 15:01:58 - [INFO] - [BSI META INTEGRATION] Found BSI data: {'study_date': '20241204', 'anterior_bsi': 0.359935898125391, 'posterior_bsi': 0.0, 'combined_bsi': 0.359935898125391, 'bsi_score': 0.359935898125391, 'file_source': 'bsi_quantification_ant.json', 'processing_mode': 'single_view_anterior', 'is_v2': True, 'note': 'Only anterior view available', 'source_location': 'Study date folder'}
2025-09-14 15:01:58 - [INFO] - [BSI META INTEGRATION]   Updated meta with BSI data:
2025-09-14 15:01:58 - [INFO] - [BSI META INTEGRATION]   Anterior BSI: 0.359935898125391
2025-09-14 15:01:58 - [INFO] - [BSI META INTEGRATION]   Posterior BSI: 0.0
2025-09-14 15:01:58 - [INFO] - [BSI META INTEGRATION]   Processing mode: single_view_anterior
2025-09-14 15:01:58 - [INFO] - [DEBUG] display_timeline called with 1 scan(s), focusing on index = 0
2025-09-14 15:01:58 - [INFO] - [BSI META INTEGRATION] Updating scan meta with BSI data
2025-09-14 15:01:58 - [INFO] - [BSI META INTEGRATION] Session code: HAHH
2025-09-14 15:01:58 - [INFO] - [BSI META INTEGRATION] Scan path: F:\projek dosen\prototype riset\hotspot-analyzer\data\PLANAR\HAHH\0001158915\20241204\ANT001_DS.dcm
2025-09-14 15:01:58 - [INFO] - [BSI EXTRACT INFO] Extracting from path: F:\projek dosen\prototype riset\hotspot-analyzer\data\PLANAR\HAHH\0001158915\20241204\ANT001_DS.dcm
2025-09-14 15:01:58 - [INFO] - [BSI EXTRACT INFO] Extracted study_date from DICOM: 20241204
2025-09-14 15:01:58 - [INFO] - [BSI EXTRACT INFO] Extracted patient_id from study_date structure: 0001158915
2025-09-14 15:01:58 - [INFO] - [BSI EXTRACT INFO] Final result - Patient: 0001158915, Study: 20241204
2025-09-14 15:01:58 - [INFO] - [BSI META INTEGRATION] Extracted - Patient: 0001158915, Study: 20241204
2025-09-14 15:01:58 - [INFO] -   [DEBUG QUANT FILES] Getting quantification files for: F:\projek dosen\prototype riset\hotspot-analyzer\data\PLANAR\HAHH\0001158915\20241204
2025-09-14 15:01:58 - [INFO] -   [DEBUG QUANT FILES] Detected study_date folder: F:\projek dosen\prototype riset\hotspot-analyzer\data\PLANAR\HAHH\0001158915\20241204
2025-09-14 15:01:58 - [INFO] -   [DEBUG QUANT FILES] Generated paths:
2025-09-14 15:01:58 - [INFO] -   [DEBUG QUANT FILES]   bsi_json_ant: F:\projek dosen\prototype riset\hotspot-analyzer\data\PLANAR\HAHH\0001158915\20241204\bsi_quantification_ant.json (exists: True)
2025-09-14 15:01:58 - [INFO] -   [DEBUG QUANT FILES]   bsi_json_post: F:\projek dosen\prototype riset\hotspot-analyzer\data\PLANAR\HAHH\0001158915\20241204\bsi_quantification_post.json (exists: False)
2025-09-14 15:01:58 - [INFO] - [BSI META INTEGRATION] Found BSI files in study_date folder: F:\projek dosen\prototype riset\hotspot-analyzer\data\PLANAR\HAHH\0001158915\20241204
2025-09-14 15:01:58 - [INFO] - [BSI META INTEGRATION] Using patient folder: F:\projek dosen\prototype riset\hotspot-analyzer\data\PLANAR\HAHH\0001158915\20241204
2025-09-14 15:01:58 - [INFO] -   [DEBUG BSI] Detected study_date folder, using parent: F:\projek dosen\prototype riset\hotspot-analyzer\data\PLANAR\HAHH\0001158915
2025-09-14 15:01:58 - [INFO] -   [DEBUG BSI] Found study_date folder: 20241204
2025-09-14 15:01:58 - [INFO] -   [DEBUG BSI]     - 20241204 (DIR)
2025-09-14 15:01:58 - [INFO] -   [DEBUG BSI]     - ANT001_DS.dcm (FILE)
2025-09-14 15:01:58 - [INFO] -   [DEBUG BSI]     - ant_hotspot_classification.json (FILE)
2025-09-14 15:01:58 - [INFO] -   [DEBUG BSI]     - ant_hotspot_classification.png (FILE)
2025-09-14 15:01:58 - [INFO] -   [DEBUG BSI]     - ant_hotspot_classification.xml (FILE)
2025-09-14 15:01:58 - [INFO] -   [DEBUG BSI]     - ant_hotspot_otsu_colored.png (FILE)
2025-09-14 15:01:58 - [INFO] -   [DEBUG BSI]     - ant_hotspot_otsu_colored_blend.png (FILE)
2025-09-14 15:01:58 - [INFO] -   [DEBUG BSI]     - ant_hotspot_otsu_grayscale.png (FILE)
2025-09-14 15:01:58 - [INFO] -   [DEBUG BSI]     - ant_hotspot_yolo.xml (FILE)
2025-09-14 15:01:58 - [INFO] -   [DEBUG BSI]     - ant_mask.png (FILE)
2025-09-14 15:01:58 - [INFO] -   [DEBUG BSI]     - ant_original.png (FILE)
2025-09-14 15:01:58 - [INFO] -   [DEBUG BSI]     - ant_segm.png (FILE)
2025-09-14 15:01:58 - [INFO] -   [DEBUG BSI]     - bsi_quantification_ant.json (FILE)
2025-09-14 15:01:58 - [INFO] -   [DEBUG BSI]     - post_hotspot_otsu_colored.png (FILE)
2025-09-14 15:01:58 - [INFO] -   [DEBUG BSI]     - post_hotspot_otsu_colored_blend.png (FILE)
2025-09-14 15:01:58 - [INFO] -   [DEBUG BSI]     - post_hotspot_otsu_grayscale.png (FILE)
2025-09-14 15:01:58 - [INFO] -   [DEBUG BSI]     - post_hotspot_yolo.xml (FILE)
2025-09-14 15:01:58 - [INFO] -   [DEBUG BSI]     - post_mask.png (FILE)
2025-09-14 15:01:58 - [INFO] -   [DEBUG BSI]     - post_original.png (FILE)
2025-09-14 15:01:58 - [INFO] -   [DEBUG BSI]     - post_segm.png (FILE)
2025-09-14 15:01:58 - [INFO] -   [DEBUG BSI]     - 20241204 (DIR)
2025-09-14 15:01:58 - [INFO] - [BSI META INTEGRATION] Found BSI data: {'study_date': '20241204', 'anterior_bsi': 0.359935898125391, 'posterior_bsi': 0.0, 'combined_bsi': 0.359935898125391, 'bsi_score': 0.359935898125391, 'file_source': 'bsi_quantification_ant.json', 'processing_mode': 'single_view_anterior', 'is_v2': True, 'note': 'Only anterior view available', 'source_location': 'Study date folder'}
2025-09-14 15:01:58 - [INFO] - [BSI META INTEGRATION]   Updated meta with BSI data:
2025-09-14 15:01:58 - [INFO] - [BSI META INTEGRATION]   Anterior BSI: 0.359935898125391
2025-09-14 15:01:58 - [INFO] - [BSI META INTEGRATION]   Posterior BSI: 0.0
2025-09-14 15:01:58 - [INFO] - [BSI META INTEGRATION]   Processing mode: single_view_anterior
2025-09-14 15:01:58 - [INFO] - [DEBUG] Rebuilding timeline for active scan index: 0
2025-09-14 15:01:58 - [INFO] - [DEBUG] Creating CLASSIFICATION card 0 for view: Anterior
2025-09-14 15:01:58 - [INFO] - [DEBUG] Active layers selected: ['Image']
2025-09-14 15:01:58 - [INFO] - [DEBUG] DICOM path: F:\projek dosen\prototype riset\hotspot-analyzer\data\PLANAR\HAHH\0001158915\20241204\ANT001_DS.dcm
2025-09-14 15:01:58 - [INFO] - [DEBUG] Current view: Anterior
2025-09-14 15:01:58 - [INFO] - [CACHE DEBUG] use_cache=False
2025-09-14 15:01:58 - [INFO] - [CACHE DEBUG] has_adjustments=False (B=0.00, C=1.00)
2025-09-14 15:01:58 - [INFO] - [CACHE DEBUG] has_overrides=False (override_b=None, override_c=None)
2025-09-14 15:01:58 - [INFO] - [CACHE DEBUG] invert_original=True
2025-09-14 15:01:58 - [INFO] - [CACHE SKIP] Skipping cache due to adjustments/overrides/invert
2025-09-14 15:01:58 - [INFO] - [DEBUG] Path extraction: session=HAHH, patient=0001158915, study_date=20241204
2025-09-14 15:01:58 - [INFO] - [DEBUG] Extracted patient info - ID: 0001158915, Session: HAHH
2025-09-14 15:01:58 - [INFO] - [DEBUG] Original path: F:\projek dosen\prototype riset\hotspot-analyzer\data\PLANAR\HAHH\0001158915\20241204\ANT001_DS.dcm
2025-09-14 15:01:58 - [INFO] - [DEBUG] Study date: 20241204
2025-09-14 15:01:58 - [INFO] - [DEBUG] Patient ID: 0001158915
2025-09-14 15:01:58 - [INFO] - [DEBUG] Session code: HAHH
2025-09-14 15:01:58 - [INFO] - [DEBUG] Study date folder: F:\projek dosen\prototype riset\hotspot-analyzer\data\PLANAR\HAHH\0001158915\20241204
2025-09-14 15:01:58 - [INFO] - [DEBUG] Loading original image for Anterior
2025-09-14 15:01:58 - [INFO] - [DEBUG] Looking for original PNG in study_date dir: F:\projek dosen\prototype riset\hotspot-analyzer\data\PLANAR\HAHH\0001158915\20241204\ant_original.png
2025-09-14 15:01:58 - [DEBUG] - STREAM b'IHDR' 16 13
2025-09-14 15:01:58 - [DEBUG] - STREAM b'IDAT' 41 65536
2025-09-14 15:01:58 - [INFO] - [DEBUG] Loaded original PNG from study_date dir: (256, 1024)
2025-09-14 15:01:58 - [INFO] - [DEBUG] Original image loaded: (256, 1024)
2025-09-14 15:01:58 - [INFO] - [DEBUG] Applying invert to original image
2025-09-14 15:01:58 - [INFO] - [DEBUG] simple_invert_pil_image: Processing L image, size = (256, 1024)
2025-09-14 15:01:58 - [INFO] - [DEBUG] simple_invert_image: input shape = (1024, 256), dtype = uint8
2025-09-14 15:01:58 - [INFO] - [DEBUG] Simple inversion completed: [0-255] -> [0-255]
2025-09-14 15:01:58 - [INFO] - [DEBUG] simple_invert_pil_image: completed
2025-09-14 15:01:58 - [INFO] - [DEBUG] Using STORED B/C values: B=0.00, C=1.00
2025-09-14 15:01:58 - [INFO] - [DEBUG]   Image layer loaded and processed
2025-09-14 15:01:58 - [INFO] - [DEBUG] Loading segmentation layer for Anterior
2025-09-14 15:01:58 - [INFO] - [DEBUG] Looking for segmentation (NEWEST): F:\projek dosen\prototype riset\hotspot-analyzer\data\PLANAR\HAHH\0001158915\20241204\ant_segm.png
2025-09-14 15:01:58 - [DEBUG] - STREAM b'IHDR' 16 13
2025-09-14 15:01:58 - [DEBUG] - STREAM b'IDAT' 41 5010
2025-09-14 15:01:58 - [INFO] - [DEBUG]   Loaded segmentation with transparency: F:\projek dosen\prototype riset\hotspot-analyzer\data\PLANAR\HAHH\0001158915\20241204\ant_segm.png
2025-09-14 15:01:58 - [INFO] - [DEBUG] Segmentation type: ORIGINAL
2025-09-14 15:01:58 - [INFO] - [DEBUG] Loading hotspot layer for Anterior
2025-09-14 15:01:58 - [INFO] - [DEBUG] Looking for hotspot classification (NEWEST): F:\projek dosen\prototype riset\hotspot-analyzer\data\PLANAR\HAHH\0001158915\20241204\ant_hotspot_classification.png
2025-09-14 15:01:58 - [DEBUG] - STREAM b'IHDR' 16 13
2025-09-14 15:01:58 - [DEBUG] - STREAM b'IDAT' 41 955
2025-09-14 15:01:58 - [INFO] - [DEBUG]   Loaded hotspot layer: F:\projek dosen\prototype riset\hotspot-analyzer\data\PLANAR\HAHH\0001158915\20241204\ant_hotspot_classification.png
2025-09-14 15:01:58 - [INFO] - [DEBUG] Hotspot type: ORIGINAL
2025-09-14 15:01:58 - [INFO] - [DEBUG] Loading bbox layer for Anterior
2025-09-14 15:01:58 - [INFO] - [DEBUG] Looking for classification XML (NEWEST): F:\projek dosen\prototype riset\hotspot-analyzer\data\PLANAR\HAHH\0001158915\20241204\ant_hotspot_classification.xml
2025-09-14 15:01:58 - [INFO] - [DEBUG] Loading CLASSIFICATION XML for bbox: F:\projek dosen\prototype riset\hotspot-analyzer\data\PLANAR\HAHH\0001158915\20241204\ant_hotspot_classification.xml
2025-09-14 15:01:58 - [INFO] - [DEBUG] Drew CLASSIFICATION Abnormal bbox: (180,129) -> (213,158)
2025-09-14 15:01:58 - [INFO] - [DEBUG]   Created CLASSIFICATION bbox visualization with 1 boxes
2025-09-14 15:01:58 - [INFO] - [DEBUG]   Loaded bbox layer: F:\projek dosen\prototype riset\hotspot-analyzer\data\PLANAR\HAHH\0001158915\20241204\ant_hotspot_classification.xml
2025-09-14 15:01:58 - [INFO] - [DEBUG] BBox XML type: ORIGINAL
2025-09-14 15:01:58 - [INFO] - [CACHE STORE] Not caching due to adjustments/overrides/invert
2025-09-14 15:01:58 - [INFO] - [DEBUG]   Loaded 4 layers for Anterior: ['Image', 'Segmentation', 'Hotspot', 'HotspotBBox']
2025-09-14 15:01:58 - [INFO] - [DEBUG] Available CLASSIFICATION layers in files: ['Image', 'Segmentation', 'Hotspot', 'HotspotBBox']
2025-09-14 15:01:58 - [INFO] - [DEBUG]   Added CLASSIFICATION Image to card 0 (opacity: 1.00)
2025-09-14 15:01:58 - [INFO] - [DEBUG]   CLASSIFICATION card 0 composite created with layers: ['Image']
2025-09-14 15:01:58 - [INFO] - [DEBUG] Creating CLASSIFICATION card 0 for view: Posterior
2025-09-14 15:01:58 - [INFO] - [DEBUG] Active layers selected: ['Image']
2025-09-14 15:01:58 - [INFO] - [DEBUG] DICOM path: F:\projek dosen\prototype riset\hotspot-analyzer\data\PLANAR\HAHH\0001158915\20241204\ANT001_DS.dcm
2025-09-14 15:01:58 - [INFO] - [DEBUG] Current view: Posterior
2025-09-14 15:01:58 - [INFO] - [CACHE DEBUG] use_cache=False
2025-09-14 15:01:58 - [INFO] - [CACHE DEBUG] has_adjustments=False (B=0.00, C=1.00)
2025-09-14 15:01:58 - [INFO] - [CACHE DEBUG] has_overrides=False (override_b=None, override_c=None)
2025-09-14 15:01:58 - [INFO] - [CACHE DEBUG] invert_original=True
2025-09-14 15:01:58 - [INFO] - [CACHE SKIP] Skipping cache due to adjustments/overrides/invert
2025-09-14 15:01:58 - [INFO] - [DEBUG] Path extraction: session=HAHH, patient=0001158915, study_date=20241204
2025-09-14 15:01:58 - [INFO] - [DEBUG] Extracted patient info - ID: 0001158915, Session: HAHH
2025-09-14 15:01:58 - [INFO] - [DEBUG] Original path: F:\projek dosen\prototype riset\hotspot-analyzer\data\PLANAR\HAHH\0001158915\20241204\ANT001_DS.dcm
2025-09-14 15:01:58 - [INFO] - [DEBUG] Study date: 20241204
2025-09-14 15:01:58 - [INFO] - [DEBUG] Patient ID: 0001158915
2025-09-14 15:01:58 - [INFO] - [DEBUG] Session code: HAHH
2025-09-14 15:01:58 - [INFO] - [DEBUG] Study date folder: F:\projek dosen\prototype riset\hotspot-analyzer\data\PLANAR\HAHH\0001158915\20241204
2025-09-14 15:01:58 - [INFO] - [DEBUG] Loading original image for Posterior
2025-09-14 15:01:58 - [INFO] - [DEBUG] Looking for original PNG in study_date dir: F:\projek dosen\prototype riset\hotspot-analyzer\data\PLANAR\HAHH\0001158915\20241204\post_original.png
2025-09-14 15:01:58 - [DEBUG] - STREAM b'IHDR' 16 13
2025-09-14 15:01:58 - [DEBUG] - STREAM b'IDAT' 41 65536
2025-09-14 15:01:58 - [INFO] - [DEBUG] Loaded original PNG from study_date dir: (256, 1024)
2025-09-14 15:01:58 - [INFO] - [DEBUG] Original image loaded: (256, 1024)
2025-09-14 15:01:58 - [INFO] - [DEBUG] Applying invert to original image
2025-09-14 15:01:58 - [INFO] - [DEBUG] simple_invert_pil_image: Processing L image, size = (256, 1024)
2025-09-14 15:01:58 - [INFO] - [DEBUG] simple_invert_image: input shape = (1024, 256), dtype = uint8
2025-09-14 15:01:58 - [INFO] - [DEBUG] Simple inversion completed: [0-255] -> [0-255]
2025-09-14 15:01:58 - [INFO] - [DEBUG] simple_invert_pil_image: completed
2025-09-14 15:01:58 - [INFO] - [DEBUG] Using STORED B/C values: B=0.00, C=1.00
2025-09-14 15:01:58 - [INFO] - [DEBUG]   Image layer loaded and processed
2025-09-14 15:01:58 - [INFO] - [DEBUG] Loading segmentation layer for Posterior
2025-09-14 15:01:58 - [INFO] - [DEBUG] Looking for segmentation (NEWEST): F:\projek dosen\prototype riset\hotspot-analyzer\data\PLANAR\HAHH\0001158915\20241204\post_segm.png
2025-09-14 15:01:58 - [DEBUG] - STREAM b'IHDR' 16 13
2025-09-14 15:01:58 - [DEBUG] - STREAM b'IDAT' 41 4764
2025-09-14 15:01:58 - [INFO] - [DEBUG]   Loaded segmentation with transparency: F:\projek dosen\prototype riset\hotspot-analyzer\data\PLANAR\HAHH\0001158915\20241204\post_segm.png
2025-09-14 15:01:58 - [INFO] - [DEBUG] Segmentation type: ORIGINAL
2025-09-14 15:01:58 - [INFO] - [DEBUG] Loading hotspot layer for Posterior
2025-09-14 15:01:58 - [INFO] - [DEBUG] Looking for hotspot classification (NEWEST): F:\projek dosen\prototype riset\hotspot-analyzer\data\PLANAR\HAHH\0001158915\20241204\post_hotspot_classification.png
2025-09-14 15:01:58 - [INFO] - [DEBUG] No hotspot classification found: F:\projek dosen\prototype riset\hotspot-analyzer\data\PLANAR\HAHH\0001158915\20241204\post_hotspot_classification.png
2025-09-14 15:01:58 - [INFO] - [DEBUG] Loading bbox layer for Posterior
2025-09-14 15:01:58 - [INFO] - [DEBUG] Looking for classification XML (NEWEST): F:\projek dosen\prototype riset\hotspot-analyzer\data\PLANAR\HAHH\0001158915\20241204\post_hotspot_classification.xml
2025-09-14 15:01:58 - [INFO] - [DEBUG] No classification XML found: F:\projek dosen\prototype riset\hotspot-analyzer\data\PLANAR\HAHH\0001158915\20241204\post_hotspot_classification.xml
2025-09-14 15:01:58 - [INFO] - [CACHE STORE] Not caching due to adjustments/overrides/invert
2025-09-14 15:01:58 - [INFO] - [DEBUG]   Loaded 2 layers for Posterior: ['Image', 'Segmentation']
2025-09-14 15:01:58 - [INFO] - [DEBUG] Available CLASSIFICATION layers in files: ['Image', 'Segmentation']
2025-09-14 15:01:58 - [INFO] - [DEBUG]   Added CLASSIFICATION Image to card 0 (opacity: 1.00)
2025-09-14 15:01:58 - [INFO] - [DEBUG]   CLASSIFICATION card 0 composite created with layers: ['Image']
2025-09-14 15:01:58 - [INFO] - [SMART UPDATE] State updated - Type: full
2025-09-14 15:01:58 - [INFO] -   [DEBUG QUANT FILES] Getting quantification files for: F:\projek dosen\prototype riset\hotspot-analyzer\data\PLANAR\HAHH\0001158915\20241204
2025-09-14 15:01:58 - [INFO] -   [DEBUG QUANT FILES] Detected study_date folder: F:\projek dosen\prototype riset\hotspot-analyzer\data\PLANAR\HAHH\0001158915\20241204
2025-09-14 15:01:58 - [INFO] -   [DEBUG QUANT FILES] Generated paths:
2025-09-14 15:01:58 - [INFO] -   [DEBUG QUANT FILES]   bsi_json_ant: F:\projek dosen\prototype riset\hotspot-analyzer\data\PLANAR\HAHH\0001158915\20241204\bsi_quantification_ant.json (exists: True)
2025-09-14 15:01:58 - [INFO] -   [DEBUG QUANT FILES]   bsi_json_post: F:\projek dosen\prototype riset\hotspot-analyzer\data\PLANAR\HAHH\0001158915\20241204\bsi_quantification_post.json (exists: False)
2025-09-14 15:01:58 - [INFO] - [BSI CANVAS] Using patient folder for trend: F:\projek dosen\prototype riset\hotspot-analyzer\data\PLANAR\HAHH\0001158915
2025-09-14 15:01:58 - [INFO] -   [DEBUG BSI] Using patient folder directly: F:\projek dosen\prototype riset\hotspot-analyzer\data\PLANAR\HAHH\0001158915
2025-09-14 15:01:58 - [INFO] -   [DEBUG BSI] Found study_date folder: 20241204
2025-09-14 15:01:58 - [INFO] -   [DEBUG BSI]     - 20241204 (DIR)
2025-09-14 15:01:58 - [INFO] -   [DEBUG BSI]     - ANT001_DS.dcm (FILE)
2025-09-14 15:01:58 - [INFO] -   [DEBUG BSI]     - ant_hotspot_classification.json (FILE)
2025-09-14 15:01:58 - [INFO] -   [DEBUG BSI]     - ant_hotspot_classification.png (FILE)
2025-09-14 15:01:58 - [INFO] -   [DEBUG BSI]     - ant_hotspot_classification.xml (FILE)
2025-09-14 15:01:58 - [INFO] -   [DEBUG BSI]     - ant_hotspot_otsu_colored.png (FILE)
2025-09-14 15:01:58 - [INFO] -   [DEBUG BSI]     - ant_hotspot_otsu_colored_blend.png (FILE)
2025-09-14 15:01:58 - [INFO] -   [DEBUG BSI]     - ant_hotspot_otsu_grayscale.png (FILE)
2025-09-14 15:01:58 - [INFO] -   [DEBUG BSI]     - ant_hotspot_yolo.xml (FILE)
2025-09-14 15:01:58 - [INFO] -   [DEBUG BSI]     - ant_mask.png (FILE)
2025-09-14 15:01:58 - [INFO] -   [DEBUG BSI]     - ant_original.png (FILE)
2025-09-14 15:01:58 - [INFO] -   [DEBUG BSI]     - ant_segm.png (FILE)
2025-09-14 15:01:58 - [INFO] -   [DEBUG BSI]     - bsi_quantification_ant.json (FILE)
2025-09-14 15:01:58 - [INFO] -   [DEBUG BSI]     - post_hotspot_otsu_colored.png (FILE)
2025-09-14 15:01:58 - [INFO] -   [DEBUG BSI]     - post_hotspot_otsu_colored_blend.png (FILE)
2025-09-14 15:01:58 - [INFO] -   [DEBUG BSI]     - post_hotspot_otsu_grayscale.png (FILE)
2025-09-14 15:01:58 - [INFO] -   [DEBUG BSI]     - post_hotspot_yolo.xml (FILE)
2025-09-14 15:01:58 - [INFO] -   [DEBUG BSI]     - post_mask.png (FILE)
2025-09-14 15:01:58 - [INFO] -   [DEBUG BSI]     - post_original.png (FILE)
2025-09-14 15:01:58 - [INFO] -   [DEBUG BSI]     - post_segm.png (FILE)
2025-09-14 15:01:58 - [INFO] - [DEBUG BSI CANVAS] Processing date: 20241204, mode: single_view_anterior
2025-09-14 15:01:58 - [INFO] - [DEBUG BSI CANVAS] Added: Ant=0.359935898125391 Post=None
2025-09-14 15:01:58 - [INFO] -   [DEBUG QUANT FILES] Getting quantification files for: F:\projek dosen\prototype riset\hotspot-analyzer\data\PLANAR\HAHH\0001158915\20241204
2025-09-14 15:01:58 - [INFO] -   [DEBUG QUANT FILES] Detected study_date folder: F:\projek dosen\prototype riset\hotspot-analyzer\data\PLANAR\HAHH\0001158915\20241204
2025-09-14 15:01:58 - [INFO] -   [DEBUG QUANT FILES] Generated paths:
2025-09-14 15:01:58 - [INFO] -   [DEBUG QUANT FILES]   bsi_json_ant: F:\projek dosen\prototype riset\hotspot-analyzer\data\PLANAR\HAHH\0001158915\20241204\bsi_quantification_ant.json (exists: True)
2025-09-14 15:01:58 - [INFO] -   [DEBUG QUANT FILES]   bsi_json_post: F:\projek dosen\prototype riset\hotspot-analyzer\data\PLANAR\HAHH\0001158915\20241204\bsi_quantification_post.json (exists: False)
2025-09-14 15:01:58 - [INFO] - 📖 [DEBUG RESULTS] Processing anterior-only data
2025-09-14 15:01:58 - [INFO] - 📖 [DEBUG RESULTS]   Successfully loaded V1.2 results
2025-09-14 15:01:58 - [INFO] - [DEBUG] Path extraction: session=HAHH, patient=0001158915, study_date=20241204
2025-09-14 15:01:58 - [INFO] - [DEBUG] Extracted patient info - ID: 0001158915, Session: HAHH
2025-09-14 15:01:58 - [INFO] - [DEBUG] Original path: F:\projek dosen\prototype riset\hotspot-analyzer\data\PLANAR\HAHH\0001158915\20241204\ANT001_DS.dcm
2025-09-14 15:01:59 - [DEBUG] - STREAM b'IHDR' 16 13
2025-09-14 15:01:59 - [DEBUG] - STREAM b'IDAT' 41 65536
2025-09-14 15:01:59 - [INFO] - [DEBUG] simple_invert_image: input shape = (1024, 256), dtype = uint8
2025-09-14 15:01:59 - [INFO] - [DEBUG] Simple inversion completed: [0-255] -> [0-255]
2025-09-14 15:01:59 - [DEBUG] - STREAM b'IHDR' 16 13
2025-09-14 15:01:59 - [DEBUG] - STREAM b'IDAT' 41 65536
2025-09-14 15:01:59 - [DEBUG] - STREAM b'IHDR' 16 13
2025-09-14 15:01:59 - [DEBUG] - STREAM b'IDAT' 41 5010
2025-09-14 15:01:59 - [DEBUG] - STREAM b'IHDR' 16 13
2025-09-14 15:01:59 - [DEBUG] - STREAM b'IDAT' 41 5010
2025-09-14 15:02:59 - [DEBUG] - STREAM b'IHDR' 16 13
2025-09-14 15:02:59 - [DEBUG] - STREAM b'IDAT' 41 65536
2025-09-14 15:02:59 - [INFO] - [DEBUG] simple_invert_image: input shape = (1024, 256), dtype = uint8
2025-09-14 15:02:59 - [INFO] - [DEBUG] Simple inversion completed: [0-255] -> [0-255]
2025-09-14 15:02:59 - [INFO] -   [HOTSPOT LOAD] Loading mask for ant
2025-09-14 15:02:59 - [INFO] -   [HOTSPOT LOAD] Classification PNG: F:\projek dosen\prototype riset\hotspot-analyzer\data\PLANAR\HAHH\0001158915\20241204\ant_hotspot_classification.png
2025-09-14 15:02:59 - [INFO] -   [HOTSPOT LOAD] XML file: F:\projek dosen\prototype riset\hotspot-analyzer\data\PLANAR\HAHH\0001158915\20241204\ant_hotspot_classification.xml
2025-09-14 15:02:59 - [INFO] -   [HOTSPOT LOAD] PNG exists: True
2025-09-14 15:02:59 - [INFO] -   [HOTSPOT LOAD] XML exists: True
2025-09-14 15:02:59 - [INFO] - ✓ Loading NEWEST classification mask from: ant_hotspot_classification.png
2025-09-14 15:02:59 - [DEBUG] - STREAM b'IHDR' 16 13
2025-09-14 15:02:59 - [DEBUG] - STREAM b'IDAT' 41 955
2025-09-14 15:02:59 - [INFO] - ✓ Loaded classification mask from: F:\projek dosen\prototype riset\hotspot-analyzer\data\PLANAR\HAHH\0001158915\20241204\ant_hotspot_classification.png
2025-09-14 15:02:59 - [DEBUG] - STREAM b'IHDR' 16 13
2025-09-14 15:02:59 - [DEBUG] - STREAM b'IDAT' 41 5010
2025-09-14 15:02:59 - [DEBUG] - STREAM b'IHDR' 16 13
2025-09-14 15:02:59 - [DEBUG] - STREAM b'IDAT' 41 5010
2025-09-14 15:03:53 - [DEBUG] - STREAM b'IHDR' 16 13
2025-09-14 15:03:53 - [DEBUG] - STREAM b'IDAT' 41 65536
2025-09-14 15:03:53 - [INFO] - [DEBUG] simple_invert_image: input shape = (1024, 256), dtype = uint8
2025-09-14 15:03:53 - [INFO] - [DEBUG] Simple inversion completed: [0-255] -> [0-255]
2025-09-14 15:03:53 - [INFO] -   [HOTSPOT LOAD] Loading mask for ant
2025-09-14 15:03:53 - [INFO] -   [HOTSPOT LOAD] Classification PNG: F:\projek dosen\prototype riset\hotspot-analyzer\data\PLANAR\HAHH\0001158915\20241204\ant_hotspot_classification.png
2025-09-14 15:03:53 - [INFO] -   [HOTSPOT LOAD] XML file: F:\projek dosen\prototype riset\hotspot-analyzer\data\PLANAR\HAHH\0001158915\20241204\ant_hotspot_classification.xml
2025-09-14 15:03:53 - [INFO] -   [HOTSPOT LOAD] PNG exists: True
2025-09-14 15:03:53 - [INFO] -   [HOTSPOT LOAD] XML exists: True
2025-09-14 15:03:53 - [INFO] - ✓ Loading NEWEST classification mask from: ant_hotspot_classification.png
2025-09-14 15:03:53 - [DEBUG] - STREAM b'IHDR' 16 13
2025-09-14 15:03:53 - [DEBUG] - STREAM b'IDAT' 41 955
2025-09-14 15:03:53 - [INFO] - ✓ Loaded classification mask from: F:\projek dosen\prototype riset\hotspot-analyzer\data\PLANAR\HAHH\0001158915\20241204\ant_hotspot_classification.png
2025-09-14 15:03:54 - [DEBUG] - STREAM b'IHDR' 16 13
2025-09-14 15:03:54 - [DEBUG] - STREAM b'IDAT' 41 5010
2025-09-14 15:03:54 - [DEBUG] - STREAM b'IHDR' 16 13
2025-09-14 15:03:54 - [DEBUG] - STREAM b'IDAT' 41 5010
2025-09-14 17:26:39 - [DEBUG] - STREAM b'IHDR' 16 13
2025-09-14 17:26:39 - [DEBUG] - STREAM b'IDAT' 41 65536
2025-09-14 17:26:39 - [INFO] - [DEBUG] simple_invert_image: input shape = (1024, 256), dtype = uint8
2025-09-14 17:26:39 - [INFO] - [DEBUG] Simple inversion completed: [0-255] -> [0-255]
2025-09-14 17:26:39 - [DEBUG] - STREAM b'IHDR' 16 13
2025-09-14 17:26:39 - [DEBUG] - STREAM b'IDAT' 41 65536
2025-09-14 17:26:39 - [DEBUG] - STREAM b'IHDR' 16 13
2025-09-14 17:26:39 - [DEBUG] - STREAM b'IDAT' 41 5010
2025-09-14 17:26:39 - [DEBUG] - STREAM b'IHDR' 16 13
2025-09-14 17:26:39 - [DEBUG] - STREAM b'IDAT' 41 5010
2025-09-14 17:27:42 - [INFO] -   Found 2 DICOM files in 1 folders
2025-09-14 17:27:42 - [INFO] -   [FOLDER DUPLICATE DEBUG] Starting duplicate analysis for folder files...
2025-09-14 17:27:42 - [INFO] -   [FOLDER DUPLICATE DEBUG] Analyzing file 1/2: ANT001_DS.dcm
2025-09-14 17:27:42 - [INFO] -    📋 Patient ID: 0001158915, Study Date: 20241204
2025-09-14 17:27:42 - [INFO] -   [CHECK_DICOM_EXISTS] Checking: session=HAHH, patient=0001158915, study_date=20241204
2025-09-14 17:27:42 - [INFO] -   [CHECK_DICOM_EXISTS] Expected path: F:\projek dosen\prototype riset\hotspot-analyzer\data\PLANAR\HAHH\0001158915\20241204
2025-09-14 17:27:42 - [INFO] -   [CHECK_DICOM_EXISTS] Found 1 DICOM files
2025-09-14 17:27:42 - [INFO] -   [CHECK_DICOM_EXISTS] Found 7 processed files
2025-09-14 17:27:42 - [INFO] -   [CHECK_DICOM_EXISTS] Final result: True
2025-09-14 17:27:42 - [INFO] -      System duplicate check result: True
2025-09-14 17:27:42 - [INFO] -    🔄 SYSTEM DUPLICATE detected!
2025-09-14 17:27:42 - [INFO] -   [FOLDER DUPLICATE DEBUG] Analyzing file 2/2: ANT002_DS.dcm
2025-09-14 17:27:42 - [INFO] -    📋 Patient ID: 0001158915, Study Date: 20241204
2025-09-14 17:27:42 - [INFO] -   [CHECK_DICOM_EXISTS] Checking: session=HAHH, patient=0001158915, study_date=20241204
2025-09-14 17:27:42 - [INFO] -   [CHECK_DICOM_EXISTS] Expected path: F:\projek dosen\prototype riset\hotspot-analyzer\data\PLANAR\HAHH\0001158915\20241204
2025-09-14 17:27:42 - [INFO] -   [CHECK_DICOM_EXISTS] Found 1 DICOM files
2025-09-14 17:27:42 - [INFO] -   [CHECK_DICOM_EXISTS] Found 7 processed files
2025-09-14 17:27:42 - [INFO] -   [CHECK_DICOM_EXISTS] Final result: True
2025-09-14 17:27:42 - [INFO] -      System duplicate check result: True
2025-09-14 17:27:42 - [INFO] -    🔄 SYSTEM DUPLICATE detected!
2025-09-14 17:27:42 - [INFO] -   [FOLDER DUPLICATE DEBUG] Analysis complete:
2025-09-14 17:27:42 - [INFO] -      New files: 0
2025-09-14 17:27:42 - [INFO] -    🔄 System duplicates: 2
2025-09-14 17:27:42 - [INFO] -    🔄 Internal duplicates: 0
2025-09-14 17:27:42 - [INFO] -     Errors: 0
2025-09-14 17:27:42 - [INFO] - ⚠️ Skipped 2 files - already exist in system:
2025-09-14 17:27:42 - [INFO] -    📄 ANT001_DS.dcm (Patient: 0001158915, Study: 20241204)
2025-09-14 17:27:42 - [INFO] -    📄 ANT002_DS.dcm (Patient: 0001158915, Study: 20241204)
2025-09-14 17:27:42 - [INFO] -   DEBUG: _add_duplicate_file_to_list called for ANT001_DS.dcm
2025-09-14 17:27:42 - [INFO] -   DEBUG: duplicate_info = {'patient_id': '0001158915', 'study_date': '20241204', 'reason': 'Patient ID and Study Date already exist in system', 'existing_dicom_count': 1, 'existing_files': ['ANT001_DS.dcm'], 'has_processed_files': True}
2025-09-14 17:27:42 - [INFO] -   DEBUG: Set item data - UserRole: F:\projek dosen\prototype riset\DicomP10\Export\1.2.840.113619.2.280.2.1.4122024120836905.1339871010\ANT001_DS.dcm, UserRole+1: DUPLICATE
2025-09-14 17:27:42 - [INFO] -   DEBUG: _add_duplicate_file_to_list called for ANT002_DS.dcm
2025-09-14 17:27:42 - [INFO] -   DEBUG: duplicate_info = {'patient_id': '0001158915', 'study_date': '20241204', 'reason': 'Patient ID and Study Date already exist in system', 'existing_dicom_count': 1, 'existing_files': ['ANT001_DS.dcm'], 'has_processed_files': True}
2025-09-14 17:27:42 - [INFO] -   DEBUG: Set item data - UserRole: F:\projek dosen\prototype riset\DicomP10\Export\1.2.840.113619.2.280.2.1.4122024120836905.1339871010\ANT002_DS.dcm, UserRole+1: DUPLICATE
2025-09-14 17:27:42 - [INFO] - ℹ️ No new files to import - all files already exist or are duplicates
2025-09-14 17:32:21 - [INFO] -   [DUPLICATE DEBUG] Starting duplicate check for 1 selected files
2025-09-14 17:32:21 - [INFO] -   [DUPLICATE DEBUG] Session code: HAHH
2025-09-14 17:32:21 - [INFO] -    1. ANT002_DS.dcm
2025-09-14 17:32:21 - [INFO] -   [DUPLICATE DEBUG]   Successfully imported duplicate checking functions
2025-09-14 17:32:21 - [INFO] -   [MANUAL TEST] Testing duplicate check function...
2025-09-14 17:32:21 - [INFO] -   [CHECK_DICOM_EXISTS] Checking: session=ATL, patient=0001158915, study_date=20241204
2025-09-14 17:32:21 - [INFO] -   [CHECK_DICOM_EXISTS] Expected path: F:\projek dosen\prototype riset\hotspot-analyzer\data\PLANAR\ATL\0001158915\20241204
2025-09-14 17:32:21 - [INFO] -   [CHECK_DICOM_EXISTS] Found 1 DICOM files
2025-09-14 17:32:21 - [INFO] -   [CHECK_DICOM_EXISTS] Found 7 processed files
2025-09-14 17:32:21 - [INFO] -   [CHECK_DICOM_EXISTS] Final result: True
2025-09-14 17:32:21 - [INFO] -   [MANUAL TEST] check_dicom_exists('ATL', '0001158915', '20241204') = True
2025-09-14 17:32:21 - [INFO] -   [MANUAL TEST] Existing info: {'exists': True, 'study_date_path': WindowsPath('F:/projek dosen/prototype riset/hotspot-analyzer/data/PLANAR/ATL/0001158915/20241204'), 'dicom_count': 1, 'dicom_files': ['ANT001_DS.dcm'], 'has_processed_files': True, 'last_modified': 1755090376.0898347}
2025-09-14 17:32:21 - [INFO] -   [DUPLICATE DEBUG] Starting individual file analysis...
2025-09-14 17:32:21 - [INFO] -   [DUPLICATE DEBUG] Analyzing file 1/1: ANT002_DS.dcm
2025-09-14 17:32:21 - [INFO] -    📄 Reading DICOM metadata...
2025-09-14 17:32:21 - [INFO] -    📋 Patient ID: 0000196884
2025-09-14 17:32:21 - [INFO] -    📅 Study Date: 20250205
2025-09-14 17:32:21 - [INFO] -    🔑 Combination Key: ('0000196884', '20250205')
2025-09-14 17:32:21 - [INFO] -      Checking against existing data in session HAHH...
2025-09-14 17:32:21 - [INFO] -   [CHECK_DICOM_EXISTS] Checking: session=HAHH, patient=0000196884, study_date=20250205
2025-09-14 17:32:21 - [INFO] -   [CHECK_DICOM_EXISTS] Expected path: F:\projek dosen\prototype riset\hotspot-analyzer\data\PLANAR\HAHH\0000196884\20250205
2025-09-14 17:32:21 - [INFO] -   [CHECK_DICOM_EXISTS] Path does not exist - NOT DUPLICATE
2025-09-14 17:32:21 - [INFO] -      check_dicom_exists result: False
2025-09-14 17:32:21 - [INFO] -      No duplicate found in system
2025-09-14 17:32:21 - [INFO] -    ➕ Adding as NEW file
2025-09-14 17:32:21 - [INFO] -   [DUPLICATE DEBUG] Analysis complete:
2025-09-14 17:32:21 - [INFO] -      New files: 1
2025-09-14 17:32:21 - [INFO] -    🔄 System duplicates: 0
2025-09-14 17:32:21 - [INFO] -    🔄 Internal duplicates: 0
2025-09-14 17:32:21 - [INFO] -     Errors: 0
2025-09-14 17:32:21 - [INFO] -   Selected 1 file(s) for import:
2025-09-14 17:32:21 - [INFO] -      1 new file(s) will be imported
2025-09-14 17:32:21 - [INFO] -   DEBUG: About to add 1 new files to selected_files list
2025-09-14 17:32:21 - [INFO] -    ➕ Added to processing queue: ANT002_DS.dcm
2025-09-14 17:32:21 - [INFO] -   DEBUG: About to add 0 duplicate files to UI (display only)
2025-09-14 17:32:21 - [INFO] -   DEBUG: Final counts - New files: 1, Duplicate files shown: 0
2025-09-14 17:32:21 - [INFO] -   DEBUG: selected_files now contains 1 files
2025-09-14 17:32:21 - [INFO] -   DEBUG: Added 1 new files
2025-09-14 17:32:21 - [INFO] - ➕ Successfully added 1 new file(s) to import queue
2025-09-14 17:32:21 - [INFO] -   Starting instant view detection analysis for new files...
2025-09-14 17:32:21 - [INFO] -   DEBUG: Starting quick detection for 1 files...
2025-09-14 17:32:21 - [INFO] -   DEBUG: Processing detection result for ANT002_DS.dcm
2025-09-14 17:32:21 - [INFO] - 📊 Detection Analysis Complete:
2025-09-14 17:32:21 - [INFO] -      1 files fully auto-tagged
2025-09-14 17:32:21 - [INFO] - 🎉 All files auto-tagged! You can proceed directly to import.
2025-09-14 17:32:21 - [INFO] - Next step: Configure Views (or proceed if all auto-tagged)
2025-09-14 17:32:21 - [INFO] -   ANT002_DS.dcm: Fully auto-tagged (2 frames)
2025-09-14 17:32:30 - [INFO] -   [DUPLICATE DEBUG] Starting duplicate check for 1 selected files
2025-09-14 17:32:30 - [INFO] -   [DUPLICATE DEBUG] Session code: HAHH
2025-09-14 17:32:30 - [INFO] -    1. gajelas.dcm
2025-09-14 17:32:30 - [INFO] -   [DUPLICATE DEBUG]   Successfully imported duplicate checking functions
2025-09-14 17:32:30 - [INFO] -   [MANUAL TEST] Testing duplicate check function...
2025-09-14 17:32:30 - [INFO] -   [CHECK_DICOM_EXISTS] Checking: session=ATL, patient=0001158915, study_date=20241204
2025-09-14 17:32:30 - [INFO] -   [CHECK_DICOM_EXISTS] Expected path: F:\projek dosen\prototype riset\hotspot-analyzer\data\PLANAR\ATL\0001158915\20241204
2025-09-14 17:32:30 - [INFO] -   [CHECK_DICOM_EXISTS] Found 1 DICOM files
2025-09-14 17:32:30 - [INFO] -   [CHECK_DICOM_EXISTS] Found 7 processed files
2025-09-14 17:32:30 - [INFO] -   [CHECK_DICOM_EXISTS] Final result: True
2025-09-14 17:32:30 - [INFO] -   [MANUAL TEST] check_dicom_exists('ATL', '0001158915', '20241204') = True
2025-09-14 17:32:30 - [INFO] -   [MANUAL TEST] Existing info: {'exists': True, 'study_date_path': WindowsPath('F:/projek dosen/prototype riset/hotspot-analyzer/data/PLANAR/ATL/0001158915/20241204'), 'dicom_count': 1, 'dicom_files': ['ANT001_DS.dcm'], 'has_processed_files': True, 'last_modified': 1755090376.0898347}
2025-09-14 17:32:30 - [INFO] -   [DUPLICATE DEBUG] Starting individual file analysis...
2025-09-14 17:32:30 - [INFO] -   [DUPLICATE DEBUG] Analyzing file 1/1: gajelas.dcm
2025-09-14 17:32:30 - [INFO] -    📄 Reading DICOM metadata...
2025-09-14 17:32:30 - [INFO] -    📋 Patient ID: 123456
2025-09-14 17:32:30 - [INFO] -    📅 Study Date: 20250914
2025-09-14 17:32:30 - [INFO] -    🔑 Combination Key: ('123456', '20250914')
2025-09-14 17:32:30 - [INFO] -      Checking against existing data in session HAHH...
2025-09-14 17:32:30 - [INFO] -   [CHECK_DICOM_EXISTS] Checking: session=HAHH, patient=123456, study_date=20250914
2025-09-14 17:32:30 - [INFO] -   [CHECK_DICOM_EXISTS] Expected path: F:\projek dosen\prototype riset\hotspot-analyzer\data\PLANAR\HAHH\123456\20250914
2025-09-14 17:32:30 - [INFO] -   [CHECK_DICOM_EXISTS] Path does not exist - NOT DUPLICATE
2025-09-14 17:32:30 - [INFO] -      check_dicom_exists result: False
2025-09-14 17:32:30 - [INFO] -      No duplicate found in system
2025-09-14 17:32:30 - [INFO] -    ➕ Adding as NEW file
2025-09-14 17:32:30 - [INFO] -   [DUPLICATE DEBUG] Analysis complete:
2025-09-14 17:32:30 - [INFO] -      New files: 1
2025-09-14 17:32:30 - [INFO] -    🔄 System duplicates: 0
2025-09-14 17:32:30 - [INFO] -    🔄 Internal duplicates: 0
2025-09-14 17:32:30 - [INFO] -     Errors: 0
2025-09-14 17:32:30 - [INFO] -   Selected 1 file(s) for import:
2025-09-14 17:32:30 - [INFO] -      1 new file(s) will be imported
2025-09-14 17:32:30 - [INFO] -   DEBUG: About to add 1 new files to selected_files list
2025-09-14 17:32:30 - [INFO] -    ➕ Added to processing queue: gajelas.dcm
2025-09-14 17:32:30 - [INFO] -   DEBUG: About to add 0 duplicate files to UI (display only)
2025-09-14 17:32:30 - [INFO] -   DEBUG: Final counts - New files: 1, Duplicate files shown: 0
2025-09-14 17:32:30 - [INFO] -   DEBUG: selected_files now contains 2 files
2025-09-14 17:32:30 - [INFO] -   DEBUG: Added 1 new files
2025-09-14 17:32:30 - [INFO] - ➕ Successfully added 1 new file(s) to import queue
2025-09-14 17:32:30 - [INFO] -   Starting instant view detection analysis for new files...
2025-09-14 17:32:30 - [INFO] -   DEBUG: Starting quick detection for 1 files...
2025-09-14 17:32:30 - [INFO] -    ⚠️  Generic fallback: ['Frame 1', 'Frame 2', 'Frame 3']
2025-09-14 17:32:30 - [INFO] -    ⚠️  Non-standard view name: Frame 1
2025-09-14 17:32:30 - [INFO] -    ⚠️  Non-standard view name: Frame 2
2025-09-14 17:32:30 - [INFO] -    ⚠️  Non-standard view name: Frame 3
2025-09-14 17:32:30 - [INFO] -   DEBUG: Processing detection result for gajelas.dcm
2025-09-14 17:32:30 - [INFO] - 📊 Detection Analysis Complete:
2025-09-14 17:32:30 - [INFO] -      1 files fully auto-tagged
2025-09-14 17:32:30 - [INFO] -     1 files need manual configuration
2025-09-14 17:32:30 - [INFO] - ⚙️ Manual configuration required for some files.
2025-09-14 17:32:30 - [INFO] - Next step: Configure Views (or proceed if all auto-tagged)
2025-09-14 17:32:30 - [INFO] -  gajelas.dcm: Manual configuration required (3 frames)
2025-09-14 17:50:50 - [INFO] - [DEBUG] Application exited with code: 0
2025-09-14 17:50:50 - [INFO] - Aplikasi terminated normally
