2025-09-10 22:00:29 - [INFO] - Logger berhasil dikonfigurasi. Memulai aplikasi...
2025-09-10 22:00:29 - [INFO] - Running in development mode
2025-09-10 22:00:29 - [INFO] - [DEBUG] Starting TELPLASTINA...
2025-09-10 22:00:29 - [INFO] - [UI] Application icon loaded: assets\icon.ico
2025-09-10 22:00:29 - [INFO] - [UI] Poppins font applied
2025-09-10 22:00:29 - [INFO] - [DEBUG] TELPLASTINA application created and configured
2025-09-10 22:00:29 - [INFO] - [DEBUG] Starting session with 100ms delay...
2025-09-10 22:00:29 - [INFO] - [DEBUG] === Starting new session ===
2025-09-10 22:00:29 - [INFO] - [DEBUG] Development mode - creating dialog immediately
2025-09-10 22:00:29 - [INFO] - [DEBUG] Creating doctor selection dialog (attempt 1/3)...
2025-09-10 22:00:30 - [INFO] - [PATHS] Found YOLO model at: F:\projek dosen\prototype riset\hotspot-analyzer\models\hotspot_detection\models\model_detection_hs_yolov8.pt
2025-09-10 22:00:30 - [INFO] - [DEBUG] Dialog class imported successfully
2025-09-10 22:00:31 - [INFO] - [DEBUG] Dialog instance created successfully
2025-09-10 22:00:31 - [INFO] - [DEBUG] Dialog window properties set
2025-09-10 22:00:31 - [INFO] - [DEBUG] Showing dialog to user...
2025-09-10 22:00:31 - [INFO] - [DEBUG] Dialog shown successfully
2025-09-10 22:00:31 - [INFO] - [DEBUG] Waiting for user input...
2025-09-10 22:00:34 - [INFO] - [SESSION] Created session: ATL_Planar_20250910_220034
2025-09-10 22:00:34 - [INFO] - [SESSION] Created: ATL_Planar_20250910_220034
2025-09-10 22:00:34 - [INFO] - [DEBUG] Dialog execution completed with result: 1
2025-09-10 22:00:34 - [INFO] - [DEBUG] Quick close detected: False
2025-09-10 22:00:34 - [INFO] - [DEBUG] Session selected - Code: ATL, Modality: Planar
2025-09-10 22:00:34 - [INFO] - [DEBUG] Data directory confirmed: data
2025-09-10 22:00:34 - [INFO] - [DEBUG] Starting PLANAR session with code: ATL
2025-09-10 22:00:34 - [INFO] - [DEBUG] Creating main window for session: ATL
2025-09-10 22:00:37 - [INFO] - [YOLO] Module loaded - model will be loaded on-demand
2025-09-10 22:00:37 - [INFO] - [DEBUG] session_code in MainWindow = ATL
2025-09-10 22:00:37 - [INFO] - [DEBUG] Timeline keyboard shortcuts enabled: Ctrl+/- for zoom, Ctrl+0 for reset
2025-09-10 22:00:37 - [INFO] - [DEBUG] Connecting invert checkbox...
2025-09-10 22:00:37 - [INFO] - [DEBUG] Testing checkbox connection...
2025-09-10 22:00:37 - [INFO] - [DEBUG] Timeline widget exists: True
2025-09-10 22:00:37 - [INFO] - [DEBUG] Timeline widget type: <class 'features.spect_viewer.gui.scan_timeline.ScanTimelineWidget'>
2025-09-10 22:00:37 - [INFO] - [DEBUG] Invert checkbox created and connected
2025-09-10 22:00:37 - [INFO] - [MainWindow]   Global keyboard shortcuts setup complete
2025-09-10 22:00:37 - [INFO] - [MainWindow] Syncing view 'Anterior' across all components
2025-09-10 22:00:38 - [INFO] - [DEBUG] set_active_view called with 'Anterior', but is now ignored.
2025-09-10 22:00:38 - [INFO] - [MainWindow]   View sync completed
2025-09-10 22:00:38 - [INFO] - [MainWindow]   Complete integration initialization finished
2025-09-10 22:00:38 - [INFO] - [DEBUG] Starting folder scan for session: ATL
2025-09-10 22:00:38 - [INFO] - Ditemukan 27 file DICOM di 'F:\projek dosen\prototype riset\hotspot-analyzer\data\PLANAR'
2025-09-10 22:00:38 - [INFO] - Ditemukan 6 session, 15 pasien (total 27 file DICOM).
2025-09-10 22:00:38 - [INFO] -     ALL: 1 pasien, 1 file
2025-09-10 22:00:38 - [INFO] -     ATL: 4 pasien, 4 file
2025-09-10 22:00:38 - [INFO] -     NBL: 1 pasien, 5 file
2025-09-10 22:00:38 - [INFO] -     NSY: 4 pasien, 8 file
2025-09-10 22:00:38 - [INFO] -     PVSA: 1 pasien, 1 file
2025-09-10 22:00:38 - [INFO] -     WKW: 4 pasien, 8 file
2025-09-10 22:00:38 - [INFO] - [DEBUG] Found 6 total sessions: ['ALL', 'ATL', 'NBL', 'NSY', 'PVSA', 'WKW']
2025-09-10 22:00:38 - [INFO] - [DEBUG] Filtered to session ATL: 4 patients
2025-09-10 22:00:38 - [INFO] - [DEBUG] Added 4 patients to combo box for session ATL
2025-09-10 22:00:38 - [INFO] - [DEBUG] display_timeline called with 0 scan(s), focusing on index = -1
2025-09-10 22:00:38 - [INFO] - [DEBUG] Rebuilding timeline for active scan index: -1
2025-09-10 22:00:38 - [INFO] - [BSI SIDE PANEL] Clearing data...
2025-09-10 22:00:38 - [INFO] - [DEBUG] Folder scan completed
2025-09-10 22:00:38 - [INFO] - [DEBUG] Main window created successfully for session: ATL
2025-09-10 22:00:38 - [INFO] - [DEBUG] Main window created successfully
2025-09-10 22:00:38 - [INFO] - [DEBUG] Logout signal connected
2025-09-10 22:00:38 - [INFO] - [DEBUG] Main window displayed
2025-09-10 22:00:38 - [INFO] - [DEBUG] Active windows count: 1
2025-09-10 22:00:38 - [INFO] - [TEST] Testing invert connection...
2025-09-10 22:00:38 - [INFO] - [TEST] Timeline widget exists: True
2025-09-10 22:00:38 - [INFO] - [TEST] Checkbox exists: True
2025-09-10 22:00:38 - [INFO] - [TEST] Current checkbox state: False
2025-09-10 22:00:38 - [INFO] - [DEBUG] === INVERT CHECKBOX CHANGED ===
2025-09-10 22:00:38 - [INFO] - [DEBUG] Checkbox state: 2, isChecked(): True
2025-09-10 22:00:38 - [INFO] - [DEBUG] Invert flag changed: False -> True
2025-09-10 22:00:38 - [INFO] - [DEBUG] Calling timeline_widget.set_invert_original(True)
2025-09-10 22:00:38 - [INFO] - [DEBUG] set_invert_original called: True (current: False)
2025-09-10 22:00:38 - [INFO] - [CACHE CLEAR] Cleared 0 layer cache entries
2025-09-10 22:00:38 - [INFO] - [CACHE CLEAR] Cleared zoom cache (0 labels)
2025-09-10 22:00:38 - [INFO] - [DEBUG] Cleared layer cache due to invert change
2025-09-10 22:00:38 - [INFO] - [DEBUG] No scans loaded, rebuild skipped
2025-09-10 22:00:38 - [INFO] - [DEBUG]   Timeline invert method called successfully
2025-09-10 22:00:38 - [INFO] - [TEST] Toggled checkbox to: True
2025-09-10 22:00:40 - [INFO] - [DEBUG] Opening DICOM import dialog...
2025-09-10 22:00:47 - [INFO] -   [DUPLICATE DEBUG] Starting duplicate check for 1 selected files
2025-09-10 22:00:47 - [INFO] -   [DUPLICATE DEBUG] Session code: ATL
2025-09-10 22:00:47 - [INFO] -    1. ANT001_DS.dcm
2025-09-10 22:00:47 - [INFO] -   [DUPLICATE DEBUG]   Successfully imported duplicate checking functions
2025-09-10 22:00:47 - [INFO] -   [MANUAL TEST] Testing duplicate check function...
2025-09-10 22:00:47 - [INFO] -   [CHECK_DICOM_EXISTS] Checking: session=ATL, patient=0001158915, study_date=20241204
2025-09-10 22:00:47 - [INFO] -   [CHECK_DICOM_EXISTS] Expected path: F:\projek dosen\prototype riset\hotspot-analyzer\data\PLANAR\ATL\0001158915\20241204
2025-09-10 22:00:47 - [INFO] -   [CHECK_DICOM_EXISTS] Found 1 DICOM files
2025-09-10 22:00:47 - [INFO] -   [CHECK_DICOM_EXISTS] Found 7 processed files
2025-09-10 22:00:47 - [INFO] -   [CHECK_DICOM_EXISTS] Final result: True
2025-09-10 22:00:47 - [INFO] -   [MANUAL TEST] check_dicom_exists('ATL', '0001158915', '20241204') = True
2025-09-10 22:00:47 - [INFO] -   [MANUAL TEST] Existing info: {'exists': True, 'study_date_path': WindowsPath('F:/projek dosen/prototype riset/hotspot-analyzer/data/PLANAR/ATL/0001158915/20241204'), 'dicom_count': 1, 'dicom_files': ['ANT001_DS.dcm'], 'has_processed_files': True, 'last_modified': 1755090376.0898347}
2025-09-10 22:00:47 - [INFO] -   [DUPLICATE DEBUG] Starting individual file analysis...
2025-09-10 22:00:47 - [INFO] -   [DUPLICATE DEBUG] Analyzing file 1/1: ANT001_DS.dcm
2025-09-10 22:00:47 - [INFO] -    📄 Reading DICOM metadata...
2025-09-10 22:00:47 - [INFO] -    📋 Patient ID: 0001158915
2025-09-10 22:00:47 - [INFO] -    📅 Study Date: 20241204
2025-09-10 22:00:47 - [INFO] -    🔑 Combination Key: ('0001158915', '20241204')
2025-09-10 22:00:47 - [INFO] -      Checking against existing data in session ATL...
2025-09-10 22:00:47 - [INFO] -   [CHECK_DICOM_EXISTS] Checking: session=ATL, patient=0001158915, study_date=20241204
2025-09-10 22:00:47 - [INFO] -   [CHECK_DICOM_EXISTS] Expected path: F:\projek dosen\prototype riset\hotspot-analyzer\data\PLANAR\ATL\0001158915\20241204
2025-09-10 22:00:47 - [INFO] -   [CHECK_DICOM_EXISTS] Found 1 DICOM files
2025-09-10 22:00:47 - [INFO] -   [CHECK_DICOM_EXISTS] Found 7 processed files
2025-09-10 22:00:47 - [INFO] -   [CHECK_DICOM_EXISTS] Final result: True
2025-09-10 22:00:47 - [INFO] -      check_dicom_exists result: True
2025-09-10 22:00:47 - [INFO] -    🔄 SYSTEM DUPLICATE detected!
2025-09-10 22:00:47 - [INFO] -    📊 Existing info: {'exists': True, 'study_date_path': WindowsPath('F:/projek dosen/prototype riset/hotspot-analyzer/data/PLANAR/ATL/0001158915/20241204'), 'dicom_count': 1, 'dicom_files': ['ANT001_DS.dcm'], 'has_processed_files': True, 'last_modified': 1755090376.0898347}
2025-09-10 22:00:47 - [INFO] -   [DUPLICATE DEBUG] Analysis complete:
2025-09-10 22:00:47 - [INFO] -      New files: 0
2025-09-10 22:00:47 - [INFO] -    🔄 System duplicates: 1
2025-09-10 22:00:47 - [INFO] -    🔄 Internal duplicates: 0
2025-09-10 22:00:47 - [INFO] -     Errors: 0
2025-09-10 22:00:47 - [INFO] -   Selected 1 file(s) for import:
2025-09-10 22:00:47 - [INFO] -    ⚠️ 1 file(s) skipped - already exist in system:
2025-09-10 22:00:47 - [INFO] -       📄 ANT001_DS.dcm (Patient: 0001158915, Study: 20241204)
2025-09-10 22:00:47 - [INFO] -   DEBUG: About to add 0 new files to selected_files list
2025-09-10 22:00:47 - [INFO] -   DEBUG: About to add 1 duplicate files to UI (display only)
2025-09-10 22:00:47 - [INFO] -   DEBUG: _add_duplicate_file_to_list called for ANT001_DS.dcm
2025-09-10 22:00:47 - [INFO] -   DEBUG: duplicate_info = {'patient_id': '0001158915', 'study_date': '20241204', 'reason': 'Patient ID and Study Date already exist in system', 'existing_dicom_count': 1, 'existing_files': ['ANT001_DS.dcm'], 'has_processed_files': True}
2025-09-10 22:00:47 - [INFO] -   DEBUG: Set item data - UserRole: F:\projek dosen\prototype riset\DicomP10\Export\1.2.840.113619.2.280.2.1.4122024120836905.1339871010\ANT001_DS.dcm, UserRole+1: DUPLICATE
2025-09-10 22:00:47 - [INFO] -    ⏭️ Added to UI (SKIP): ANT001_DS.dcm - Patient ID and Study Date already exist in system
2025-09-10 22:00:47 - [INFO] -   DEBUG: Final counts - New files: 0, Duplicate files shown: 1
2025-09-10 22:00:47 - [INFO] -   DEBUG: selected_files now contains 0 files
2025-09-10 22:00:47 - [INFO] - ⏭️ Skipped 1 duplicate file(s) (shown for reference)
2025-09-10 22:00:47 - [INFO] - ℹ️ No new files to import - all selected files already exist or are duplicates
2025-09-10 22:00:51 - [INFO] -   [DUPLICATE DEBUG] Starting duplicate check for 1 selected files
2025-09-10 22:00:51 - [INFO] -   [DUPLICATE DEBUG] Session code: ATL
2025-09-10 22:00:51 - [INFO] -    1. ANT002_DS.dcm
2025-09-10 22:00:51 - [INFO] -   [DUPLICATE DEBUG]   Successfully imported duplicate checking functions
2025-09-10 22:00:51 - [INFO] -   [MANUAL TEST] Testing duplicate check function...
2025-09-10 22:00:51 - [INFO] -   [CHECK_DICOM_EXISTS] Checking: session=ATL, patient=0001158915, study_date=20241204
2025-09-10 22:00:51 - [INFO] -   [CHECK_DICOM_EXISTS] Expected path: F:\projek dosen\prototype riset\hotspot-analyzer\data\PLANAR\ATL\0001158915\20241204
2025-09-10 22:00:51 - [INFO] -   [CHECK_DICOM_EXISTS] Found 1 DICOM files
2025-09-10 22:00:51 - [INFO] -   [CHECK_DICOM_EXISTS] Found 7 processed files
2025-09-10 22:00:51 - [INFO] -   [CHECK_DICOM_EXISTS] Final result: True
2025-09-10 22:00:51 - [INFO] -   [MANUAL TEST] check_dicom_exists('ATL', '0001158915', '20241204') = True
2025-09-10 22:00:51 - [INFO] -   [MANUAL TEST] Existing info: {'exists': True, 'study_date_path': WindowsPath('F:/projek dosen/prototype riset/hotspot-analyzer/data/PLANAR/ATL/0001158915/20241204'), 'dicom_count': 1, 'dicom_files': ['ANT001_DS.dcm'], 'has_processed_files': True, 'last_modified': 1755090376.0898347}
2025-09-10 22:00:51 - [INFO] -   [DUPLICATE DEBUG] Starting individual file analysis...
2025-09-10 22:00:51 - [INFO] -   [DUPLICATE DEBUG] Analyzing file 1/1: ANT002_DS.dcm
2025-09-10 22:00:51 - [INFO] -    📄 Reading DICOM metadata...
2025-09-10 22:00:51 - [INFO] -    📋 Patient ID: 0000708577
2025-09-10 22:00:51 - [INFO] -    📅 Study Date: 20250625
2025-09-10 22:00:51 - [INFO] -    🔑 Combination Key: ('0000708577', '20250625')
2025-09-10 22:00:51 - [INFO] -      Checking against existing data in session ATL...
2025-09-10 22:00:51 - [INFO] -   [CHECK_DICOM_EXISTS] Checking: session=ATL, patient=0000708577, study_date=20250625
2025-09-10 22:00:51 - [INFO] -   [CHECK_DICOM_EXISTS] Expected path: F:\projek dosen\prototype riset\hotspot-analyzer\data\PLANAR\ATL\0000708577\20250625
2025-09-10 22:00:51 - [INFO] -   [CHECK_DICOM_EXISTS] Path does not exist - NOT DUPLICATE
2025-09-10 22:00:51 - [INFO] -      check_dicom_exists result: False
2025-09-10 22:00:51 - [INFO] -      No duplicate found in system
2025-09-10 22:00:51 - [INFO] -    ➕ Adding as NEW file
2025-09-10 22:00:51 - [INFO] -   [DUPLICATE DEBUG] Analysis complete:
2025-09-10 22:00:51 - [INFO] -      New files: 1
2025-09-10 22:00:51 - [INFO] -    🔄 System duplicates: 0
2025-09-10 22:00:51 - [INFO] -    🔄 Internal duplicates: 0
2025-09-10 22:00:51 - [INFO] -     Errors: 0
2025-09-10 22:00:51 - [INFO] -   Selected 1 file(s) for import:
2025-09-10 22:00:51 - [INFO] -      1 new file(s) will be imported
2025-09-10 22:00:51 - [INFO] -   DEBUG: About to add 1 new files to selected_files list
2025-09-10 22:00:51 - [INFO] -    ➕ Added to processing queue: ANT002_DS.dcm
2025-09-10 22:00:51 - [INFO] -   DEBUG: About to add 0 duplicate files to UI (display only)
2025-09-10 22:00:51 - [INFO] -   DEBUG: Final counts - New files: 1, Duplicate files shown: 0
2025-09-10 22:00:51 - [INFO] -   DEBUG: selected_files now contains 1 files
2025-09-10 22:00:51 - [INFO] -   DEBUG: Added 1 new files
2025-09-10 22:00:51 - [INFO] - ➕ Successfully added 1 new file(s) to import queue
2025-09-10 22:00:51 - [INFO] -   Starting instant view detection analysis for new files...
2025-09-10 22:00:51 - [INFO] -   DEBUG: Starting quick detection for 1 files...
2025-09-10 22:00:51 - [INFO] -   DEBUG: Processing detection result for ANT002_DS.dcm
2025-09-10 22:00:51 - [INFO] - 📊 Detection Analysis Complete:
2025-09-10 22:00:51 - [INFO] -      1 files fully auto-tagged
2025-09-10 22:00:51 - [INFO] - 🎉 All files auto-tagged! You can proceed directly to import.
2025-09-10 22:00:51 - [INFO] - Next step: Configure Views (or proceed if all auto-tagged)
2025-09-10 22:00:51 - [INFO] -   ANT002_DS.dcm: Fully auto-tagged (2 frames)
2025-09-10 22:00:54 - [INFO] -   Opening enhanced view configuration dialog...
2025-09-10 22:00:54 - [INFO] -   DEBUG: Opening view selector with 1 files
2025-09-10 22:00:54 - [INFO] -   DEBUG: Opening view configuration with 1 files:
2025-09-10 22:00:54 - [INFO] -    1. ANT002_DS.dcm
2025-09-10 22:00:54 - [INFO] -      No duplicates found in selected_files
2025-09-10 22:00:54 - [INFO] -   DEBUG: Connecting signals...
2025-09-10 22:00:54 - [INFO] -   DEBUG: Executing dialog...
2025-09-10 22:00:54 - [INFO] -   DEBUG: Processing 2 frames from ANT002_DS.dcm
2025-09-10 22:00:54 - [INFO] -   Frame 0: 'anterior'
2025-09-10 22:00:54 - [INFO] -     Detected: Anterior (confidence: high)
2025-09-10 22:00:54 - [INFO] -       auto-tagged: Anterior (high confidence)
2025-09-10 22:00:54 - [INFO] - 
  STARTING BACKGROUND ANALYSIS FOR FRAME 0...
2025-09-10 22:00:54 - [INFO] - 
  === BACKGROUND ANALYSIS DEBUG ===
2025-09-10 22:00:54 - [INFO] - Frame shape: (1024, 256)
2025-09-10 22:00:54 - [INFO] - Frame dtype: uint16
2025-09-10 22:00:54 - [INFO] - Frame range: 0 to 388
2025-09-10 22:00:54 - [INFO] - 🔄 Normalized to uint8: 0 to 255
2025-09-10 22:00:54 - [INFO] - 📐 Image dimensions: 256x1024 (262,144 pixels)
2025-09-10 22:00:54 - [INFO] - 🏠 Corner analysis with size: 20x20
2025-09-10 22:00:54 - [INFO] - 🏠 Corner means: [0.0, 0.0, 0.0, 0.0]
2025-09-10 22:00:54 - [INFO] - 🏠 Overall corner mean: 0.0
2025-09-10 22:00:54 - [INFO] - 🔲 Edge analysis:
2025-09-10 22:00:54 - [INFO] -    Edge mean: 0.0
2025-09-10 22:00:54 - [INFO] -    Dark edges (<50): 2560/2560 (100.0%)
2025-09-10 22:00:54 - [INFO] -    Bright edges (>200): 0/2560 (0.0%)
2025-09-10 22:00:54 - [INFO] - 📊 Overall statistics:
2025-09-10 22:00:54 - [INFO] -    Image mean: 5.8
2025-09-10 22:00:54 - [INFO] -    Dark pixels (<50): 256,933 (98.0%)
2025-09-10 22:00:54 - [INFO] -    Bright pixels (>200): 43 (0.0%)
2025-09-10 22:00:54 - [INFO] -    Mid-range pixels: 5,168 (2.0%)
2025-09-10 22:00:54 - [INFO] - 📈 Histogram analysis:
2025-09-10 22:00:54 - [INFO] -    Found 0 peaks: []
2025-09-10 22:00:54 - [INFO] - 
  DECISION PROCESS:
2025-09-10 22:00:54 - [INFO] - 
📋 DECISION FACTORS:
2025-09-10 22:00:54 - [INFO] -      Dark corners (0.0 < 50) → BLACK (+40)
2025-09-10 22:00:54 - [INFO] -      Dark edges (100.0%) support BLACK (+30)
2025-09-10 22:00:54 - [INFO] -      Dark image (5.8 < 80) supports BLACK (+10)
2025-09-10 22:00:54 - [INFO] - 
  FINAL DECISION:
2025-09-10 22:00:54 - [INFO] -    Background Type: BLACK
2025-09-10 22:00:54 - [INFO] -    Confidence: 80%
2025-09-10 22:00:54 - [INFO] -    Reasoning: 3 factors analyzed
2025-09-10 22:00:54 - [INFO] - 📊 RESULT: {'background_type': 'black', 'confidence': 80, 'background_pixels': 256933, 'object_pixels': 5211, 'background_percentage': 98.01216125488281, 'total_pixels': 262144, 'debug_info': {'corner_mean': 0.0, 'edge_mean': 0.0, 'image_mean': 5.830989837646484, 'dark_edge_ratio': 1.0, 'bright_edge_ratio': 0.0, 'decision_factors': ['  Dark corners (0.0 < 50) → BLACK (+40)', '  Dark edges (100.0%) support BLACK (+30)', '  Dark image (5.8 < 80) supports BLACK (+10)']}}
2025-09-10 22:00:54 - [INFO] -   === END BACKGROUND ANALYSIS ===

2025-09-10 22:00:54 - [INFO] -   BACKGROUND ANALYSIS RESULT:
2025-09-10 22:00:54 - [INFO] -    Type: black
2025-09-10 22:00:54 - [INFO] -    Confidence: 80%
2025-09-10 22:00:54 - [INFO] -    Background area: 98.0%
2025-09-10 22:00:54 - [INFO] -    Will auto-select: black radio button
2025-09-10 22:00:54 - [INFO] -    Factors: 3
2025-09-10 22:00:54 - [INFO] -     ⚠️ manual tagged REQUIRED: 80 confidence
2025-09-10 22:00:54 - [INFO] -   Frame 1: 'posterior'
2025-09-10 22:00:54 - [INFO] -     Detected: Posterior (confidence: high)
2025-09-10 22:00:54 - [INFO] -       auto-tagged: Posterior (high confidence)
2025-09-10 22:00:54 - [INFO] - 
  STARTING BACKGROUND ANALYSIS FOR FRAME 1...
2025-09-10 22:00:54 - [INFO] - 
  === BACKGROUND ANALYSIS DEBUG ===
2025-09-10 22:00:54 - [INFO] - Frame shape: (1024, 256)
2025-09-10 22:00:54 - [INFO] - Frame dtype: uint16
2025-09-10 22:00:54 - [INFO] - Frame range: 0 to 680
2025-09-10 22:00:54 - [INFO] - 🔄 Normalized to uint8: 0 to 255
2025-09-10 22:00:54 - [INFO] - 📐 Image dimensions: 256x1024 (262,144 pixels)
2025-09-10 22:00:54 - [INFO] - 🏠 Corner analysis with size: 20x20
2025-09-10 22:00:54 - [INFO] - 🏠 Corner means: [0.0, 0.0, 0.0, 0.0]
2025-09-10 22:00:54 - [INFO] - 🏠 Overall corner mean: 0.0
2025-09-10 22:00:54 - [INFO] - 🔲 Edge analysis:
2025-09-10 22:00:54 - [INFO] -    Edge mean: 0.0
2025-09-10 22:00:54 - [INFO] -    Dark edges (<50): 2560/2560 (100.0%)
2025-09-10 22:00:54 - [INFO] -    Bright edges (>200): 0/2560 (0.0%)
2025-09-10 22:00:54 - [INFO] - 📊 Overall statistics:
2025-09-10 22:00:54 - [INFO] -    Image mean: 3.2
2025-09-10 22:00:54 - [INFO] -    Dark pixels (<50): 259,939 (99.2%)
2025-09-10 22:00:54 - [INFO] -    Bright pixels (>200): 31 (0.0%)
2025-09-10 22:00:54 - [INFO] -    Mid-range pixels: 2,174 (0.8%)
2025-09-10 22:00:54 - [INFO] - 📈 Histogram analysis:
2025-09-10 22:00:54 - [INFO] -    Found 0 peaks: []
2025-09-10 22:00:54 - [INFO] - 
  DECISION PROCESS:
2025-09-10 22:00:54 - [INFO] - 
📋 DECISION FACTORS:
2025-09-10 22:00:54 - [INFO] -      Dark corners (0.0 < 50) → BLACK (+40)
2025-09-10 22:00:54 - [INFO] -      Dark edges (100.0%) support BLACK (+30)
2025-09-10 22:00:54 - [INFO] -      Dark image (3.2 < 80) supports BLACK (+10)
2025-09-10 22:00:54 - [INFO] - 
  FINAL DECISION:
2025-09-10 22:00:54 - [INFO] -    Background Type: BLACK
2025-09-10 22:00:54 - [INFO] -    Confidence: 80%
2025-09-10 22:00:54 - [INFO] -    Reasoning: 3 factors analyzed
2025-09-10 22:00:54 - [INFO] - 📊 RESULT: {'background_type': 'black', 'confidence': 80, 'background_pixels': 259939, 'object_pixels': 2205, 'background_percentage': 99.15885925292969, 'total_pixels': 262144, 'debug_info': {'corner_mean': 0.0, 'edge_mean': 0.0, 'image_mean': 3.2123870849609375, 'dark_edge_ratio': 1.0, 'bright_edge_ratio': 0.0, 'decision_factors': ['  Dark corners (0.0 < 50) → BLACK (+40)', '  Dark edges (100.0%) support BLACK (+30)', '  Dark image (3.2 < 80) supports BLACK (+10)']}}
2025-09-10 22:00:54 - [INFO] -   === END BACKGROUND ANALYSIS ===

2025-09-10 22:00:54 - [INFO] -   BACKGROUND ANALYSIS RESULT:
2025-09-10 22:00:54 - [INFO] -    Type: black
2025-09-10 22:00:54 - [INFO] -    Confidence: 80%
2025-09-10 22:00:54 - [INFO] -    Background area: 99.2%
2025-09-10 22:00:54 - [INFO] -    Will auto-select: black radio button
2025-09-10 22:00:54 - [INFO] -    Factors: 3
2025-09-10 22:00:54 - [INFO] -     ⚠️ manual tagged REQUIRED: 80 confidence
2025-09-10 22:00:54 - [INFO] - Summary: ANT002_DS.dcm
2025-09-10 22:00:54 - [INFO] -     Reliable detections: 2/2
2025-09-10 22:00:54 - [INFO] -     Has reliable detection: True
2025-09-10 22:00:54 - [INFO] -     Needs manual tagged: False
2025-09-10 22:00:54 - [INFO] -   Loaded DICOM info for: ANT002_DS.dcm
2025-09-10 22:00:54 - [INFO] -     Reliable detection: True
2025-09-10 22:00:54 - [INFO] -     Needs manual tagged: False
2025-09-10 22:00:54 - [INFO] -   DEBUG: Loading finished. Loaded 1 DICOM info objects
2025-09-10 22:00:54 - [INFO] -   DEBUG: Starting widget setup...
2025-09-10 22:00:54 - [INFO] -   DEBUG: Processing 1 files in optimized order...
2025-09-10 22:00:54 - [INFO] -   ANT002_DS.dcm: auto
2025-09-10 22:00:54 - [INFO] -   DEBUG: Creating widget 1/1 for ANT002_DS.dcm...
2025-09-10 22:00:54 - [INFO] -   DEBUG: Creating DicomFileWidget with 2 frames...
2025-09-10 22:00:54 - [INFO] -   DEBUG: Initializing DicomFileWidget for ANT002_DS.dcm with 2 frames
2025-09-10 22:00:54 - [INFO] -   DEBUG: Setting up UI for ANT002_DS.dcm...
2025-09-10 22:00:54 - [INFO] -   DEBUG: Initializing FrameWidget for frame 0 from ANT002_DS.dcm
2025-09-10 22:00:54 - [INFO] -   DEBUG: Setting up UI for frame 0...
2025-09-10 22:00:54 - [INFO] -   DEBUG: ZoomableImageLabel init - shape: (1024, 256), dtype: uint16
2025-09-10 22:00:54 - [INFO] -   DEBUG: Medical image detected: True
2025-09-10 22:00:54 - [INFO] -   DEBUG: Creating pixmap...
2025-09-10 22:00:54 - [INFO] -   DEBUG: Starting pixmap creation - shape: (1024, 256)
2025-09-10 22:00:54 - [INFO] -   DEBUG: Frame data copied - dtype: uint16
2025-09-10 22:00:54 - [INFO] -   DEBUG: Converting from uint16 to uint8...
2025-09-10 22:00:54 - [INFO] -   DEBUG: Data range: 0 to 388
2025-09-10 22:00:54 - [INFO] -   Normalization completed
2025-09-10 22:00:54 - [INFO] -   DEBUG: Final frame dimensions: 256x1024
2025-09-10 22:00:54 - [INFO] -   DEBUG: Enhancing medical image display...
2025-09-10 22:00:54 - [INFO] -   Image already uint8, no enhancement needed
2025-09-10 22:00:54 - [INFO] -   Medical image enhancement applied
2025-09-10 22:00:54 - [INFO] -   DEBUG: Creating PIL Image...
2025-09-10 22:00:54 - [INFO] -   PIL Image created
2025-09-10 22:00:54 - [INFO] -   DEBUG: Detected potential medical scan
2025-09-10 22:00:54 - [INFO] -   DEBUG: High aspect ratio (4.0), checking for rotation...
2025-09-10 22:00:54 - [INFO] -   DEBUG: Rotation did not improve, keeping original orientation
2025-09-10 22:00:54 - [INFO] -   PIL Image finalized - size: (256, 1024)
2025-09-10 22:00:54 - [INFO] -   DEBUG: Original dimensions: 256x1024
2025-09-10 22:00:54 - [INFO] -   DEBUG: Tall image - resize to 70x280
2025-09-10 22:00:54 - [INFO] -   DEBUG: Final resize dimensions: 70x280
2025-09-10 22:00:54 - [INFO] -   DEBUG: Using NEAREST resampling for medical image
2025-09-10 22:00:54 - [INFO] -   Image resized
2025-09-10 22:00:54 - [INFO] -   QPixmap created successfully
2025-09-10 22:00:54 - [INFO] -   DEBUG: Updating display...
2025-09-10 22:00:54 - [INFO] -   DEBUG: Using Smooth transformation for medical image
2025-09-10 22:00:54 - [INFO] -   ZoomableImageLabel initialized successfully
2025-09-10 22:00:54 - [INFO] - 
  FRAME 0 AUTO-SELECTION DEBUG:
2025-09-10 22:00:54 - [INFO] -    detected_bg: 'black'
2025-09-10 22:00:54 - [INFO] -    pixel_analysis exists: True
2025-09-10 22:00:54 - [INFO] -    analysis.background_type: 'black'
2025-09-10 22:00:54 - [INFO] -    analysis.confidence: 80%
2025-09-10 22:00:54 - [INFO] -    corner_mean: 0.0
2025-09-10 22:00:54 - [INFO] -    edge_mean: 0.0
2025-09-10 22:00:54 - [INFO] -    image_mean: 5.830989837646484
2025-09-10 22:00:54 - [INFO] -   AUTO-SELECTED: BLACK background radio button
2025-09-10 22:00:54 - [INFO] -    Final state - Black checked: True
2025-09-10 22:00:54 - [INFO] -    Final state - White checked: False
2025-09-10 22:00:54 - [INFO] -   DEBUG: Connecting signals for frame 0...
2025-09-10 22:00:54 - [INFO] -   FrameWidget setup completed for frame 0
2025-09-10 22:00:54 - [INFO] -   DEBUG: Initializing FrameWidget for frame 1 from ANT002_DS.dcm
2025-09-10 22:00:54 - [INFO] -   DEBUG: Setting up UI for frame 1...
2025-09-10 22:00:54 - [INFO] -   DEBUG: ZoomableImageLabel init - shape: (1024, 256), dtype: uint16
2025-09-10 22:00:54 - [INFO] -   DEBUG: Medical image detected: True
2025-09-10 22:00:54 - [INFO] -   DEBUG: Creating pixmap...
2025-09-10 22:00:54 - [INFO] -   DEBUG: Starting pixmap creation - shape: (1024, 256)
2025-09-10 22:00:54 - [INFO] -   DEBUG: Frame data copied - dtype: uint16
2025-09-10 22:00:54 - [INFO] -   DEBUG: Converting from uint16 to uint8...
2025-09-10 22:00:54 - [INFO] -   DEBUG: Data range: 0 to 680
2025-09-10 22:00:54 - [INFO] -   Normalization completed
2025-09-10 22:00:54 - [INFO] -   DEBUG: Final frame dimensions: 256x1024
2025-09-10 22:00:54 - [INFO] -   DEBUG: Enhancing medical image display...
2025-09-10 22:00:54 - [INFO] -   Image already uint8, no enhancement needed
2025-09-10 22:00:54 - [INFO] -   Medical image enhancement applied
2025-09-10 22:00:54 - [INFO] -   DEBUG: Creating PIL Image...
2025-09-10 22:00:54 - [INFO] -   PIL Image created
2025-09-10 22:00:54 - [INFO] -   DEBUG: Detected potential medical scan
2025-09-10 22:00:54 - [INFO] -   DEBUG: High aspect ratio (4.0), checking for rotation...
2025-09-10 22:00:54 - [INFO] -   DEBUG: Rotation did not improve, keeping original orientation
2025-09-10 22:00:54 - [INFO] -   PIL Image finalized - size: (256, 1024)
2025-09-10 22:00:54 - [INFO] -   DEBUG: Original dimensions: 256x1024
2025-09-10 22:00:54 - [INFO] -   DEBUG: Tall image - resize to 70x280
2025-09-10 22:00:54 - [INFO] -   DEBUG: Final resize dimensions: 70x280
2025-09-10 22:00:54 - [INFO] -   DEBUG: Using NEAREST resampling for medical image
2025-09-10 22:00:54 - [INFO] -   Image resized
2025-09-10 22:00:54 - [INFO] -   QPixmap created successfully
2025-09-10 22:00:54 - [INFO] -   DEBUG: Updating display...
2025-09-10 22:00:54 - [INFO] -   DEBUG: Using Smooth transformation for medical image
2025-09-10 22:00:54 - [INFO] -   ZoomableImageLabel initialized successfully
2025-09-10 22:00:54 - [INFO] - 
  FRAME 1 AUTO-SELECTION DEBUG:
2025-09-10 22:00:54 - [INFO] -    detected_bg: 'black'
2025-09-10 22:00:54 - [INFO] -    pixel_analysis exists: True
2025-09-10 22:00:54 - [INFO] -    analysis.background_type: 'black'
2025-09-10 22:00:54 - [INFO] -    analysis.confidence: 80%
2025-09-10 22:00:54 - [INFO] -    corner_mean: 0.0
2025-09-10 22:00:54 - [INFO] -    edge_mean: 0.0
2025-09-10 22:00:54 - [INFO] -    image_mean: 3.2123870849609375
2025-09-10 22:00:54 - [INFO] -   AUTO-SELECTED: BLACK background radio button
2025-09-10 22:00:54 - [INFO] -    Final state - Black checked: True
2025-09-10 22:00:54 - [INFO] -    Final state - White checked: False
2025-09-10 22:00:54 - [INFO] -   DEBUG: Connecting signals for frame 1...
2025-09-10 22:00:54 - [INFO] -   FrameWidget setup completed for frame 1
2025-09-10 22:00:54 - [INFO] -   UI setup completed for ANT002_DS.dcm
2025-09-10 22:00:54 - [INFO] -   DEBUG: Widget created successfully, connecting signals...
2025-09-10 22:00:54 - [INFO] -   DEBUG: Signals connected, adding to layout...
2025-09-10 22:00:54 - [INFO] -   Successfully created widget for ANT002_DS.dcm
2025-09-10 22:00:54 - [INFO] - 📊 Widget creation summary:
2025-09-10 22:00:54 - [INFO] -   Success: 1
2025-09-10 22:00:54 - [INFO] -   Errors: 0
2025-09-10 22:00:54 - [INFO] -   auto-tagged: 1
2025-09-10 22:00:54 - [INFO] -   Manual required: 0
2025-09-10 22:00:54 - [INFO] -   DEBUG: Widget setup completed, updating validation...
2025-09-10 22:00:54 - [INFO] -   DEBUG: Validating 1 widgets...
2025-09-10 22:00:54 - [INFO] -   DEBUG: Validating widget 1/1...
2025-09-10 22:00:54 - [INFO] -   DICOM widgets setup completed successfully
2025-09-10 22:00:57 - [INFO] -   DEBUG: Confirming selections...
2025-09-10 22:00:57 - [INFO] - 📄 ANT002_DS.dcm: {0: 'Anterior', 1: 'Posterior'}
2025-09-10 22:00:57 - [INFO] - 🎨 Background selections: {0: {'view': 'Anterior', 'background': 'black'}, 1: {'view': 'Posterior', 'background': 'black'}}
2025-09-10 22:00:57 - [INFO] -   Validation passed - emitting signal
2025-09-10 22:00:57 - [INFO] -   DEBUG: About to emit views_confirmed signal with 1 files
2025-09-10 22:00:57 - [INFO] -   DEBUG: Emitting views_confirmed signal (string paths)...
2025-09-10 22:00:57 - [INFO] -   DEBUG: Emitting views_confirmed signal with background data...
2025-09-10 22:00:57 - [INFO] -   DEBUG: Signal received! Processing 2 assignments
2025-09-10 22:00:57 - [INFO] -   DEBUG: _on_views_configured called with payload keys: ['background_assignments', 'view_assignments']
2025-09-10 22:00:57 - [INFO] -   DEBUG: view_assignments contains 1 files
2025-09-10 22:00:57 - [INFO] -    📄 F:\projek dosen\prototype riset\DicomP10\Export\1.2.840.113619.2.280.2.1.25062025112233352.335127410\ANT002_DS.dcm
2025-09-10 22:00:57 - [INFO] - 🎨 Background assignments received: 1 files
2025-09-10 22:00:57 - [INFO] -   View assignments and background selections configured
2025-09-10 22:00:57 - [INFO] - Files with assignments: 1
2025-09-10 22:00:57 - [INFO] - Files with background selections: 1
2025-09-10 22:00:57 - [INFO] -   DEBUG: Signal emitted, closing dialog...
2025-09-10 22:00:57 - [INFO] -   DEBUG: Dialog finished, cleaning up...
2025-09-10 22:00:57 - [INFO] -   DEBUG: Dialog accepted and closed
2025-09-10 22:00:57 - [INFO] -   DEBUG: View dialog result: 1
2025-09-10 22:00:57 - [INFO] -   Dialog accepted
2025-09-10 22:00:58 - [INFO] -   DEBUG: Starting duplicate filter check...
2025-09-10 22:00:58 - [INFO] -   DEBUG: view_assignments contains 1 files
2025-09-10 22:00:58 - [INFO] -   DEBUG: file_list contains 2 items
2025-09-10 22:00:58 - [INFO] -   DEBUG: Checking file: ANT002_DS.dcm
2025-09-10 22:00:58 - [INFO] -    📍 Found in UI list at position 1
2025-09-10 22:00:58 - [INFO] -    🏷️ Duplicate flag: None
2025-09-10 22:00:58 - [INFO] -      NOT marked as duplicate - will process
2025-09-10 22:00:58 - [INFO] -    ➕ Added to processing queue
2025-09-10 22:00:58 - [INFO] -   DEBUG: Filter results:
2025-09-10 22:00:58 - [INFO] -    Original files in view_assignments: 1
2025-09-10 22:00:58 - [INFO] -    Files to actually process: 1
2025-09-10 22:00:58 - [INFO] -    Skipped duplicates: 0
2025-09-10 22:00:58 - [INFO] -   No duplicates found in processing queue
2025-09-10 22:00:58 - [INFO] - Starting enhanced import process...
2025-09-10 22:00:58 - [INFO] - Processing 1 files with view assignments
2025-09-10 22:00:58 - [INFO] - Session: ATL
2025-09-10 22:00:58 - [INFO] - Target: data/PLANAR/ATL/[patient_id]/
2025-09-10 22:00:58 - [INFO] - Configuration: All 1 files auto-tagged
2025-09-10 22:00:58 - [INFO] - Enforced naming: Anterior/Posterior views only
2025-09-10 22:00:58 - [INFO] - 🎉 Enhanced import workflow completed!
2025-09-10 22:00:58 - [INFO] - All files processed with proper Anterior/Posterior naming
2025-09-10 22:00:58 - [INFO] -   Successfully processed: All 1 auto-tagged files
2025-09-10 22:00:58 - [INFO] - Rescanning folder...
2025-09-10 22:00:58 - [INFO] - [DEBUG] Files imported signal received, rescanning folder...
2025-09-10 22:00:58 - [INFO] - [DEBUG] Starting folder scan for session: ATL
2025-09-10 22:00:58 - [INFO] - Ditemukan 27 file DICOM di 'F:\projek dosen\prototype riset\hotspot-analyzer\data\PLANAR'
2025-09-10 22:00:58 - [INFO] - Ditemukan 6 session, 15 pasien (total 27 file DICOM).
2025-09-10 22:00:58 - [INFO] -     ALL: 1 pasien, 1 file
2025-09-10 22:00:58 - [INFO] -     ATL: 4 pasien, 4 file
2025-09-10 22:00:58 - [INFO] -     NBL: 1 pasien, 5 file
2025-09-10 22:00:58 - [INFO] -     NSY: 4 pasien, 8 file
2025-09-10 22:00:58 - [INFO] -     PVSA: 1 pasien, 1 file
2025-09-10 22:00:58 - [INFO] -     WKW: 4 pasien, 8 file
2025-09-10 22:00:58 - [INFO] - [DEBUG] Found 6 total sessions: ['ALL', 'ATL', 'NBL', 'NSY', 'PVSA', 'WKW']
2025-09-10 22:00:58 - [INFO] - [DEBUG] Filtered to session ATL: 4 patients
2025-09-10 22:00:58 - [INFO] - [DEBUG] Added 4 patients to combo box for session ATL
2025-09-10 22:00:58 - [INFO] - [DEBUG] display_timeline called with 0 scan(s), focusing on index = -1
2025-09-10 22:00:58 - [INFO] - [DEBUG] Rebuilding timeline for active scan index: -1
2025-09-10 22:00:58 - [INFO] - [BSI SIDE PANEL] Clearing data...
2025-09-10 22:00:58 - [INFO] - [DEBUG] Folder scan completed
2025-09-10 22:08:44 - [INFO] - [DEBUG] Import dialog accepted
2025-09-10 22:08:44 - [INFO] - [DEBUG] Membersihkan sumber daya di MainWindow (SPECT)...
2025-09-10 22:08:44 - [INFO] - [DEBUG] Menutup process pool...
2025-09-10 22:08:44 - [INFO] - [DEBUG] Application exited with code: 0
2025-09-10 22:08:44 - [INFO] - Aplikasi terminated normally
