2025-09-14 10:27:51 - [INFO] - Logger berhasil dikonfigurasi. Memulai aplikasi...
2025-09-14 10:27:51 - [INFO] - Running in development mode
2025-09-14 10:27:51 - [INFO] - [DEBUG] Starting TELPLASTINA...
2025-09-14 10:27:51 - [INFO] - [UI] Application icon loaded: assets\icon.ico
2025-09-14 10:27:51 - [INFO] - [UI] Poppins font applied
2025-09-14 10:27:51 - [INFO] - [DEBUG] TELPLASTINA application created and configured
2025-09-14 10:27:51 - [INFO] - [DEBUG] Starting session with 100ms delay...
2025-09-14 10:27:52 - [INFO] - [DEBUG] === Starting new session ===
2025-09-14 10:27:52 - [INFO] - [DEBUG] Development mode - creating dialog immediately
2025-09-14 10:27:52 - [INFO] - [DEBUG] Creating doctor selection dialog (attempt 1/3)...
2025-09-14 10:27:52 - [INFO] - [PATHS] Found YOLO model at: F:\projek dosen\prototype riset\hotspot-analyzer\models\hotspot_detection\models\model_detection_hs_yolov8.pt
2025-09-14 10:27:52 - [INFO] - [DEBUG] Dialog class imported successfully
2025-09-14 10:27:53 - [INFO] - [DEBUG] Dialog instance created successfully
2025-09-14 10:27:53 - [INFO] - [DEBUG] Dialog window properties set
2025-09-14 10:27:53 - [INFO] - [DEBUG] Showing dialog to user...
2025-09-14 10:27:53 - [INFO] - [DEBUG] Dialog shown successfully
2025-09-14 10:27:53 - [INFO] - [DEBUG] Waiting for user input...
2025-09-14 10:27:57 - [INFO] - [DEBUG] Dialog execution completed with result: 0
2025-09-14 10:27:57 - [INFO] - [DEBUG] Quick close detected: False
2025-09-14 10:27:57 - [INFO] - [DEBUG] User cancelled dialog, exiting application
2025-09-14 10:27:57 - [INFO] - [DEBUG] Shutting down application...
2025-09-14 10:27:57 - [INFO] - [DEBUG] Application exited with code: 0
2025-09-14 10:27:57 - [INFO] - Aplikasi terminated normally
